******************************************************************************
                  TI ARM Linker PC v20.2.1                     
******************************************************************************
>> Linked Wed Nov 25 05:13:09 2020

OUTPUT FILE NAME:   <coprocessor_CC1352R1_LAUNCHXL_tirtos_ccs.out>
ENTRY POINT SYMBOL: "ResetISR"  address: 00012015


MEMORY CONFIGURATION

         name            origin    length      used     unused   attr    fill
----------------------  --------  ---------  --------  --------  ----  --------
  FLASH                 00000000   0004e000  00016b6c  00037494  R  X
  FLASH_NV              0004e000   00008000  00008000  00000000  RW X
  FLASH_LAST            00056000   00002000  00002000  00000000  R  X
  SRAM                  20000000   00014000  00004266  0000fd9a  RW X


SEGMENT ALLOCATION MAP

run origin  load origin   length   init length attrs members
----------  ----------- ---------- ----------- ----- -------
00000000    00000000    00016b70   00016b70    r-x
  00000000    00000000    0000003c   0000003c    r-- .resetVecs
  0000003c    0000003c    0000246c   0000246c    r-- .const
  000024a8    000024a8    000141a4   000141a4    r-x .text.1
  00016650    00016650    00000520   00000520    r-- .cinit
0004e000    0004e000    00008000   00000000    rw-
  0004e000    0004e000    00008000   00000000    rw- .TI.bound:flashBuf0
00056000    00056000    00002000   00002000    r-x
  00056000    00056000    00001fa8   00001fa8    r-x .text.2
  00057fa8    00057fa8    00000058   00000058    r-- .ccfg
20000100    20000100    00003c32   00000000    rw-
  20000100    20000100    00000004   00000000    rw- .data:xdcRomConstPtr
  20000104    20000104    00000004   00000000    rw- .data:xdcRomExternFuncPtr
  20000108    20000108    00000004   00000000    rw- .data:xdcRomStatePtr
  2000010c    2000010c    00000010   00000000    rw- .data:RAM_MAC_BASE_ADDR
  20000120    20000120    00002c74   00000000    rw- .data
  20002d98    20002d98    00000f9a   00000000    rw- .bss
20013aa0    20013aa0    00000560   00000000    rw-
  20013aa0    20013aa0    00000560   00000000    rw- .stack


SECTION ALLOCATION MAP

 output                                  attributes/
section   page    origin      length       input sections
--------  ----  ----------  ----------   ----------------
.const     0    0000003c    0000246c     
                  0000003c    00000568     maclib_secure_cc13x2_zstack_subg.a : hmac_rom_init.obj (.const:HMAC_ROM_Flash_JT)
                  000005a4    000004c0     ti_radio_config.obj (.const:$O21$$)
                  00000a64    000003b8     app_cop_pem4f.oem4f (.const:ROM_constStruct)
                  00000e1c    00000258     maclib_secure_cc13x2_zstack_subg.a : fh_rom_init.obj (.const:FH_ROM_Flash_JT)
                  00001074    000001f0     rf_multiMode_cc13x2.aem4f : rf_patch_cpe_prop.c.cc13x2.ccs.o (.const:patchImageProp)
                  00001264    00000168                               : rf_patch_cpe_ieee_802_15_4.c.cc13x2.ccs.o (.const:patchImageIeee802154)
                  000013cc    00000144     mac_user_config.obj (.const:$O18$$)
                  00001510    0000012c     mac_cfg.obj (.const:FH_PibTbl)
                  0000163c    00000100     crc.obj (.const:.string:crc_table$20)
                  0000173c    000000fa     maclib_secure_cc13x2_zstack_subg.a : fh_global.obj (.const:FH_stateMatrix)
                  00001836    000000f8     mac_cfg.obj (.const:macPibTbl)
                  0000192e    00000001     ti_drivers_config.obj (.const:aesccmCC26XXHWAttrs)
                  0000192f    00000001     app_cop_pem4f.oem4f (.const:xdc_runtime_Text_charTab__A)
                  00001930    000000cc     maclib_secure_cc13x2_zstack_subg.a : lmac_rom_init.obj (.const:LMAC_ROM_Flash_JT)
                  000019fc    0000008c     mac_cfg.obj (.const:FHPIB_defaults)
                  00001a88    00000088     mac_cfg.obj (.const:macPibDefaults)
                  00001b10    00000080     drivers_cc13x2.a : Random.oem4f (.const:$P$T0$1)
                  00001b90    00000072     maclib_secure_cc13x2_zstack_subg.a : hmac_global.obj (.const:macAssociatingSt)
                  00001c02    00000072                                        : hmac_global.obj (.const:macIdleSt)
                  00001c74    00000072                                        : hmac_global.obj (.const:macPollingSt)
                  00001ce6    00000072                                        : hmac_global.obj (.const:macScanningSt)
                  00001d58    00000072                                        : hmac_global.obj (.const:macStartingSt)
                  00001dca    00000002     --HOLE-- [fill = 0]
                  00001dcc    0000006c                                        : icall_osal_rom_init.obj (.const:ICALL_OSAL_ROM_Flash_JT)
                  00001e38    0000006c     mac_user_config.obj (.const:macRfDriverTable)
                  00001ea4    00000058     mac_cfg.obj (.const:macSecurityPibTbl)
                  00001efc    00000054     drivers_cc13x2.a : PowerCC26X2.oem4f (.const:resourceDB)
                  00001f50    00000050     mac_cfg.obj (.const:macMRFSKStdPhyTable)
                  00001fa0    00000048     app_cop_pem4f.oem4f (.const:.string)
                  00001fe8    00000048     app_cop_pem4f.oem4f (.const:ROM_externFuncPtrs)
                  00002030    00000040     mac_user_config.obj (.const:macCryptoDriverTable)
                  00002070    00000040     maclib_secure_cc13x2_zstack_subg.a : hmac_global.obj (.const:macTimerRolloverValue)
                  000020b0    00000038     ti_drivers_config.obj (.const:$O1$$)
                  000020e8    00000038     maclib_secure_cc13x2_zstack_subg.a : hmac_global.obj (.const:macCmdIncludeFHIe)
                  00002120    00000028     drivers_cc13x2.a : NVSCC26XX.oem4f (.const:NVSCC26XX_fxnTable)
                  00002148    00000028                      : UARTCC26XX.oem4f (.const:UARTCC26XX_fxnTable)
                  00002170    00000028     app_cop_pem4f.oem4f (.const:ti_sysbios_heaps_HeapCallback_Module__FXNS__C)
                  00002198    00000028     ti_drivers_config.obj (.const:uartCC26XXHWAttrs)
                  000021c0    00000028     app_cop_pem4f.oem4f (.const:xdc_runtime_Startup_sfxnTab__A)
                  000021e8    00000024     drivers_cc13x2.a : UART.oem4f (.const:UART_defaultParams)
                  0000220c    00000024     app_cop_pem4f.oem4f (.const:ti_sysbios_gates_GateMutexPri_Module__FXNS__C)
                  00002230    00000020     rf_multiMode_cc13x2.aem4f : RFCC26X2_multiMode.c.cc13x2.ccs.o (.const:RF_defaultParams)
                  00002250    00000020     app_cop_pem4f.oem4f (.const:ti_sysbios_gates_GateMutexPri_Object__DESC__C)
                  00002270    00000020     app_cop_pem4f.oem4f (.const:ti_sysbios_heaps_HeapCallback_Object__DESC__C)
                  00002290    0000001c     app_cop_pem4f.oem4f (.const:ti_sysbios_heaps_HeapCallback_Object__PARAMS__C)
                  000022ac    00000018     maclib_secure_cc13x2_zstack_subg.a : hmac_global.obj (.const:macSendMsgBufSize)
                  000022c4    00000018     app_cop_pem4f.oem4f (.const:ti_sysbios_gates_GateMutexPri_Object__PARAMS__C)
                  000022dc    00000014     ti_drivers_config.obj (.const:PowerCC26X2_config)
                  000022f0    00000014     drivers_cc13x2.a : UARTCC26XX.oem4f (.const:parityType)
                  00002304    00000014     app_cop_pem4f.oem4f (.const:xdc_runtime_Startup_sfxnRts__A)
                  00002318    00000013     macTask.obj (.const:.string:msacbackSizeTable)
                  0000232b    00000001     --HOLE-- [fill = 0]
                  0000232c    00000010     drivers_cc13x2.a : AESCCM.oem4f (.const:AESCCM_defaultParams)
                  0000233c    00000010                      : TRNG.oem4f (.const:TRNG_defaultParams)
                  0000234c    00000010                      : UARTCC26XX.oem4f (.const:dataLength)
                  0000235c    00000010     maclib_secure_cc13x2_zstack_subg.a : hmac_global.obj (.const:macIEEEPhyTable)
                  0000236c    0000000e                                        : hmac_global.obj (.const:.string:macCmdBufSize)
                  0000237a    0000000e                                        : hmac_global.obj (.const:.string:macTxFrameFailed)
                  00002388    0000000e                                        : hmac_global.obj (.const:.string:macTxFrameSuccess)
                  00002396    00000002     --HOLE-- [fill = 0]
                  00002398    0000000c     mt_sys.obj (.const:$O6$$)
                  000023a4    0000000c     drivers_cc13x2.a : Random.oem4f (.const:$P$T1$2)
                  000023b0    0000000c     maclib_secure_cc13x2_zstack_subg.a : hmac_global.obj (.const:.string:macCbackEventTbl)
                  000023bc    0000000c                                        : hmac_global.obj (.const:.string:macSendMsgDataSize)
                  000023c8    0000000c     ti_drivers_config.obj (.const:NVS_config)
                  000023d4    0000000c     ti_drivers_config.obj (.const:RFCC26XX_hwAttrs)
                  000023e0    0000000c     ti_drivers_config.obj (.const:UART_config)
                  000023ec    0000000c     app_cop_pem4f.oem4f (.const:xdc_runtime_Startup_firstFxns__A)
                  000023f8    0000000b     ti_drivers_config.obj (.const)
                  00002403    00000009     maclib_secure_cc13x2_zstack_subg.a : hmac_global.obj (.const:.string:macCmdLen)
                  0000240c    00000008                                        : mac_rx.obj (.const:$O27$$)
                  00002414    00000008     driverlib.lib : aux_sysif.obj (.const:$O36$$)
                  0000241c    00000008     main.obj (.const:.string:dummyExtAddr$1)
                  00002424    00000008     maclib_secure_cc13x2_zstack_subg.a : fh_global.obj (.const:.string:fhSupFrameTypes)
                  0000242c    00000008                                        : hmac_global.obj (.const:.string:macAuthTagLen)
                  00002434    00000008     ti_drivers_config.obj (.const:AESCCM_config)
                  0000243c    00000008     ti_drivers_config.obj (.const:PINCC26XX_hwAttrs)
                  00002444    00000008     ti_drivers_config.obj (.const:nvsCC26XXHWAttrs)
                  0000244c    00000008     drivers_cc13x2.a : UARTCC26XX.oem4f (.const:stopBits)
                  00002454    00000008     app_cop_pem4f.oem4f (.const:ti_sysbios_family_arm_m3_Hwi_excHookFuncs__A)
                  0000245c    00000006     drivers_cc13x2.a : UARTCC26XX.oem4f (.const:.string:rxFifoBytes)
                  00002462    00000006                      : UARTCC26XX.oem4f (.const:.string:rxFifoThreshold)
                  00002468    00000006                      : UARTCC26XX.oem4f (.const:.string:txFifoBytes)
                  0000246e    00000006                      : UARTCC26XX.oem4f (.const:.string:txFifoThreshold)
                  00002474    00000004     maclib_secure_cc13x2_zstack_subg.a : hmac_global.obj (.const:.string:macKeySourceLen)
                  00002478    00000004     drivers_cc13x2.a : NVS.oem4f (.const:NVS_defaultParams)
                  0000247c    00000004     app_cop_pem4f.oem4f (.const:ti_sysbios_gates_GateMutexPri_Instance_State_pendQ__O)
                  00002480    00000004     app_cop_pem4f.oem4f (.const:ti_sysbios_heaps_HeapCallback_Object__count__C)
                  00002484    00000004     app_cop_pem4f.oem4f (.const:ti_sysbios_heaps_HeapCallback_allocInstFxn__C)
                  00002488    00000004     app_cop_pem4f.oem4f (.const:ti_sysbios_heaps_HeapCallback_createInstFxn__C)
                  0000248c    00000004     app_cop_pem4f.oem4f (.const:ti_sysbios_heaps_HeapCallback_deleteInstFxn__C)
                  00002490    00000004     app_cop_pem4f.oem4f (.const:ti_sysbios_heaps_HeapCallback_freeInstFxn__C)
                  00002494    00000004     app_cop_pem4f.oem4f (.const:ti_sysbios_heaps_HeapCallback_getStatsInstFxn__C)
                  00002498    00000004     app_cop_pem4f.oem4f (.const:ti_sysbios_heaps_HeapCallback_initInstFxn__C)
                  0000249c    00000004     app_cop_pem4f.oem4f (.const:ti_sysbios_heaps_HeapCallback_isBlockingInstFxn__C)
                  000024a0    00000004     app_cop_pem4f.oem4f (.const:ti_sysbios_knl_Clock_tickPeriod__C)
                  000024a4    00000004     app_cop_pem4f.oem4f (.const:ti_sysbios_knl_Idle_funcList__A)

.cinit     0    00016650    00000520     
                  00016650    000004b6     (.cinit..data.load) [load image, compression = lzss]
                  00016b06    00000002     --HOLE-- [fill = 0]
                  00016b08    0000000c     (__TI_handler_table)
                  00016b14    00000004     --HOLE-- [fill = 0]
                  00016b18    00000008     (.cinit..bss.load) [load image, compression = zero_init]
                  00016b20    00000008     (.cinit..data:RAM_MAC_BASE_ADDR.load) [load image, compression = zero_init]
                  00016b28    00000008     (.cinit..data:xdcRomConstPtr.load) [load image, compression = lzss]
                  00016b30    00000008     (.cinit..data:xdcRomExternFuncPtr.load) [load image, compression = lzss]
                  00016b38    00000008     (.cinit..data:xdcRomStatePtr.load) [load image, compression = lzss]
                  00016b40    00000030     (__TI_cinit_table)

.init_array 
*          0    00000000    00000000     UNINITIALIZED

.TI.bound:flashBuf0 
*          0    0004e000    00008000     UNINITIALIZED
                  0004e000    00008000     ti_drivers_config.obj (.TI.bound:flashBuf0)

.ccfg      0    00057fa8    00000058     
                  00057fa8    00000058     ti_devices_config.obj (.ccfg:retain)

.data:xdcRomConstPtr 
*          0    20000100    00000004     UNINITIALIZED
                  20000100    00000004     app_cop_pem4f.oem4f (.data:xdcRomConstPtr)

.data:xdcRomExternFuncPtr 
*          0    20000104    00000004     UNINITIALIZED
                  20000104    00000004     app_cop_pem4f.oem4f (.data:xdcRomExternFuncPtr)

.data:xdcRomStatePtr 
*          0    20000108    00000004     UNINITIALIZED
                  20000108    00000004     app_cop_pem4f.oem4f (.data:xdcRomStatePtr)

.data      0    20000120    00002c74     UNINITIALIZED
                  20000120    000008c4     macTask.obj (.data:$O16$$)
                  200009e4    00000004     maclib_secure_cc13x2_zstack_subg.a : mac_autopend.obj (.data:$O24$$)
                  200009e8    000004f8     rf_multiMode_cc13x2.aem4f : RFCC26X2_multiMode.c.cc13x2.ccs.o (.data:$O1$$)
                  20000ee0    000003e4     main.obj (.data:$O1$$)
                  200012c4    00000388     npi_task.obj (.data:$O11$$)
                  2000164c    00000318     ti_radio_config.obj (.data:$O20$$)
                  20001964    00000234     npi_tl.obj (.data:$O12$$)
                  20001b98    000001b0     mac_settings.obj (.data:$O17$$)
                  20001d48    00000198     zstack_subg_cb.obj (.data:$O14$$)
                  20001ee0    0000018c     maclib_osal_tirtos_cc13x2_26x2.a : osal_port.obj (.data:$O32$$)
                  2000206c    00000170     drivers_cc13x2.a : PowerCC26X2.oem4f (.data:PowerCC26X2_module)
                  200021dc    00000114     npi_rxbuf.obj (.data:$O10$$)
                  200022f0    0000010c     app_cop_pem4f.oem4f (.data:ROM_stateStruct)
                  200023fc    00000004     maclib_secure_cc13x2_zstack_subg.a : fh_global.obj (.data:macAddrSize)
                  20002400    000000a8                                        : mac.obj (.data:$O23$$)
                  200024a8    000000a0     mac_cfg.obj (.data:macMRFSKGenPhyTable)
                  20002548    00000078     nvocmp.obj (.data:$O19$$)
                  200025c0    0000006c     maclib_secure_cc13x2_zstack_subg.a : hmac_global.obj (.data:fhObject)
                  2000262c    00000054                                        : fh_global.obj (.data:FHIE_channelPlan)
                  20002680    0000004c     mcp.obj (.data:$O2$$)
                  200026cc    0000004c     app_cop_pem4f.oem4f (.data:ti_sysbios_knl_Task_Object__table__V)
                  20002718    00000048     app_cop_pem4f.oem4f (.data:ti_sysbios_family_arm_cc26xx_Timer_Object__table__V)
                  20002760    00000044     board_led.obj (.data:$O8$$)
                  200027a4    00000040     maclib_secure_cc13x2_zstack_subg.a : mac_radio.obj (.data:$O25$$)
                  200027e4    00000040     ti_radio_config.obj (.data:pOverrides_2gfsk500kbps154g)
                  20002824    0000003c     ti_radio_config.obj (.data:pOverrides_2gfsk100kbps154g868mhz)
                  20002860    0000003c     ti_radio_config.obj (.data:pOverrides_2gfsk100kbps154g915mhz)
                  2000289c    00000038     npi_tl_uart.obj (.data:$O13$$)
                  200028d4    00000038     app_cop_pem4f.oem4f (.data:ti_sysbios_gates_GateMutex_Object__table__V)
                  2000290c    00000034     api_mac.obj (.data:$O15$$)
                  20002940    00000034     maclib_secure_cc13x2_zstack_subg.a : hmac_global.obj (.data:macBeaconPayload)
                  20002974    00000030     mt_util.obj (.data:$O7$$)
                  200029a4    00000030     maclib_secure_cc13x2_zstack_subg.a : hmac_global.obj (.data)
                  200029d4    00000030     app_cop_pem4f.oem4f (.data:ti_sysbios_knl_Swi_Module_State_0_readyQ__A)
                  20002a04    00000030     app_cop_pem4f.oem4f (.data:ti_sysbios_knl_Swi_Object__table__V)
                  20002a34    00000030     app_cop_pem4f.oem4f (.data:ti_sysbios_knl_Task_Module_State_0_readyQ__A)
                  20002a64    0000002c     mt.obj (.data:$O3$$)
                  20002a90    0000002c     ti_radio_config.obj (.data:pOverrides_slr5kbps2gfsk)
                  20002abc    00000028     maclib_secure_cc13x2_zstack_subg.a : mac_symbol_timer.obj (.data:$O28$$)
                  20002ae4    00000028     ti_radio_config.obj (.data:pOverrides_2gfsk200kbps154g)
                  20002b0c    00000028     ti_radio_config.obj (.data:pOverrides_2gfsk50kbps154g)
                  20002b34    00000024     maclib_secure_cc13x2_zstack_subg.a : mac_tx.obj (.data:$O29$$)
                  20002b58    00000024     driverlib.lib : osc.obj (.data:$O34$$)
                  20002b7c    00000024     maclib_secure_cc13x2_zstack_subg.a : hmac_global.obj (.data:macActionSet)
                  20002ba0    00000020     drivers_cc13x2.a : TRNGCC26XX.oem4f (.data:entropyPoolBuffer)
                  20002bc0    00000020     mac_cfg.obj (.data:macBeaconMargin)
                  20002be0    00000020     app_cop_pem4f.oem4f (.data:ti_sysbios_knl_Clock_Object__table__V)
                  20002c00    00000020     app_cop_pem4f.oem4f (.data:xdc_runtime_Error_IgnoreBlock)
                  20002c20    00000018     app_cop_pem4f.oem4f (.data:ti_sysbios_family_arm_m3_Hwi_Object__table__V)
                  20002c38    00000014     maclib_secure_cc13x2_zstack_subg.a : mac_radio_tx.obj (.data:$O31$$)
                  20002c4c    00000014                                        : hmac_global.obj (.data:macStateTbl)
                  20002c60    00000010     maclib_osal_tirtos_cc13x2_26x2.a : osal_port_timers.obj (.data:$O33$$)
                  20002c70    00000010     mac_cfg.obj (.data:macCfg)
                  20002c80    0000000f     maclib_secure_cc13x2_zstack_subg.a : mac.obj (.data)
                  20002c8f    00000001     drivers_cc13x2.a : AESCCMCC26XX.oem4f (.data)
                  20002c90    0000000c     maclib_secure_cc13x2_zstack_subg.a : mac_hl_patch.obj (.data:$O22$$)
                  20002c9c    0000000c     npi_frame_mt.obj (.data:$O9$$)
                  20002ca8    0000000c     maclib_secure_cc13x2_zstack_subg.a : fh_global.obj (.data:FH_FSM)
                  20002cb4    0000000c     ti_radio_config.obj (.data:pOverrides_ieee154)
                  20002cc0    0000000c     app_cop_pem4f.oem4f (.data:ti_sysbios_heaps_HeapCallback_Object__table__V)
                  20002ccc    00000008     rtsv7M4_T_le_v4SPD16_eabi.lib : _lock.c.obj (.data:$O37$$)
                  20002cd4    00000008     mt_sys.obj (.data:$O5$$)
                  20002cdc    00000008     maclib_secure_cc13x2_zstack_subg.a : fh_global.obj (.data:FH_txTiming)
                  20002ce4    00000008     rf_multiMode_cc13x2.aem4f : RFCC26X2_multiMode.c.cc13x2.ccs.o (.data:RFCC26XX_schedulerPolicy)
                  20002cec    00000008     drivers_cc13x2.a : PINCC26XX.oem4f (.data)
                  20002cf4    00000008                      : TRNGCC26XX.oem4f (.data:jobList)
                  20002cfc    00000008     app_cop_pem4f.oem4f (.data:ti_sysbios_family_arm_m3_Hwi_Module__root__V)
                  20002d04    00000008     app_cop_pem4f.oem4f (.data:ti_sysbios_gates_GateHwi_Module__root__V)
                  20002d0c    00000008     app_cop_pem4f.oem4f (.data:ti_sysbios_gates_GateMutexPri_Module__root__V)
                  20002d14    00000008     app_cop_pem4f.oem4f (.data:ti_sysbios_gates_GateMutex_Module__root__V)
                  20002d1c    00000008     app_cop_pem4f.oem4f (.data:ti_sysbios_hal_Hwi_Module__root__V)
                  20002d24    00000008     app_cop_pem4f.oem4f (.data:ti_sysbios_heaps_HeapCallback_Module__root__V)
                  20002d2c    00000008     app_cop_pem4f.oem4f (.data:ti_sysbios_heaps_HeapMem_Module__root__V)
                  20002d34    00000008     app_cop_pem4f.oem4f (.data:ti_sysbios_knl_Clock_Module__root__V)
                  20002d3c    00000008     app_cop_pem4f.oem4f (.data:ti_sysbios_knl_Event_Module__root__V)
                  20002d44    00000008     app_cop_pem4f.oem4f (.data:ti_sysbios_knl_Mailbox_Module__root__V)
                  20002d4c    00000008     app_cop_pem4f.oem4f (.data:ti_sysbios_knl_Queue_Module__root__V)
                  20002d54    00000008     app_cop_pem4f.oem4f (.data:ti_sysbios_knl_Semaphore_Module__root__V)
                  20002d5c    00000008     app_cop_pem4f.oem4f (.data:ti_sysbios_knl_Swi_Module__root__V)
                  20002d64    00000008     app_cop_pem4f.oem4f (.data:ti_sysbios_knl_Task_Module__root__V)
                  20002d6c    00000004     maclib_osal_tirtos_cc13x2_26x2.a : osal_port.obj (.data)
                  20002d70    00000004     maclib_secure_cc13x2_zstack_subg.a : lmac_global.obj (.data)
                  20002d74    00000004     mt_mac.obj (.data)
                  20002d78    00000004     rtsv7M4_T_le_v4SPD16_eabi.lib : stkdepth_vars.c.obj (.data)
                  20002d7c    00000004     app_cop_pem4f.oem4f (.data:ti_sysbios_family_arm_m3_Hwi_Module_State_0_excContext__A)
                  20002d80    00000004     app_cop_pem4f.oem4f (.data:ti_sysbios_family_arm_m3_Hwi_Module_State_0_excStack__A)
                  20002d84    00000004     app_cop_pem4f.oem4f (.data:ti_sysbios_knl_Task_Module_State_0_idleTask__A)
                  20002d88    00000002     drivers_cc13x2.a : CryptoResourceCC26XX.oem4f (.data)
                  20002d8a    00000002                      : TRNGCC26XX.oem4f (.data)
                  20002d8c    00000002     app_cop_pem4f.oem4f (.data:ti_sysbios_family_arm_m3_Hwi_Module_State_0_excActive__A)
                  20002d8e    00000001     drivers_cc13x2.a : NVS.oem4f (.data)
                  20002d8f    00000001                      : UART.oem4f (.data)
                  20002d90    00000001     maclib_secure_cc13x2_zstack_subg.a : mac_sleep.obj (.data)
                  20002d91    00000001     npi_tl.obj (.data)
                  20002d92    00000001     rf_multiMode_cc13x2.aem4f : rf_patch_cpe_ieee_802_15_4.c.cc13x2.ccs.o (.data)
                  20002d93    00000001                               : rf_patch_cpe_prop.c.cc13x2.ccs.o (.data)

.bss       0    20002d98    00000f9a     UNINITIALIZED
                  20002d98    00000200     app_cop_pem4f.oem4f (.bss:taskStackSection)
                  20002f98    000001b4     (.common:uartCC26XXObjects)
                  2000314c    000000fc     (.common:enhancedAckBuf)
                  20003248    000000f8     maclib_secure_cc13x2_zstack_subg.a : mac_radio.obj (.bss:RF_object$28)
                  20003340    000000d8     (.common:ti_sysbios_family_arm_m3_Hwi_dispatchTable)
                  20003418    0000009c                                        : mac_duty_cycle.obj (.bss:$O30$$)
                  200034b4    0000008c     (.common:FHPIB_db)
                  20003540    00000088     (.common:FH_hnd)
                  200035c8    00000088     (.common:macPib)
                  20003650    0000007c     (.common:pinHandleTable)
                  200036cc    0000007a     (.common:FHNT_tableOpt)
                  20003746    00000001                                        : mac_tx.obj (.bss)
                  20003747    00000001     rf_multiMode_cc13x2.aem4f : RFCC26X2_multiMode.c.cc13x2.ccs.o (.bss)
                  20003748    00000054     (.common:macScan)
                  2000379c    00000050     drivers_cc13x2.a : PINCC26XX.oem4f (.bss:pinSemaphore)
                  200037ec    00000050     (.common:CryptoResourceCC26XX_accessSemaphore)
                  2000383c    00000050     (.common:CryptoResourceCC26XX_operationSemaphore)
                  2000388c    00000042     (.common:FHFSM_Dbg)
                  200038ce    00000001     (.common:driverlib_release_0_59146)
                  200038cf    00000001     (.common:macAckTxActive)
                  200038d0    00000040     (.common:macSecurityPib)
                  20003910    0000003c     (.common:macBeaconCoord)
                  2000394c    00000038     (.common:FHNT_hnd)
                  20003984    00000038     (.common:macDeviceAction1)
                  200039bc    00000034                      : PINCC26XX.oem4f (.bss:pinSwi)
                  200039f0    00000034     (.common:macBeaconDevice)
                  20003a24    00000030     (.common:macMgmtAction1)
                  20003a54    0000002c     (.common:macCoord)
                  20003a80    0000002c     (.common:macDevice)
                  20003aac    00000028     maclib_secure_cc13x2_zstack_subg.a : mac_rx.obj (.bss:$O26$$)
                  20003ad4    00000028     mt_ext.obj (.bss:$O4$$)
                  20003afc    00000020     drivers_cc13x2.a : PINCC26XX.oem4f (.bss:pinGpioConfigTable)
                  20003b1c    00000020     ti_drivers_config.obj (.bss:uartCC26XXRingBuffer0)
                  20003b3c    00000020     (.common:macBeacon)
                  20003b5c    0000001c     drivers_cc13x2.a : TRNGCC26XX.oem4f (.bss:TRNGCC26XX_hwi)
                  20003b78    0000001c                      : TRNGCC26XX.oem4f (.bss:entropyPool)
                  20003b94    0000001c                      : PINCC26XX.oem4f (.bss:pinHwi)
                  20003bb0    0000001c     (.common:CryptoResourceCC26XX_hwi)
                  20003bcc    0000001c     (.common:macCoordAction2)
                  20003be8    0000001c     (.common:macReset)
                  20003c04    00000018     (.common:aesccmCC26XXObjects)
                  20003c1c    00000018     (.common:macScanAction)
                  20003c34    00000014     rf_multiMode_cc13x2.aem4f : RFCC26X2_multiMode.c.cc13x2.ccs.o (.bss:RF_ratSyncCmd)
                  20003c48    00000014     drivers_cc13x2.a : Random.oem4f (.bss:state)
                  20003c5c    00000014     (.common:macDeviceAction2)
                  20003c70    00000014     (.common:macMgmtAction2)
                  20003c84    00000010     (.common:macBeaconDeviceAction)
                  20003c94    00000010     (.common:macCoordAction3)
                  20003ca4    00000010     (.common:macData)
                  20003cb4    00000010     (.common:macDataTxDelay)
                  20003cc4    0000000c                      : NVSCC26XX.oem4f (.bss)
                  20003cd0    0000000c     (.common:macMain)
                  20003cdc    00000008     (.common:FHNT_tempTable)
                  20003ce4    00000008     (.common:macBeaconCoordAction1)
                  20003cec    00000008     (.common:macCoordAction1)
                  20003cf4    00000006     (.common:FHNT_Dbg)
                  20003cfa    00000001     (.common:macMgmt)
                  20003cfb    00000001     (.common:macPanCoordinator)
                  20003cfc    00000004                      : PINCC26XX.oem4f (.bss)
                  20003d00    00000004     (.common:AESCCM_handle)
                  20003d04    00000004     (.common:FH_test_var)
                  20003d08    00000004     (.common:PowerCC26XX_swiKey)
                  20003d0c    00000004     (.common:PowerCC26XX_taskKey)
                  20003d10    00000004     (.common:macCryptoDrvTblPtr)
                  20003d14    00000004     (.common:macRxSymbol)
                  20003d18    00000004     (.common:macTimerActive)
                  20003d1c    00000004     (.common:nvsCC26XXObjects)
                  20003d20    00000004     (.common:timerAlignedQ)
                  20003d24    00000004     (.common:timerUnalignedQ)
                  20003d28    00000001     (.common:macPhyChannel)
                  20003d29    00000001     (.common:macPwr)
                  20003d2a    00000001     (.common:macRxActive)
                  20003d2b    00000001     (.common:macRxEnableFlags)
                  20003d2c    00000001     (.common:macRxOutgoingAckFlag)
                  20003d2d    00000001     (.common:macSymbolTimerImpending)
                  20003d2e    00000001     (.common:macTaskId)
                  20003d2f    00000001     (.common:macTxActive)
                  20003d30    00000001     (.common:macUnitBackoffPeriod)
                  20003d31    00000001     (.common:rxFhRsl)

.vtable    0    20003d32    00000000     UNINITIALIZED

.vtable_ram 
*          0    20003d32    00000000     UNINITIALIZED

vtable_ram 
*          0    20003d32    00000000     UNINITIALIZED

.sysmem    0    20003d32    00000000     UNINITIALIZED

.nonretenvar 
*          0    20003d32    00000000     UNINITIALIZED

.stack     0    20013aa0    00000560     UNINITIALIZED
                  20013aa0    00000560     --HOLE--

.bootVecs 
*          0    00000000    00000008     DSECT
                  00000000    00000008     boot.aem4f : boot.oem4f (.bootVecs)

.resetVecs 
*          0    00000000    0000003c     
                  00000000    0000003c     app_cop_pem4f.oem4f (.resetVecs)

.vecs      0    20000000    000000d8     NOLOAD SECTION
                  20000000    000000d8     app_cop_pem4f.oem4f (.vecs)

xdc.meta   0    00000000    00000122     COPY SECTION
                  00000000    00000122     app_cop_pem4f.oem4f (xdc.meta)

xdc.noload 
*          0    00000000    00000000     COPY SECTION

.data:RAM_MAC_BASE_ADDR 
*          0    2000010c    00000010     UNINITIALIZED
                  2000010c    00000010     maclib_secure_cc13x2_zstack_subg.a : rom_init_154.obj (.data:RAM_MAC_BASE_ADDR)

.text.1    0    000024a8    000141a4     
                  000024a8    000004b0     rf_multiMode_cc13x2.aem4f : RFCC26X2_multiMode.c.cc13x2.ccs.o (.text:RF_fsmActiveState)
                  00002958    00000468     maclib_secure_cc13x2_zstack_subg.a : mac_radio_tx.obj (.text:macRadioTxGoSubG$38)
                  00002dc0    00000444                                        : mac_hl_patch.obj (.text:macWrapperAddDevice)
                  00003204    00000434     nvocmp.obj (.text:NVOCMP_initNv$21)
                  00003638    000003ac     maclib_secure_cc13x2_zstack_subg.a : mac.obj (.text:macRxCb)
                  000039e4    0000037c                                        : mac_rx.obj (.text:rxPayloadIsr$29)
                  00003d60    00000330     api_mac.obj (.text:processIncomingICallMsg$15)
                  00004090    00000318     maclib_secure_cc13x2_zstack_subg.a : mac_hl_patch.obj (.text:macBuildHeader)
                  000043a8    00000310                                        : mac_radio_tx.obj (.text:macRadioCsmaTxCb)
                  000046b8    000002ec                                        : mac_tx.obj (.text:macTxFrame)
                  000049a4    000002e0                                        : mac_hl_patch.obj (.text:macScanNextChan)
                  00004c84    000002dc     npi_task.obj (.text:NPITask_Fxn)
                  00004f60    000002c0     nvocmp.obj (.text:NVOCMP_compactPage$21)
                  00005220    000002c0     mcp.obj (.text:processMsg$2)
                  000054e0    00000284     maclib_secure_cc13x2_zstack_subg.a : mac_ebeacon.obj (.text:macRxEnhancedBeaconReq)
                  00005764    00000280                                        : mac_pwr.obj (.text:macPwrVote)
                  000059e4    00000274     nvocmp.obj (.text:NVOCMP_compact$21)
                  00005c58    0000025c     maclib_secure_cc13x2_zstack_subg.a : mac_tx.obj (.text:txCsmaPrep$32)
                  00005eb4    00000228     mt_sys.obj (.text:MtSys_commandProcessing)
                  000060dc    00000220     main.obj (.text:taskFxn$1)
                  000062fc    0000021c     maclib_secure_cc13x2_zstack_subg.a : mac.obj (.text:macSendReceiveCmdIeee)
                  00006518    00000218                                        : mac_radio.obj (.text:macRadioInitSubG)
                  00006730    00000214                                        : mac.obj (.text:macSendReceiveCmdSubG)
                  00006944    00000210     rf_multiMode_cc13x2.aem4f : RFCC26X2_multiMode.c.cc13x2.ccs.o (.text:RF_scheduleCmd)
                  00006b54    00000208     nvocmp.obj (.text:NVOCMP_addItem$21)
                  00006d5c    00000200     rf_multiMode_cc13x2.aem4f : RFCC26X2_multiMode.c.cc13x2.ccs.o (.text:RF_open)
                  00006f5c    000001f4     maclib_secure_cc13x2_zstack_subg.a : mac_radio_tx.obj (.text:macRadioTxAck$38)
                  00007150    000001e0     drivers_cc13x2.a : PINCC26XX.oem4f (.text:PIN_init)
                  00007330    000001e0     maclib_secure_cc13x2_zstack_subg.a : mac_hl_patch.obj (.text:macWrapperAddKeyInitFCtr)
                  00007510    000001d4     rf_multiMode_cc13x2.aem4f : RFCC26X2_multiMode.c.cc13x2.ccs.o (.text:RF_dispatchNextCmd)
                  000076e4    000001ac     maclib_secure_cc13x2_zstack_subg.a : mac_hl_patch.obj (.text:macRxBeaconCritical)
                  00007890    000001a4                                        : mac_hl_patch.obj (.text:macWrapperDeleteKeyAndAssociatedDevices)
                  00007a34    000001a0                                        : mac_radio_tx.obj (.text:macRadioTxGoIeee$38)
                  00007bd4    0000019c                                        : mac_hl_patch.obj (.text:macIncomingFrameSecurityMaterialRetrieval)
                  00007d70    00000198     drivers_cc13x2.a : PowerCC26X2.oem4f (.text:Power_sleep)
                  00007f08    00000198     maclib_secure_cc13x2_zstack_subg.a : mac_hl_patch.obj (.text:macWrapperDeleteDevice)
                  000080a0    00000190     drivers_cc13x2.a : PowerCC26X2_calibrateRCOSC.oem4f (.text:calibrateRcoscHf1)
                  00008230    0000018c     maclib_secure_cc13x2_zstack_subg.a : mac_hl_patch.obj (.text:macIncomingFrameSecurity)
                  000083bc    0000018c     drivers_cc13x2.a : PowerCC26X2_calibrateRCOSC.oem4f (.text:runCalibrateFsm)
                  00008548    0000017c     mt_mac.obj (.text:MtMac_BeaconNotifyInd)
                  000086c4    00000178     maclib_secure_cc13x2_zstack_subg.a : mac_hl_patch.obj (.text:macSetDefaultsByPhyID)
                  0000883c    00000174     mt_util.obj (.text:MtUtil_commandProcessing)
                  000089b0    00000174     drivers_cc13x2.a : PowerCC26X2.oem4f (.text:Power_init)
                  00008b24    0000016c     maclib_secure_cc13x2_zstack_subg.a : mac_radio_tx.obj (.text:macRadioTxPrepCsmaUnslotted)
                  00008c90    00000164     drivers_cc13x2.a : UARTCC26XX.oem4f (.text:UARTCC26XX_open)
                  00008df4    00000164     maclib_secure_cc13x2_zstack_subg.a : mac_hl_patch.obj (.text:macWrapperDeleteAllDevices)
                  00008f58    00000164                                        : mac_tx.obj (.text:txCsmaDelay)
                  000090bc    00000158     driverlib.lib : sys_ctrl.obj (.text:NOROM_SysCtrlStandby)
                  00009214    00000154     mt.obj (.text:MT_sendResponse)
                  00009368    00000154     nvocmp.obj (.text:NVOCMP_findItem$21)
                  000094bc    00000154     rf_multiMode_cc13x2.aem4f : RFCC26X2_multiMode.c.cc13x2.ccs.o (.text:RF_radioOpDoneCb)
                  00009610    00000154     drivers_cc13x2.a : UARTCC26XX.oem4f (.text:UARTCC26XX_hwiIntFxn)
                  00009764    0000014c     maclib_secure_cc13x2_zstack_subg.a : mac_hl_patch.obj (.text:macScanRxBeacon)
                  000098b0    00000148     rf_multiMode_cc13x2.aem4f : RFCC26X2_multiMode.c.cc13x2.ccs.o (.text:RF_fsmSetupState)
                  000099f8    00000148     maclib_secure_cc13x2_zstack_subg.a : mac_radio_tx.obj (.text:macRadioLbtTxCb)
                  00009b40    00000140     drivers_cc13x2.a : AESCCMCC26XX.oem4f (.text:AESCCM_startOperation)
                  00009c80    0000013c     rf_multiMode_cc13x2.aem4f : RFCC26X2_multiMode.c.cc13x2.ccs.o (.text:RF_ratSetupChannel)
                  00009dbc    0000013a     drivers_cc13x2.a : UARTCC26XX.oem4f (.text:UARTCC26XX_read)
                  00009ef6    00000002     ti_drivers_config.obj (.text:Board_initHook)
                  00009ef8    00000138     drivers_cc13x2.a : NVSCC26XX.oem4f (.text:NVSCC26XX_write)
                  0000a030    00000138     rf_multiMode_cc13x2.aem4f : RFCC26X2_multiMode.c.cc13x2.ccs.o (.text:RF_abortCmd)
                  0000a168    00000138     maclib_secure_cc13x2_zstack_subg.a : mac_hl_patch.obj (.text:macBuildDataFrame)
                  0000a2a0    00000138                                        : mac_low_level.obj (.text:macLowLevelBufferInit)
                  0000a3d8    00000130                                        : mac_radio.obj (.text:macRadioInitIeee)
                  0000a508    00000120     rf_multiMode_cc13x2.aem4f : RFCC26X2_multiMode.c.cc13x2.ccs.o (.text:RF_close)
                  0000a628    00000120     drivers_cc13x2.a : PowerCC26X2.oem4f (.text:configureXOSCHF)
                  0000a748    00000118     maclib_secure_cc13x2_zstack_subg.a : mac.obj (.text:macSetupRATChanCompare)
                  0000a860    00000114     macTask.obj (.text:MAC_CbackEvent)
                  0000a974    00000114     drivers_cc13x2.a : PINCC26XX.oem4f (.text:PINCC26XX_setIoCfg)
                  0000aa88    00000112     rf_multiMode_cc13x2.aem4f : RFCC26X2_multiMode.c.cc13x2.ccs.o (.text:RF_decodeOverridePointers)
                  0000ab9a    00000002                               : rfc.c.cc13x2.ccs.o (.text:NOROM_RFCCpePatchReset)
                  0000ab9c    00000110     maclib_secure_cc13x2_zstack_subg.a : mac_hl_patch.obj (.text:macEdScanISR)
                  0000acac    0000010c     driverlib.lib : setup.obj (.text:TrimAfterColdResetWakeupFromShutDown$57)
                  0000adb8    0000010c     mt_mac.obj (.text:macDataReq$5)
                  0000aec4    00000106     app_cop_pem4f.oem4f (.text:xdc_runtime_System_printfExtend__I)
                  0000afca    00000002     rf_multiMode_cc13x2.aem4f : RFCC26X2_multiMode.c.cc13x2.ccs.o (.text:RF_defaultCallback)
                  0000afcc    00000104                               : RFCC26X2_multiMode.c.cc13x2.ccs.o (.text:RF_hwiCpe0Active)
                  0000b0d0    000000fc     maclib_secure_cc13x2_zstack_subg.a : mac_hl_patch.obj (.text:macOutgoingFrameKeyDescRetrieval)
                  0000b1cc    000000f0     rf_multiMode_cc13x2.aem4f : RFCC26X2_multiMode.c.cc13x2.ccs.o (.text:RF_fsmPowerUpState)
                  0000b2bc    000000f0     maclib_secure_cc13x2_zstack_subg.a : mac_hl_patch.obj (.text:macRxBeacon)
                  0000b3ac    000000ec     nvocmp.obj (.text:NVOCMP_cleanPage$21)
                  0000b498    000000ec     maclib_secure_cc13x2_zstack_subg.a : mac.obj (.text:macGetRFCmdDuration)
                  0000b584    000000e8                                        : mac.obj (.text:macSetupReceiveCmd)
                  0000b66c    000000e4                                        : mac_hl_patch.obj (.text:macOutgoingFrameSecurity)
                  0000b750    000000e4                                        : mac_hl_patch.obj (.text:macScanRxCoordRealign)
                  0000b834    000000e4                                        : mac_tx.obj (.text:macTxChannelBusyCallback)
                  0000b918    000000e4                                        : mac_rx.obj (.text:rxPostRxUpdates$29)
                  0000b9fc    000000e0     drivers_cc13x2.a : UARTCC26XX.oem4f (.text:UARTCC26XX_write)
                  0000badc    000000e0     mt_mac.obj (.text:macStartReq$5)
                  0000bbbc    000000dc     maclib_secure_cc13x2_zstack_subg.a : mac_hl_patch.obj (.text:macBuildHeaderIes)
                  0000bc98    000000d8     rf_multiMode_cc13x2.aem4f : RFCC26X2_multiMode.c.cc13x2.ccs.o (.text:RF_control)
                  0000bd70    000000d8                               : RFCC26X2_multiMode.c.cc13x2.ccs.o (.text:RF_pendCmd)
                  0000be48    000000d8     maclib_secure_cc13x2_zstack_subg.a : mac_hl_patch.obj (.text:macCcmStarTransform)
                  0000bf20    000000d8                                        : mac_tx.obj (.text:txComplete)
                  0000bff8    000000d4                                        : mac_hl_patch.obj (.text:MAC_MlmeScanReq)
                  0000c0cc    000000d2     mt_mac.obj (.text:MtMac_ScanCnf)
                  0000c19e    000000d2     rf_multiMode_cc13x2.aem4f : RFCC26X2_multiMode.c.cc13x2.ccs.o (.text:RF_updatePaConfiguration)
                  0000c270    000000d0                               : RFCC26X2_multiMode.c.cc13x2.ccs.o (.text:RF_swiHw)
                  0000c340    000000d0     maclib_secure_cc13x2_zstack_subg.a : mac_radio_tx.obj (.text:macRadioTxAckCb$38)
                  0000c410    000000cc                                        : mac_timer.obj (.text:macSymbolTimerTriggerCallback)
                  0000c4dc    000000ca     mt_mac.obj (.text:dataInd$5)
                  0000c5a6    00000002     rtsv7M4_T_le_v4SPD16_eabi.lib : _lock.c.obj (.text:_nop)
                  0000c5a8    000000c8     dpl_cc13x2.a : PowerCC26X2_tirtos.oem4f (.text:PowerCC26XX_standbyPolicy)
                  0000c670    000000c4     maclib_secure_cc13x2_zstack_subg.a : mac_hl_patch.obj (.text:macApiStartReq)
                  0000c734    000000c0                                        : mac_pwr.obj (.text:MAC_PwrOffReq)
                  0000c7f4    000000c0     nvocmp.obj (.text:NVOCMP_erase$21)
                  0000c8b4    000000c0     drivers_cc13x2.a : PowerCC26X2.oem4f (.text:Power_releaseDependency)
                  0000c974    000000c0                      : UARTCC26XX.oem4f (.text:UARTCC26XX_initIO)
                  0000ca34    000000c0     maclib_secure_cc13x2_zstack_subg.a : mac_hl_patch.obj (.text:macCoordReset)
                  0000caf4    000000c0                                        : mac_hl_patch.obj (.text:macMgmtReset)
                  0000cbb4    000000bc     rf_multiMode_cc13x2.aem4f : RFCC26X2_multiMode.c.cc13x2.ccs.o (.text:RF_initRadioSetup)
                  0000cc70    000000bc     maclib_secure_cc13x2_zstack_subg.a : mac_hl_patch.obj (.text:macAutoPoll)
                  0000cd2c    000000b8     drivers_cc13x2.a : PowerCC26X2.oem4f (.text:Power_setDependency)
                  0000cde4    000000b8                      : UARTCC26XX.oem4f (.text:UARTCC26XX_initHw)
                  0000ce9c    000000b4                      : TRNGCC26XX.oem4f (.text:TRNG_generateEntropy)
                  0000cf50    000000b0     maclib_secure_cc13x2_zstack_subg.a : mac_autopend.obj (.text:MAC_SrcMatchAddEntry)
                  0000d000    000000b0                                        : mac_ebeacon.obj (.text:macBuildEBeaconNotifyInd)
                  0000d0b0    000000b0                                        : mac_radio.obj (.text:macRadioUpdateTxPower)
                  0000d160    000000b0                                        : mac.obj (.text:macStopCmd)
                  0000d210    000000ae     mt_mac.obj (.text:macScanReq$5)
                  0000d2be    00000002     main.obj (.text:assertHandler)
                  0000d2c0    000000ac     nvocmp.obj (.text:NVOCMP_readContItemApi$21)
                  0000d36c    000000ac     drivers_cc13x2.a : PINCC26XX.oem4f (.text:PIN_open)
                  0000d418    000000ac     maclib_secure_cc13x2_zstack_subg.a : mac_hl_patch.obj (.text:macApiBeaconStartReq)
                  0000d4c4    000000ac     macTask.obj (.text:macTaskInit)
                  0000d570    000000a8     driverlib.lib : setup.obj (.text:NOROM_SetupTrimDevice)
                  0000d618    000000a8     nvocmp.obj (.text:NVOCMP_initNvApi$21)
                  0000d6c0    000000a8     maclib_secure_cc13x2_zstack_subg.a : mac_hl_patch.obj (.text:macBeaconCheckTxTime)
                  0000d768    000000a8                                        : mac_hl_patch.obj (.text:macTrackTimeoutCallback)
                  0000d810    000000a4     rf_multiMode_cc13x2.aem4f : RFCC26X2_multiMode.c.cc13x2.ccs.o (.text:RF_ratRestartChannels)
                  0000d8b4    000000a4     maclib_secure_cc13x2_zstack_subg.a : mac_hl_patch.obj (.text:macCcmStarInverseTransform)
                  0000d958    000000a4                                        : mac_radio_tx.obj (.text:macRadioTxPrepLbt)
                  0000d9fc    000000a0     rf_multiMode_cc13x2.aem4f : RFCC26X2_multiMode.c.cc13x2.ccs.o (.text:RF_requestAccess)
                  0000da9c    000000a0     auto_init.aem4f : auto_init.oem4f (.text)
                  0000db3c    000000a0     maclib_secure_cc13x2_zstack_subg.a : mac_hl_patch.obj (.text:macBlacklistChecking)
                  0000dbdc    000000a0                                        : mac_radio.obj (.text:macRadioStartScan)
                  0000dc7c    000000a0     rom_sysbios.aem4f : rom_sysbios.obj (.text:ti_sysbios_knl_Task_setPri__E)
                  0000dd1c    0000009c     nvocmp.obj (.text:NVOCMP_readHeader$21)
                  0000ddb8    0000009c     maclib_secure_cc13x2_zstack_subg.a : mac_duty_cycle.obj (.text:macDutyCycleNotify$33)
                  0000de54    0000009c                                        : mac_radio.obj (.text:macRadioUpdateChannel)
                  0000def0    0000009c                                        : mac_radio.obj (.text:macRadioUpdateChannelRx)
                  0000df8c    0000009c                                        : mac_rx_onoff.obj (.text:macRxOffRequest)
                  0000e028    0000009c                                        : mac_timer.obj (.text:macTimerRealign)
                  0000e0c4    0000009c     rtsv7M4_T_le_v4SPD16_eabi.lib : memcpy_t2.asm.obj (.text)
                  0000e160    0000009c     mt_ext.obj (.text:sendFragment$4)
                  0000e1fc    00000098     npi_tl_uart.obj (.text:NPITLUART_initializeTransport)
                  0000e294    00000098     nvocmp.obj (.text:NVOCMP_updateItemApi$21)
                  0000e32c    00000098     rf_multiMode_cc13x2.aem4f : RFCC26X2_multiMode.c.cc13x2.ccs.o (.text:RF_calculateDispatchTime)
                  0000e3c4    00000098     api_mac.obj (.text:processBeaconNotifyInd$15)
                  0000e45c    00000098     mt_mac.obj (.text:sendCRSP$5)
                  0000e4f4    00000098     drivers_cc13x2.a : UARTCC26XX.oem4f (.text:writeTxFifoFlush)
                  0000e58c    00000096     mt_mac.obj (.text:macAddDeviceReq$5)
                  0000e622    00000096     rtsv7M4_T_le_v4SPD16_eabi.lib : ull_div_t2.asm.obj (.text)
                  0000e6b8    00000094     nvocmp.obj (.text:NVOCMP_getDstPage$21)
                  0000e74c    00000094     drivers_cc13x2.a : TRNGCC26XX.oem4f (.text:TRNGCC26XX_hwiFxn)
                  0000e7e0    00000094     board_led.obj (.text:board_led_blinkTimeoutCB$8)
                  0000e874    00000094     maclib_secure_cc13x2_zstack_subg.a : mac_hl_patch.obj (.text:macIncomingSecurityLevelChecking)
                  0000e908    00000094                                        : mac.obj (.text:macRatCb_A)
                  0000e99c    00000094                                        : mac.obj (.text:macSetupFsCmd)
                  0000ea30    00000092     drivers_cc13x2.a : UARTCC26XX.oem4f (.text:UARTCC26XX_writeCancel)
                  0000eac2    00000002                      : PowerCC26X2.oem4f (.text:emptyClockFunc)
                  0000eac4    00000090     maclib_secure_cc13x2_zstack_subg.a : mac_hl_patch.obj (.text:MAC_ResumeReq)
                  0000eb54    00000090     rf_multiMode_cc13x2.aem4f : RFCC26X2_multiMode.c.cc13x2.ccs.o (.text:RF_discardPendCmd)
                  0000ebe4    00000090                               : RFCC26X2_multiMode.c.cc13x2.ccs.o (.text:RF_getInfo)
                  0000ec74    00000090     maclib_secure_cc13x2_zstack_subg.a : mac_hl_patch.obj (.text:macCcmDecrypt)
                  0000ed04    00000090                                        : mac_hl_patch.obj (.text:macTrackStartCallback)
                  0000ed94    0000008c     api_mac.obj (.text:ApiMac_mlmeGetReqArrayLen)
                  0000ee20    0000008c     npi_task.obj (.text:NPITask_inititializeTask$11)
                  0000eeac    0000008c     maclib_osal_tirtos_cc13x2_26x2.a : osal_port.obj (.text:OsalPort_heapMalloc$51)
                  0000ef38    0000008c                                      : osal_port.obj (.text:OsalPort_setTimer)
                  0000efc4    0000008c     api_mac.obj (.text:copyDataInd$15)
                  0000f050    0000008c     maclib_secure_cc13x2_zstack_subg.a : mac_hl_patch.obj (.text:macCcmEncrypt)
                  0000f0dc    0000008c                                        : mac_radio_tx.obj (.text:macRadioTxEnhAckCb)
                  0000f168    0000008c     rom_sysbios.aem4f : rom_sysbios.obj (.text:ti_sysbios_gates_GateMutexPri_enter__E)
                  0000f1f4    00000088     api_mac.obj (.text:ApiMac_mlmeSetReqArray)
                  0000f27c    00000088     maclib_secure_cc13x2_zstack_subg.a : mac_autopend.obj (.text:MAC_SrcMatchEnable)
                  0000f304    00000088     driverlib.lib : osc.obj (.text:NOROM_OSCHF_AttemptToSwitchToXosc)
                  0000f38c    00000088     nvocmp.obj (.text:NVOCMP_deleteItemApi$21)
                  0000f414    00000088     rf_multiMode_cc13x2.aem4f : RFCC26X2_multiMode.c.cc13x2.ccs.o (.text:RF_cmdDispatchTime)
                  0000f49c    00000088                               : RFCC26X2_multiMode.c.cc13x2.ccs.o (.text:RF_getTxPower)
                  0000f524    00000088     drivers_cc13x2.a : PowerCC26X2_calibrateRCOSC.oem4f (.text:calibrateRcoscHf2)
                  0000f5ac    00000088                      : PowerCC26X2.oem4f (.text:disableLFClockQualifiers)
                  0000f634    00000088     maclib_secure_cc13x2_zstack_subg.a : mac_hl_patch.obj (.text:macKeyDescriptorLookup)
                  0000f6bc    00000088                                        : mac_mcu.obj (.text:macMcuOverflowSetPeriod)
                  0000f744    00000088                                        : mac_symbol_timer.obj (.text:macSymbolTimerInit)
                  0000f7cc    00000088     drivers_cc13x2.a : PowerCC26X2_calibrateRCOSC.oem4f (.text:updateSubSecInc)
                  0000f854    00000084     npi_tl.obj (.text:NPITL_writeTL)
                  0000f8d8    00000084     nvocmp.obj (.text:NVOCMP_createItemApi$21)
                  0000f95c    00000084     rf_multiMode_cc13x2.aem4f : RFCC26X2_multiMode.c.cc13x2.ccs.o (.text:RF_issueRadioFreeCb)
                  0000f9e0    00000084                               : RFCC26X2_multiMode.c.cc13x2.ccs.o (.text:RF_verifyGap)
                  0000fa64    00000084     drivers_cc13x2.a : UARTCC26XX.oem4f (.text:UARTCC26XX_close)
                  0000fae8    00000084     maclib_secure_cc13x2_zstack_subg.a : mac_timer.obj (.text:macTimerUpdateSymbolTimer)
                  0000fb6c    00000080     api_mac.obj (.text:ApiMac_init)
                  0000fbec    00000080     npi_tl_uart.obj (.text:NPITLUART_readCallBack$13)
                  0000fc6c    00000080     drivers_cc13x2.a : NVSCC26XX.oem4f (.text:NVSCC26XX_open)
                  0000fcec    00000080     maclib_secure_cc13x2_zstack_subg.a : mac_mcu.obj (.text:macMcuOverflowSetCompare)
                  0000fd6c    00000080                                        : mac_radio.obj (.text:macRadioWakeupCb)
                  0000fdec    00000080                                        : mac_autopend.obj (.text:macSrcMatchCheckSrcAddr$25)
                  0000fe6c    00000080                                        : mac_radio.obj (.text:scheduleNopWakeupCmd)
                  0000feec    00000080     rom_sysbios.aem4f : rom_sysbios.obj (.text:ti_sysbios_family_arm_cc26xx_Timer_start__E)
                  0000ff6c    00000080     maclib_secure_cc13x2_zstack_subg.a : mac_tx.obj (.text:txGo$32)
                  0000ffec    0000007c     nvocmp.obj (.text:NVOCMP_readItemApi$21)
                  00010068    0000007c     rf_multiMode_cc13x2.aem4f : RFCC26X2_multiMode.c.cc13x2.ccs.o (.text:RF_ratFreeChannel)
                  000100e4    0000007c     maclib_secure_cc13x2_zstack_subg.a : mac_rx_onoff.obj (.text:macRxOn)
                  00010160    0000007c     maclib_osal_tirtos_cc13x2_26x2.a : osal_port.obj (.text:osalHeapInitFxn)
                  000101dc    0000007a     rtsv7M4_T_le_v4SPD16_eabi.lib : memset_t2.asm.obj (.text)
                  00010256    00000002     drivers_cc13x2.a : CryptoResourceCC26XX.oem4f (.text:errorSpin)
                  00010258    00000078     board_led.obj (.text:Board_Led_control)
                  000102d0    00000078     nvocmp.obj (.text:NVOCMP_checkItem$21)
                  00010348    00000078     maclib_secure_cc13x2_zstack_subg.a : mac_timer.obj (.text:macTimerSetRollover)
                  000103c0    00000078     rom_sysbios.aem4f : rom_sysbios.obj (.text:ti_sysbios_heaps_HeapMem_allocUnprotected__E)
                  00010438    00000074     npi_task.obj (.text:NPITask_transportRXCallBack$11)
                  000104ac    00000074     nvocmp.obj (.text:NVOCMP_writeItemApi$21)
                  00010520    00000074     drivers_cc13x2.a : PowerCC26X2_calibrateRCOSC.oem4f (.text:PowerCC26X2_auxISR)
                  00010594    00000074     rf_multiMode_cc13x2.aem4f : RFCC26X2_multiMode.c.cc13x2.ccs.o (.text:RF_ratDisableChannel)
                  00010608    00000074                               : RFCC26X2_multiMode.c.cc13x2.ccs.o (.text:RF_yield)
                  0001067c    00000074     drivers_cc13x2.a : TRNGCC26XX.oem4f (.text:TRNG_construct)
                  000106f0    00000074     maclib_secure_cc13x2_zstack_subg.a : mac_duty_cycle.obj (.text:macDutyCycleByteToUSec)
                  00010764    00000074     rom_sysbios.aem4f : rom_sysbios.obj (.text:ti_sysbios_gates_GateMutexPri_leave__E)
                  000107d8    00000072     rf_multiMode_cc13x2.aem4f : RFCC26X2_multiMode.c.cc13x2.ccs.o (.text:RF_detachOverrides)
                  0001084a    00000002     maclib_secure_cc13x2_zstack_subg.a : mac_pwr.obj (.text:macApiPwrOnReq)
                  0001084c    00000070     drivers_cc13x2.a : AESCCMCC26XX.oem4f (.text:AESCCM_cleanup)
                  000108bc    00000070     rf_multiMode_cc13x2.aem4f : rfc.c.cc13x2.ccs.o (.text:NOROM_RFCAnaDivTxOverride)
                  0001092c    00000070     nvocmp.obj (.text:NVOCMP_eraseNvApi$21)
                  0001099c    00000070     rf_multiMode_cc13x2.aem4f : RFCC26X2_multiMode.c.cc13x2.ccs.o (.text:RF_getCurrentTime)
                  00010a0c    00000070     drivers_cc13x2.a : Random.oem4f (.text:Random_seedAutomatic)
                  00010a7c    0000006e     rf_multiMode_cc13x2.aem4f : RFCC26X2_multiMode.c.cc13x2.ccs.o (.text:RF_attachOverrides)
                  00010aea    0000006e                               : RFCC26X2_multiMode.c.cc13x2.ccs.o (.text:RF_howToSchedule)
                  00010b58    0000006e     mt_mac.obj (.text:macAssociateReq$5)
                  00010bc6    0000006e     mt_mac.obj (.text:macWriteKeyReq$5)
                  00010c34    0000006e     rtsv7M4_T_le_v4SPD16_eabi.lib : ll_div_t2.asm.obj (.text)
                  00010ca2    00000002     maclib_secure_cc13x2_zstack_subg.a : mac_mcu.obj (.text:macMcuBitReverse)
                  00010ca4    0000006d     rom_sysbios.aem4f : rom_sysbios.obj (.text:xdc_runtime_System_formatNum__I)
                  00010d11    00000001     --HOLE-- [fill = 0]
                  00010d12    00000002     maclib_secure_cc13x2_zstack_subg.a : mac_radio.obj (.text:macRadioSetRE)
                  00010d14    0000006c     driverlib.lib : chipinfo.obj (.text:NOROM_ChipInfo_GetChipType)
                  00010d80    0000006c     rf_multiMode_cc13x2.aem4f : RFCC26X2_multiMode.c.cc13x2.ccs.o (.text:RF_dispatchNextEvent)
                  00010dec    0000006c     maclib_secure_cc13x2_zstack_subg.a : mac_radio_tx.obj (.text:macRadioTxBackoffBoundary)
                  00010e58    0000006c                                        : mac_hl_patch.obj (.text:macTrackPeriodCallback)
                  00010ec4    0000006c                                        : mac_tx.obj (.text:macTxDoneCallback)
                  00010f30    00000068     driverlib.lib : osc.obj (.text:NOROM_OSCHF_SwitchToRcOscTurnOffXosc)
                  00010f98    00000068     nvocmp.obj (.text:NVOCMP_getFreeNvApi$21)
                  00011000    00000068     maclib_osal_tirtos_cc13x2_26x2.a : osal_port.obj (.text:OsalPort_registerTask)
                  00011068    00000068     rf_multiMode_cc13x2.aem4f : RFCC26X2_multiMode.c.cc13x2.ccs.o (.text:RF_hwiHw)
                  000110d0    00000068     rtsv7M4_T_le_v4SPD16_eabi.lib : copy_decompress_lzss.c.obj (.text:decompress:lzss:__TI_decompress_lzss)
                  00011138    00000068     maclib_secure_cc13x2_zstack_subg.a : mac_rx.obj (.text:macRxHaltCleanup)
                  000111a0    00000066                                        : mac_hl_patch.obj (.text:macMlmeSubIePresent)
                  00011206    00000002     rtsv7M4_T_le_v4SPD16_eabi.lib : div0.asm.obj (.text)
                  00011208    00000064     drivers_cc13x2.a : AESCCMCC26XX.oem4f (.text:AESCCM_waitForResult)
                  0001126c    00000064     nvocmp.obj (.text:NVOCMP_findSignature$21)
                  000112d0    00000064     maclib_osal_tirtos_cc13x2_26x2.a : osal_port.obj (.text:OsalPort_clearEvent)
                  00011334    00000064                                      : osal_port.obj (.text:OsalPort_pwrmgrTaskState)
                  00011398    00000064     drivers_cc13x2.a : UARTCC26XX.oem4f (.text:UARTCC26XX_control)
                  000113fc    00000064     maclib_secure_cc13x2_zstack_subg.a : mac.obj (.text:macRequestBackoff)
                  00011460    00000064                                        : mac_timer.obj (.text:macSymbolTimerRolloverCallback)
                  000114c4    00000064                                        : mac_timer.obj (.text:macTimerAddTimer)
                  00011528    00000062     ti_drivers_config.obj (.text:Board_sendExtFlashByte)
                  0001158a    00000062     rf_multiMode_cc13x2.aem4f : RFCC26X2_multiMode.c.cc13x2.ccs.o (.text:RF_syncCb)
                  000115ec    00000062     drivers_cc13x2.a : UARTCC26XX.oem4f (.text:UARTCC26XX_swiIntFxn)
                  0001164e    00000002     app_cop_pem4f.oem4f (.text:ti_sysbios_BIOS_nullFunc__I)
                  00011650    00000060     drivers_cc13x2.a : AESCCMCC26XX.oem4f (.text:AESCCM_hwiFxn)
                  000116b0    00000060                      : CryptoResourceCC26XX.oem4f (.text:CryptoResourceCC26XX_constructRTOSObjects)
                  00011710    00000060     rf_multiMode_cc13x2.aem4f : RFCC26X2_multiMode.c.cc13x2.ccs.o (.text:RF_applyRfCorePatch)
                  00011770    00000060     drivers_cc13x2.a : TRNGCC26XX.oem4f (.text:TRNGCC26XX_startTrng)
                  000117d0    00000060     maclib_secure_cc13x2_zstack_subg.a : mac_duty_cycle.obj (.text:macDutyCycleBumpBuffer$33)
                  00011830    00000060                                        : mac_radio.obj (.text:macGetRadioTxPowerReg)
                  00011890    00000060                                        : mac_timer.obj (.text:macTimerCancel)
                  000118f0    00000060                                        : mac_timer.obj (.text:macTimerGetNextTimer)
                  00011950    0000005e     api_mac.obj (.text:convertTxOptions)
                  000119ae    0000005c     npi_frame_mt.obj (.text:NPIFrame_frameMsg)
                  00011a0a    00000002     rom_sysbios.aem4f : rom_sysbios.obj (.text:ti_sysbios_heaps_HeapCallback_defaultDelete)
                  00011a0c    0000005c     nvocmp.obj (.text:NVOCMP_readItem$21)
                  00011a68    0000005c     maclib_osal_tirtos_cc13x2_26x2.a : osal_port.obj (.text:OsalPort_msgReceive)
                  00011ac4    0000005c                                      : osal_port.obj (.text:OsalPort_setEvent)
                  00011b20    0000005c     drivers_cc13x2.a : PINCC26XX.oem4f (.text:PIN_remove)
                  00011b7c    0000005c     rf_multiMode_cc13x2.aem4f : RFCC26X2_multiMode.c.cc13x2.ccs.o (.text:RF_hwiCpe0PowerFsm)
                  00011bd8    0000005c     drivers_cc13x2.a : NVSCC26XX.oem4f (.text:doErase)
                  00011c34    0000005c     mt_mac.obj (.text:macDisassociateReq$5)
                  00011c90    0000005c     maclib_secure_cc13x2_zstack_subg.a : mac_radio.obj (.text:macRadioSetChannel)
                  00011cec    0000005c                                        : mac_radio.obj (.text:macRadioSetChannelRx)
                  00011d48    0000005c                                        : mac_hl_patch.obj (.text:macSetDefaultsByPatch)
                  00011da4    0000005c     drivers_cc13x2.a : UARTCC26XX.oem4f (.text:startTxFifoEmptyClk)
                  00011e00    0000005c     app_cop_pem4f.oem4f (.text:xdc_runtime_Startup_getState__I)
                  00011e5c    00000058     npi_task.obj (.text:NPITask_incomingFrameCB$11)
                  00011eb4    00000058     nvocmp.obj (.text:NVOCMP_getItemLenApi$21)
                  00011f0c    00000058     drivers_cc13x2.a : PowerCC26X2_calibrateRCOSC.oem4f (.text:PowerCC26X2_initiateCalibration)
                  00011f64    00000058     rf_multiMode_cc13x2.aem4f : RFCC26X2_multiMode.c.cc13x2.ccs.o (.text:RF_TxPowerTable_findValue)
                  00011fbc    00000058     drivers_cc13x2.a : TRNGCC26XX.oem4f (.text:TRNG_init)
                  00012014    00000058     boot.aem4f : boot.oem4f (.text)
                  0001206c    00000058     maclib_secure_cc13x2_zstack_subg.a : mac_sleep.obj (.text:macCanSleep)
                  000120c4    00000058                                        : mac_radio_tx.obj (.text:macRadioTxRequestTxAck)
                  0001211c    00000058     main.obj (.text:main)
                  00012174    00000058     rom_sysbios.aem4f : rom_sysbios.obj (.text:ti_sysbios_heaps_HeapMem_alloc__E)
                  000121cc    00000056     rf_multiMode_cc13x2.aem4f : RFCC26X2_multiMode.c.cc13x2.ccs.o (.text:RF_defaultSubmitPolicy)
                  00012222    00000002     rom_sysbios.aem4f : rom_sysbios.obj (.text:xdc_runtime_SysCallback_defaultAbort)
                  00012224    00000054     drivers_cc13x2.a : AESCCMCC26XX.oem4f (.text:AESCCM_construct)
                  00012278    00000054     driverlib.lib : prcm.obj (.text:NOROM_PRCMPowerDomainsAllOff)
                  000122cc    00000054     npi_task.obj (.text:NPITask_createTask)
                  00012320    00000054     nvocmp.obj (.text:NVOCMP_doNVCRC$21)
                  00012374    00000054     drivers_cc13x2.a : NVSCC26XX.oem4f (.text:NVSCC26XX_init)
                  000123c8    00000054     rf_multiMode_cc13x2.aem4f : RFCC26X2_multiMode.c.cc13x2.ccs.o (.text:RF_fsmXOSCState)
                  0001241c    00000054     drivers_cc13x2.a : StructRingBuf.oem4f (.text:StructRingBuf_put)
                  00012470    00000054     dpl_cc13x2.a : SwiP_tirtos.oem4f (.text:SwiP_construct)
                  000124c4    00000054     mt_ext.obj (.text:abortFragMsg$4)
                  00012518    00000054     maclib_secure_cc13x2_zstack_subg.a : mac_duty_cycle.obj (.text:macDutyCycleUpdateTransmission)
                  0001256c    00000054                                        : mac_hl_patch.obj (.text:macIncomingKeyUsagePolicyChecking)
                  000125c0    00000054                                        : mac_tx.obj (.text:macTxAckReceivedCallback)
                  00012614    00000054     api_mac.obj (.text:processScanCnf$15)
                  00012668    00000050     nvocmp.obj (.text:NVOCMP_compactNvApi$21)
                  000126b8    00000050     drivers_cc13x2.a : TRNGCC26XX.oem4f (.text:TRNGCC26XX_waitForResult)
                  00012708    00000050     maclib_secure_cc13x2_zstack_subg.a : mac_radio.obj (.text:macRadioSetPanCoordinator)
                  00012758    00000050                                        : mac_rx_onoff.obj (.text:macRxDisable)
                  000127a8    00000050                                        : mac_timer.obj (.text:macTimerStart)
                  000127f8    0000004e     mt_mac.obj (.text:macOrphanRsp$5)
                  00012846    0000004c     mt_mac.obj (.text:MtMac_DataCnf)
                  00012892    00000002     rom_sysbios.aem4f : rom_sysbios.obj (.text:xdc_runtime_SysCallback_defaultExit)
                  00012894    0000004c     driverlib.lib : prcm.obj (.text:NOROM_PRCMPowerDomainsAllOn)
                  000128e0    0000004c     nvocmp.obj (.text:NVOCMP_setItemInactive$21)
                  0001292c    0000004c     maclib_osal_tirtos_cc13x2_26x2.a : osal_port.obj (.text:OsalPort_msgSend)
                  00012978    0000004c     rf_multiMode_cc13x2.aem4f : RFCC26X2_multiMode.c.cc13x2.ccs.o (.text:RF_wakeupNotification)
                  000129c4    0000004c     drivers_cc13x2.a : StructRingBuf.oem4f (.text:StructRingBuf_get)
                  00012a10    0000004c                      : UARTCC26XX.oem4f (.text:UARTCC26XX_readCancel)
                  00012a5c    0000004c     rtsv7M4_T_le_v4SPD16_eabi.lib : cpy_tbl.c.obj (.text:copy_in)
                  00012aa8    0000004c     mt_util.obj (.text:loopTimerCB$7)
                  00012af4    0000004c     mt_mac.obj (.text:macGetFhReq$5)
                  00012b40    0000004c     maclib_secure_cc13x2_zstack_subg.a : mac_low_level.obj (.text:macLowLevelYield)
                  00012b8c    0000004c                                        : mac_radio_tx.obj (.text:macRadioTxHandleAck)
                  00012bd8    0000004c                                        : mac.obj (.text:macSendFsCmd)
                  00012c24    0000004c     maclib_osal_tirtos_cc13x2_26x2.a : osal_port.obj (.text:osalHeapGetStatsFxn)
                  00012c70    0000004a     mt_mac.obj (.text:macAsyncReq$5)
                  00012cba    00000002     rom_sysbios.aem4f : rom_sysbios.obj (.text:xdc_runtime_SysCallback_defaultFlush)
                  00012cbc    00000048     ti_drivers_config.obj (.text:Board_wakeUpExtFlash)
                  00012d04    00000048     rf_multiMode_cc13x2.aem4f : rfc.c.cc13x2.ccs.o (.text:NOROM_RFCSynthPowerDown)
                  00012d4c    00000048     nvocmp.obj (.text:NVOCMP_write$21)
                  00012d94    00000048     drivers_cc13x2.a : NVS.oem4f (.text:NVS_open)
                  00012ddc    00000048                      : PINCC26XX.oem4f (.text:PIN_setOutputEnable)
                  00012e24    00000048                      : PowerCC26X2_calibrateRCOSC.oem4f (.text:PowerCC26X2_RCOSC_clockFunc)
                  00012e6c    00000048                      : PowerCC26X2.oem4f (.text:PowerCC26XX_switchXOSC_HF)
                  00012eb4    00000048     maclib_osal_tirtos_cc13x2_26x2.a : util_timer.obj (.text:UtilTimer_construct)
                  00012efc    00000048     drivers_cc13x2.a : NVSCC26XX.oem4f (.text:disableFlashCache)
                  00012f44    00000048     mt_mac.obj (.text:macAssociateRsp$5)
                  00012f8c    00000048     maclib_secure_cc13x2_zstack_subg.a : mac_duty_cycle.obj (.text:macDutyCycleCheck)
                  00012fd4    00000048     mt_mac.obj (.text:macPollReq$5)
                  0001301c    00000048     maclib_secure_cc13x2_zstack_subg.a : mac_radio.obj (.text:macRadioNeedAdjustPower)
                  00013064    00000048                                        : mac_radio.obj (.text:macRadioStopScan)
                  000130ac    00000048                                        : mac_timer.obj (.text:macTimerUpdActive)
                  000130f4    00000048     drivers_cc13x2.a : PowerCC26X2.oem4f (.text:switchXOSCHF)
                  0001313c    00000048                      : UARTCC26XX.oem4f (.text:writeFinishedDoCallback)
                  00013184    00000046                      : RingBuf.oem4f (.text:RingBuf_put)
                  000131ca    00000046     maclib_secure_cc13x2_zstack_subg.a : mac_hl_patch.obj (.text:macDeviceDescriptorLookup)
                  00013210    00000044                                        : mac_timer.obj (.text:MAC_PwrNextTimeout)
                  00013254    00000044     driverlib.lib : chipinfo.obj (.text:NOROM_ChipInfo_GetHwRevision)
                  00013298    00000044     drivers_cc13x2.a : NVSCC26XX.oem4f (.text:NVSCC26XX_read)
                  000132dc    00000044                      : PINCC26XX.oem4f (.text:PIN_swi)
                  00013320    00000044                      : UART.oem4f (.text:UART_init)
                  00013364    00000044     maclib_secure_cc13x2_zstack_subg.a : mac_hl_patch.obj (.text:macCheckPhyRate)
                  000133a8    00000044                                        : mac_tx.obj (.text:macTxTimestampCallback)
                  000133ec    00000044     mcp.obj (.text:relayRxMsg$2)
                  00013430    00000042     mt_mac.obj (.text:MtMac_CommStatusInd)
                  00013472    00000042     api_mac.obj (.text:copyMacPanDescToApiMacPanDesc$15)
                  000134b4    00000040     dpl_cc13x2.a : ClockP_tirtos.oem4f (.text:ClockP_construct)
                  000134f4    00000040                  : ClockP_tirtos.oem4f (.text:ClockP_create)
                  00013534    00000040     driverlib.lib : osc.obj (.text:NOROM_OSC_HPOSCRelativeFrequencyOffsetGet)
                  00013574    00000040     maclib_osal_tirtos_cc13x2_26x2.a : osal_port.obj (.text:OsalPort_heapFree$51)
                  000135b4    00000040     drivers_cc13x2.a : PowerCC26X2.oem4f (.text:PowerCC26XX_isStableXOSC_HF)
                  000135f4    00000040                      : Random.oem4f (.text:Random_getNumber)
                  00013634    00000040                      : RingBuf.oem4f (.text:RingBuf_get)
                  00013674    00000040                      : TRNGCC26XX.oem4f (.text:TRNGCC26XX_copyToClient)
                  000136b4    00000040                      : UART.oem4f (.text:UART_open)
                  000136f4    00000040     rf_multiMode_cc13x2.aem4f : rf_patch_cpe_prop.c.cc13x2.ccs.o (.text:configurePropPatch)
                  00013734    00000040     maclib_secure_cc13x2_zstack_subg.a : mac.obj (.text:macRatCb_B)
                  00013774    00000040                                        : mac_rx.obj (.text:macRxNokIsr)
                  000137b4    00000040                                        : mac_autopend.obj (.text:macSrcMatchSetEnableBit$25)
                  000137f4    00000040                                        : mac_symbol_timer.obj (.text:macSymbolTimerSetTrigger)
                  00013834    00000040                                        : mac_tx.obj (.text:macTxUpdateIE)
                  00013874    00000040     rtsv7M4_T_le_v4SPD16_eabi.lib : u_divt2.asm.obj (.text)
                  000138b4    00000040     rom_sysbios.aem4f : rom_sysbios.obj (.text:ti_sysbios_family_arm_cc26xx_Timer_setThreshold__I)
                  000138f4    00000040                       : rom_sysbios.obj (.text:ti_sysbios_heaps_HeapCallback_Module_startup__E)
                  00013934    0000003e     dpl_cc13x2.a : HwiP_tirtos.oem4f (.text:HwiP_construct)
                  00013972    0000003e     mt_mac.obj (.text:MtMac_SyncLossInd)
                  000139b0    0000003e     maclib_osal_tirtos_cc13x2_26x2.a : osal_port.obj (.text:OsalPort_msgEnqueueMax)
                  000139ee    00000002     rom_sysbios.aem4f : rom_sysbios.obj (.text:xdc_runtime_SysCallback_defaultPutch)
                  000139f0    0000003c     driverlib.lib : osc.obj (.text:InternCapArrayAdjustWithBaseline7001F$56)
                  00013a2c    0000003c     maclib_secure_cc13x2_zstack_subg.a : mac_pwr.obj (.text:MAC_PwrOnReq)
                  00013a68    0000003c     mt_sys.obj (.text:MtSys_resetReq)
                  00013aa4    0000003c     npi_tl.obj (.text:NPITL_transmissionCallBack$12)
                  00013ae0    0000003c     nvocmp.obj (.text:NVOCMP_disableCache$21)
                  00013b1c    0000003c     drivers_cc13x2.a : PINCC26XX.oem4f (.text:PIN_setOutputValue)
                  00013b58    0000003c     rf_multiMode_cc13x2.aem4f : RFCC26X2_multiMode.c.cc13x2.ccs.o (.text:RF_cmdGet)
                  00013b94    0000003c                               : RFCC26X2_multiMode.c.cc13x2.ccs.o (.text:RF_cmdStoreEvents)
                  00013bd0    0000003c     drivers_cc13x2.a : NVSCC26XX.oem4f (.text:checkEraseRange)
                  00013c0c    0000003c     maclib_secure_cc13x2_zstack_subg.a : mac_timer.obj (.text:macTimerRecalcUnaligned)
                  00013c48    0000003c                                        : mac_tx.obj (.text:macTxDecrypt)
                  00013c84    0000003c     rom_sysbios.aem4f : rom_sysbios.obj (.text:ti_sysbios_family_arm_m3_Hwi_construct2__E)
                  00013cc0    0000003a     maclib_osal_tirtos_cc13x2_26x2.a : mac_util.obj (.text:Util_bufferUint32)
                  00013cfa    00000038     api_mac.obj (.text:ApiMac_buildMsgCapInfo)
                  00013d32    00000002     --HOLE-- [fill = 0]
                  00013d34    00000038     ti_drivers_config.obj (.text:Board_shutDownExtFlash)
                  00013d6c    00000038     nvocmp.obj (.text:NVOCMP_findPage$21)
                  00013da4    00000038     drivers_cc13x2.a : PINCC26XX.oem4f (.text:PIN_setConfig)
                  00013ddc    00000038     rf_multiMode_cc13x2.aem4f : RFCC26X2_multiMode.c.cc13x2.ccs.o (.text:RF_checkCmdFsError)
                  00013e14    00000038                               : RFCC26X2_multiMode.c.cc13x2.ccs.o (.text:RF_powerConstraintRelease)
                  00013e4c    00000038     maclib_secure_cc13x2_zstack_subg.a : mac_timer.obj (.text:macTimerAligned)
                  00013e84    00000038                                        : mac_timer.obj (.text:macTimerInit)
                  00013ebc    00000038                                        : mac_tx.obj (.text:macTxAckNotReceivedCallback)
                  00013ef4    00000038                                        : mac_tx.obj (.text:macTxFrameIsr)
                  00013f2c    00000038     drivers_cc13x2.a : PowerCC26X2.oem4f (.text:notify)
                  00013f64    00000038                      : UARTCC26XX.oem4f (.text:readData)
                  00013f9c    00000038     rom_sysbios.aem4f : rom_sysbios.obj (.text:ti_sysbios_family_arm_cc26xx_Timer_getCurrentTick__E)
                  00013fd4    00000038     drivers_cc13x2.a : UARTCC26XX.oem4f (.text:writeData)
                  0001400c    00000036     api_mac.obj (.text:ApiMac_convertCapabilityInfo)
                  00014042    00000036     mt_mac.obj (.text:MtMac_AssociateInd)
                  00014078    00000036     rom_sysbios.aem4f : rom_sysbios.obj (.text:ti_sysbios_family_arm_cc26xx_Timer_setNextTick__E)
                  000140ae    00000002     --HOLE-- [fill = 0]
                  000140b0    00000034     driverlib.lib : sys_ctrl.obj (.text:NOROM_SysCtrlIdle)
                  000140e4    00000034     npi_rxbuf.obj (.text:NPIRxBuf_ReadFromRxBuf)
                  00014118    00000034     nvocmp.obj (.text:NVOCMP_verifyCRC$21)
                  0001414c    00000034     rf_multiMode_cc13x2.aem4f : RFCC26X2_multiMode.c.cc13x2.ccs.o (.text:RF_runDirectImmediateCmd)
                  00014180    00000034     mt_mac.obj (.text:macAdrToSba$5)
                  000141b4    00000034     maclib_secure_cc13x2_zstack_subg.a : mac_low_level.obj (.text:macLowLevelDiags)
                  000141e8    00000034                                        : mac_radio.obj (.text:macRadioSetIEEEAddr)
                  0001421c    00000034                                        : mac.obj (.text:macRatDisableChannelB)
                  00014250    00000034                                        : mac_symbol_timer.obj (.text:macSymbolTimerCount)
                  00014284    00000034     drivers_cc13x2.a : UARTCC26XX.oem4f (.text:readData2RingBuf)
                  000142b8    00000034     rom_sysbios.aem4f : rom_sysbios.obj (.text:ti_sysbios_knl_Swi_setPri__E)
                  000142ec    00000032     maclib_osal_tirtos_cc13x2_26x2.a : osal_port.obj (.text:OsalPort_msgExtract)
                  0001431e    00000032     rom_sysbios.aem4f : rom_sysbios.obj (.text:ti_sysbios_gates_GateMutexPri_insertPri__I)
                  00014350    00000030     npi_tl.obj (.text:NPITL_readTL)
                  00014380    00000030     nvocmp.obj (.text:NVOCMP_changePageState$21)
                  000143b0    00000030     drivers_cc13x2.a : NVSCC26XX.oem4f (.text:NVSCC26XX_erase)
                  000143e0    00000030                      : PINCC26XX.oem4f (.text:PINCC26XX_setMux)
                  00014410    00000030                      : PowerCC26X2.oem4f (.text:Power_releaseConstraint)
                  00014440    00000030                      : PowerCC26X2.oem4f (.text:Power_setConstraint)
                  00014470    00000030                      : TRNGCC26XX.oem4f (.text:TRNGCC26XX_fillEntropyPool)
                  000144a0    00000030     maclib_secure_cc13x2_zstack_subg.a : mac_ebeacon.obj (.text:macFindVendorSpecificIe)
[...]
20001b98  RF_cmdNop                                                       
20001ba8  RF_cmdNopFg                                                     
20001bb8  RF_cmdRxAckCmd                                                  
20001bcc  RF_cmdFsRx                                                      
20001be4  RF_cmdFsTx                                                      
20001bfc  RF_cmdIEEETx                                                    
20001c14  RF_cmdPropCs                                                    
20001c30  RF_cmdPropCsSlotted                                             
20001c4c  RF_cmdRadioSetup                                                
20001c6c  RF_cmdIEEECsma                                                  
20001c8c  RF_cmdPropTxAdv                                                 
20001cac  RF_cmdPropRadioDivSetup                                         
20001cdc  RF_cmdPropRxAdv                                                 
20001d0c  RF_cmdIEEERx                                                    
20001d48  joinPolicy                                                      
20001d49  txPwr                                                           
20001d4a  ebPieLen                                                        
20001d4b  ebPayloadLen                                                    
20001d4c  ebrPieLen                                                       
20001d62  ebPieData                                                       
20001de1  ebPayloadData                                                   
20001e60  ebrPieData                                                      
20001ee0  taskCnt                                                         
20001ef0  heapmgrMemFreeTotal                                             
20001ef4  heapmgrMemFreeError                                             
20001f00  HEAPMGR_SIZE                                                    
20001f04  taskTbl                                                         
2000206c  PowerCC26X2_module                                              
200022f0  ROM_stateStruct                                                 
200022f0  ti_sysbios_knl_Clock_Module__state__V                           
2000231c  ti_sysbios_family_arm_cc26xx_TimestampProvider_Module__state__V 
20002320  xdc_runtime_Startup_Module__state__V                            
20002328  xdc_runtime_Registry_Module__state__V                           
20002330  ti_sysbios_BIOS_Module__state__V                                
20002354  ti_sysbios_knl_Swi_Module__state__V                             
20002370  ti_sysbios_knl_Task_Module__state__V                            
200023b4  xdc_runtime_Memory_Module__state__V                             
200023b8  xdc_runtime_System_Module__state__V                             
200023c0  ti_sysbios_family_arm_m3_Hwi_Module__state__V                   
200023f4  ti_sysbios_family_arm_cc26xx_Timer_Module__state__V             
200023fc  macAddrSize                                                     
20002400  reqAccessAlloc                                                  
20002402  rxCmdHandle                                                     
20002408  macRfDrvTblPtr                                                  
2000240c  lastPostCmd                                                     
20002410  macSfdDetectCback                                               
20002414  macTxTimestamp                                                  
20002418  pMacRadioConfig                                                 
20002430  macRxOutputSubG                                                 
2000243c  macRxOutputIeee                                                 
2000244c  macFrmFilter                                                    
2000245c  macSrcShortAddrList                                             
20002478  macSrcExtAddrList                                               
200024a8  macMRFSKGenPhyTable                                             
2000254a  gAction                                                         
2000254b  NVOCMP_size                                                     
20002578  NVOCMP_nvHandle                                                 
200025c0  fhObject                                                        
2000262c  FHIE_channelPlan                                                
200026cc  ti_sysbios_knl_Task_Object__table__V                            
20002718  ti_sysbios_family_arm_cc26xx_Timer_Object__table__V             
200027ac  pRfMode                                                         
200027b0  pRfPowerTable                                                   
200027b4  pMaxPower                                                       
200027b8  RF_handle                                                       
200027bc  macPhyTxPower                                                   
200027c4  RF_params                                                       
200027e4  pOverrides_2gfsk500kbps154g                                     
20002824  pOverrides_2gfsk100kbps154g868mhz                               
20002860  pOverrides_2gfsk100kbps154g915mhz                               
200028d4  ti_sysbios_gates_GateMutex_Object__table__V                     
2000290c  appTaskId                                                       
20002914  appEvents                                                       
2000291c  ApiMac_extAddr                                                  
20002924  appSem                                                          
20002940  macBeaconPayload                                                
200029a4  pMacDataTx                                                      
200029a8  macDataTxIndirect                                               
200029ac  macDataRequeueIndirect                                          
200029b0  macDataRxBeaconCritical                                         
200029b4  macDataTxBeaconComplete                                         
200029b8  macDataSetSched                                                 
200029bc  macDataCheckSched                                               
200029c0  macDataCheckTxTime                                              
200029c4  macDataBeaconRequeue                                            
200029c8  csmPhy                                                          
200029cc  macTimerRollover                                                
200029d0  macTimerNewRollover                                             
200029d4  ti_sysbios_knl_Swi_Module_State_0_readyQ__A                     
20002a04  ti_sysbios_knl_Swi_Object__table__V                             
20002a34  ti_sysbios_knl_Task_Module_State_0_readyQ__A                    
20002a64  npiEID                                                          
20002a65  npiSID                                                          
20002a68  mtProcessIncoming                                               
20002a90  pOverrides_slr5kbps2gfsk                                        
20002abc  macSpecUsecsPerSymbol                                           
20002ac0  macPrevPeriodRatCount                                           
20002ac4  macSymbolTimerRollover                                          
20002ac8  macSymbolTimerTrigger                                           
20002ae4  pOverrides_2gfsk200kbps154g                                     
20002b0c  pOverrides_2gfsk50kbps154g                                      
20002b34  macTxSlottedDelayFactor                                         
20002b35  macTxType                                                       
20002b36  macTxBe                                                         
20002b37  macTxGpInterframeDelay                                          
20002b38  txAckReq                                                        
20002b3b  txSeqn                                                          
20002b3d  numTx                                                           
20002b3e  macTxCsmaBackoffDelay                                           
20002b40  macCsmaRtcTimerId                                               
20002b44  macAckDbg                                                       
20002b58  _hposcCoeffs                                                    
20002b7c  macActionSet                                                    
20002bc0  macBeaconMargin                                                 
20002be0  ti_sysbios_knl_Clock_Object__table__V                           
20002c00  xdc_runtime_Error_IgnoreBlock                                   
20002c20  ti_sysbios_family_arm_m3_Hwi_Object__table__V                   
20002c38  txCmdHandle                                                     
20002c3a  macRadioAckIeeeFrame                                            
20002c40  pMacEnhancedAck                                                 
20002c44  macRadioAckFrame                                                
20002c4c  macStateTbl                                                     
20002c70  macCfg                                                          
20002c80  lastRatChanA                                                    
20002c81  lastRatChanB                                                    
20002c82  macRxCmdActive                                                  
20002c83  macTxCmdActive                                                  
20002c84  macFsCmdActive                                                  
20002c85  macRxPreempted                                                  
20002c86  macReqAccessCnt                                                 
20002c88  macReqAccessTimeCnt                                             
20002c8a  macReqAccErrCnt                                                 
20002c8c  numRfCmd                                                        
20002c8d  numRxCmd                                                        
20002c8e  numRxPostCmd                                                    
20002c98  pClockHandleEDScan                                              
20002ca8  FH_FSM                                                          
20002cb4  pOverrides_ieee154                                              
20002cc0  ti_sysbios_heaps_HeapCallback_Object__table__V                  
20002ccc  _lock                                                           
20002cd0  _unlock                                                         
20002cdc  FH_txTiming                                                     
20002ce4  RFCC26XX_schedulerPolicy                                        
20002cec  pinUpperBound                                                   
20002cf0  pinLowerBound                                                   
20002cfc  ti_sysbios_family_arm_m3_Hwi_Module__root__V                    
20002d04  ti_sysbios_gates_GateHwi_Module__root__V                        
20002d0c  ti_sysbios_gates_GateMutexPri_Module__root__V                   
20002d14  ti_sysbios_gates_GateMutex_Module__root__V                      
20002d1c  ti_sysbios_hal_Hwi_Module__root__V                              
20002d24  ti_sysbios_heaps_HeapCallback_Module__root__V                   
20002d2c  ti_sysbios_heaps_HeapMem_Module__root__V                        
20002d34  ti_sysbios_knl_Clock_Module__root__V                            
20002d3c  ti_sysbios_knl_Event_Module__root__V                            
20002d44  ti_sysbios_knl_Mailbox_Module__root__V                          
20002d4c  ti_sysbios_knl_Queue_Module__root__V                            
20002d54  ti_sysbios_knl_Semaphore_Module__root__V                        
20002d5c  ti_sysbios_knl_Swi_Module__root__V                              
20002d64  ti_sysbios_knl_Task_Module__root__V                             
20002d6c  macTasksEvents                                                  
20002d70  macTxSlottedDelay                                               
20002d71  bInSwi                                                          
20002d72  macSrcMatchIsEnabled                                            
20002d73  macRadioYielded                                                 
20002d78  main_func_sp                                                    
20002d7c  ti_sysbios_family_arm_m3_Hwi_Module_State_0_excContext__A       
20002d80  ti_sysbios_family_arm_m3_Hwi_Module_State_0_excStack__A         
20002d84  ti_sysbios_knl_Task_Module_State_0_idleTask__A                  
20002d88  CryptoResourceCC26XX_pollingFlag                                
20002d8c  ti_sysbios_family_arm_m3_Hwi_Module_State_0_excActive__A        
20002d90  macSleepState                                                   
20002d98  ti_sysbios_knl_Task_Instance_State_0_stack__A                   
20002f98  uartCC26XXObjects                                               
2000314c  enhancedAckBuf                                                  
20003340  ti_sysbios_family_arm_m3_Hwi_dispatchTable                      
20003418  dcStatus                                                        
2000341c  dcLimited                                                       
20003420  dcCritical                                                      
20003424  dcRegulated                                                     
20003428  dcTimeUsed                                                      
2000342c  dcPtr                                                           
2000344c  dcBucket                                                        
200034b4  FHPIB_db                                                        
20003540  FH_hnd                                                          
200035c8  macPib                                                          
20003650  pinHandleTable                                                  
200036cc  FHNT_tableOpt                                                   
20003748  macScan                                                         
200037ec  CryptoResourceCC26XX_accessSemaphore                            
2000383c  CryptoResourceCC26XX_operationSemaphore                         
2000388c  FHFSM_Dbg                                                       
200038ce  driverlib_release_0_59146                                       
200038cf  macAckTxActive                                                  
200038d0  macSecurityPib                                                  
20003910  macBeaconCoord                                                  
2000394c  FHNT_hnd                                                        
20003984  macDeviceAction1                                                
200039f0  macBeaconDevice                                                 
20003a24  macMgmtAction1                                                  
20003a54  macCoord                                                        
20003a80  macDevice                                                       
20003aac  macRxFilter                                                     
20003aad  rxPromiscuousMode                                               
20003ab0  rxSeqNum                                                        
20003ab8  macRxDataEntryOffset                                            
20003abc  rxRadioBufferPtr                                                
20003acc  macRxDataEntryQueue                                             
20003b3c  macBeacon                                                       
20003bb0  CryptoResourceCC26XX_hwi                                        
20003bcc  macCoordAction2                                                 
20003be8  macReset                                                        
20003c04  aesccmCC26XXObjects                                             
20003c1c  macScanAction                                                   
20003c5c  macDeviceAction2                                                
20003c70  macMgmtAction2                                                  
20003c84  macBeaconDeviceAction                                           
20003c94  macCoordAction3                                                 
20003ca4  macData                                                         
20003cb4  macDataTxDelay                                                  
20003cd0  macMain                                                         
20003cdc  FHNT_tempTable                                                  
20003ce4  macBeaconCoordAction1                                           
20003cec  macCoordAction1                                                 
20003cf4  FHNT_Dbg                                                        
20003cfa  macMgmt                                                         
20003cfb  macPanCoordinator                                               
20003d00  AESCCM_handle                                                   
20003d04  FH_test_var                                                     
20003d08  PowerCC26XX_swiKey                                              
20003d0c  PowerCC26XX_taskKey                                             
20003d10  macCryptoDrvTblPtr                                              
20003d14  macRxSymbol                                                     
20003d18  macTimerActive                                                  
20003d1c  nvsCC26XXObjects                                                
20003d20  timerAlignedQ                                                   
20003d24  timerUnalignedQ                                                 
20003d28  macPhyChannel                                                   
20003d29  macPwr                                                          
20003d2a  macRxActive                                                     
20003d2b  macRxEnableFlags                                                
20003d2c  macRxOutgoingAckFlag                                            
20003d2d  macSymbolTimerImpending                                         
20003d2e  macTaskId                                                       
20003d2f  macTxActive                                                     
20003d30  macUnitBackoffPeriod                                            
20003d31  rxFhRsl                                                         
20003d32  heapStart                                                       
20013aa0  __stack                                                         
20013aa0  heapEnd                                                         
20014000  __STACK_END                                                     
20014000  __STACK_TOP                                                     
e000e000  ti_sysbios_family_arm_m3_Hwi_nvic                               
ffffffff  __TI_pprof_out_hndl                                             
ffffffff  __TI_prof_data_size                                             
ffffffff  __TI_prof_data_start                                            
ffffffff  __binit__                                                       
ffffffff  __c_args__                                                      
ffffffff  binit                                                           
UNDEFED   ITM_flush                                                       
UNDEFED   ITM_restore                                                     
UNDEFED   SHT$$INIT_ARRAY$$Base                                           
UNDEFED   SHT$$INIT_ARRAY$$Limit                                          

[1863 symbols]
