******************************************************************************
                  TI ARM Linker PC v20.2.1                     
******************************************************************************
>> Linked Wed Nov 25 05:37:27 2020

OUTPUT FILE NAME:   <coprocessor_CC1352P_4_LAUNCHXL_tirtos_ccs.out>
ENTRY POINT SYMBOL: "ResetISR"  address: 00011b55


MEMORY CONFIGURATION

         name            origin    length      used     unused   attr    fill
----------------------  --------  ---------  --------  --------  ----  --------
  FLASH                 00000000   0004e000  000166e8  00037918  R  X
  FLASH_NV              0004e000   00008000  00008000  00000000  RW X
  FLASH_LAST            00056000   00002000  00002000  00000000  R  X
  SRAM                  20000000   00014000  00004016  0000ffea  RW X


SEGMENT ALLOCATION MAP

run origin  load origin   length   init length attrs members
----------  ----------- ---------- ----------- ----- -------
00000000    00000000    000166e8   000166e8    r-x
  00000000    00000000    0000003c   0000003c    r-- .resetVecs
  0000003c    0000003c    00002110   00002110    r-- .const
  0000214c    0000214c    00014084   00014084    r-x .text.1
  000161d0    000161d0    00000518   00000518    r-- .cinit
0004e000    0004e000    00008000   00000000    rw-
  0004e000    0004e000    00008000   00000000    rw- .TI.bound:flashBuf0
00056000    00056000    00002000   00002000    r-x
  00056000    00056000    00001fa8   00001fa8    r-x .text.2
  00057fa8    00057fa8    00000058   00000058    r-- .ccfg
20000100    20000100    000039e2   00000000    rw-
  20000100    20000100    00000004   00000000    rw- .data:xdcRomConstPtr
  20000104    20000104    00000004   00000000    rw- .data:xdcRomExternFuncPtr
  20000108    20000108    00000004   00000000    rw- .data:xdcRomStatePtr
  2000010c    2000010c    00000010   00000000    rw- .data:RAM_MAC_BASE_ADDR
  20000120    20000120    00002a28   00000000    rw- .data
  20002b48    20002b48    00000f9a   00000000    rw- .bss
20013aa0    20013aa0    00000560   00000000    rw-
  20013aa0    20013aa0    00000560   00000000    rw- .stack


SECTION ALLOCATION MAP

 output                                  attributes/
section   page    origin      length       input sections
--------  ----  ----------  ----------   ----------------
.const     0    0000003c    00002110     
                  0000003c    00000568     maclib_secure_cc13x2_zstack_subg.a : hmac_rom_init.obj (.const:HMAC_ROM_Flash_JT)
                  000005a4    000003b8     app_cop_pem4f.oem4f (.const:ROM_constStruct)
                  0000095c    00000258     maclib_secure_cc13x2_zstack_subg.a : fh_rom_init.obj (.const:FH_ROM_Flash_JT)
                  00000bb4    00000228     ti_radio_config.obj (.const:$O21$$)
                  00000ddc    000001f0     rf_multiMode_cc13x2.aem4f : rf_patch_cpe_prop.c.cc13x2.ccs.o (.const:patchImageProp)
                  00000fcc    00000168                               : rf_patch_cpe_ieee_802_15_4.c.cc13x2.ccs.o (.const:patchImageIeee802154)
                  00001134    0000012c     mac_cfg.obj (.const:FH_PibTbl)
                  00001260    00000100     crc.obj (.const:.string:crc_table$20)
                  00001360    000000fa     maclib_secure_cc13x2_zstack_subg.a : fh_global.obj (.const:FH_stateMatrix)
                  0000145a    000000f8     mac_cfg.obj (.const:macPibTbl)
                  00001552    00000001     ti_drivers_config.obj (.const:aesccmCC26XXHWAttrs)
                  00001553    00000001     app_cop_pem4f.oem4f (.const:xdc_runtime_Text_charTab__A)
                  00001554    000000cc     maclib_secure_cc13x2_zstack_subg.a : lmac_rom_init.obj (.const:LMAC_ROM_Flash_JT)
                  00001620    0000008c     mac_cfg.obj (.const:FHPIB_defaults)
                  000016ac    00000088     mac_cfg.obj (.const:macPibDefaults)
                  00001734    00000080     drivers_cc13x2.a : Random.oem4f (.const:$P$T0$1)
                  000017b4    00000072     maclib_secure_cc13x2_zstack_subg.a : hmac_global.obj (.const:macAssociatingSt)
                  00001826    00000072                                        : hmac_global.obj (.const:macIdleSt)
                  00001898    00000072                                        : hmac_global.obj (.const:macPollingSt)
                  0000190a    00000072                                        : hmac_global.obj (.const:macScanningSt)
                  0000197c    00000072                                        : hmac_global.obj (.const:macStartingSt)
                  000019ee    00000002     --HOLE-- [fill = 0]
                  000019f0    0000006c                                        : icall_osal_rom_init.obj (.const:ICALL_OSAL_ROM_Flash_JT)
                  00001a5c    0000006c     mac_user_config.obj (.const:macRfDriverTable)
                  00001ac8    00000064     mac_user_config.obj (.const:$O18$$)
                  00001b2c    00000058     mac_cfg.obj (.const:macSecurityPibTbl)
                  00001b84    00000054     ti_drivers_config.obj (.const:$O2$$)
                  00001bd8    00000054     drivers_cc13x2.a : PowerCC26X2.oem4f (.const:resourceDB)
                  00001c2c    00000050     mac_cfg.obj (.const:macMRFSKStdPhyTable)
                  00001c7c    00000048     app_cop_pem4f.oem4f (.const:.string)
                  00001cc4    00000048     app_cop_pem4f.oem4f (.const:ROM_externFuncPtrs)
                  00001d0c    00000040     mac_user_config.obj (.const:macCryptoDriverTable)
                  00001d4c    00000040     maclib_secure_cc13x2_zstack_subg.a : hmac_global.obj (.const:macTimerRolloverValue)
                  00001d8c    00000038                                        : hmac_global.obj (.const:macCmdIncludeFHIe)
                  00001dc4    00000028     drivers_cc13x2.a : NVSCC26XX.oem4f (.const:NVSCC26XX_fxnTable)
                  00001dec    00000028                      : UARTCC26XX.oem4f (.const:UARTCC26XX_fxnTable)
                  00001e14    00000028     app_cop_pem4f.oem4f (.const:ti_sysbios_heaps_HeapCallback_Module__FXNS__C)
                  00001e3c    00000028     ti_drivers_config.obj (.const:uartCC26XXHWAttrs)
                  00001e64    00000028     app_cop_pem4f.oem4f (.const:xdc_runtime_Startup_sfxnTab__A)
                  00001e8c    00000024     drivers_cc13x2.a : UART.oem4f (.const:UART_defaultParams)
                  00001eb0    00000024     app_cop_pem4f.oem4f (.const:ti_sysbios_gates_GateMutexPri_Module__FXNS__C)
                  00001ed4    00000020     rf_multiMode_cc13x2.aem4f : RFCC26X2_multiMode.c.cc13x2.ccs.o (.const:RF_defaultParams)
                  00001ef4    00000020     app_cop_pem4f.oem4f (.const:ti_sysbios_gates_GateMutexPri_Object__DESC__C)
                  00001f14    00000020     app_cop_pem4f.oem4f (.const:ti_sysbios_heaps_HeapCallback_Object__DESC__C)
                  00001f34    0000001c     app_cop_pem4f.oem4f (.const:ti_sysbios_heaps_HeapCallback_Object__PARAMS__C)
                  00001f50    00000018     maclib_secure_cc13x2_zstack_subg.a : hmac_global.obj (.const:macSendMsgBufSize)
                  00001f68    00000018     app_cop_pem4f.oem4f (.const:ti_sysbios_gates_GateMutexPri_Object__PARAMS__C)
                  00001f80    00000014     ti_drivers_config.obj (.const:PowerCC26X2_config)
                  00001f94    00000014     drivers_cc13x2.a : UARTCC26XX.oem4f (.const:parityType)
                  00001fa8    00000014     app_cop_pem4f.oem4f (.const:xdc_runtime_Startup_sfxnRts__A)
                  00001fbc    00000013     macTask.obj (.const:.string:msacbackSizeTable)
                  00001fcf    00000001     --HOLE-- [fill = 0]
                  00001fd0    00000010     drivers_cc13x2.a : AESCCM.oem4f (.const:AESCCM_defaultParams)
                  00001fe0    00000010                      : TRNG.oem4f (.const:TRNG_defaultParams)
                  00001ff0    00000010                      : UARTCC26XX.oem4f (.const:dataLength)
                  00002000    00000010     maclib_secure_cc13x2_zstack_subg.a : hmac_global.obj (.const:macIEEEPhyTable)
                  00002010    0000000e                                        : hmac_global.obj (.const:.string:macCmdBufSize)
                  0000201e    0000000e                                        : hmac_global.obj (.const:.string:macTxFrameFailed)
                  0000202c    0000000e                                        : hmac_global.obj (.const:.string:macTxFrameSuccess)
                  0000203a    00000002     --HOLE-- [fill = 0]
                  0000203c    0000000c     mt_sys.obj (.const:$O6$$)
                  00002048    0000000c     drivers_cc13x2.a : Random.oem4f (.const:$P$T1$2)
                  00002054    0000000c     maclib_secure_cc13x2_zstack_subg.a : hmac_global.obj (.const:.string:macCbackEventTbl)
                  00002060    0000000c                                        : hmac_global.obj (.const:.string:macSendMsgDataSize)
                  0000206c    0000000c     ti_drivers_config.obj (.const:NVS_config)
                  00002078    0000000c     ti_drivers_config.obj (.const:RFCC26XX_hwAttrs)
                  00002084    0000000c     ti_drivers_config.obj (.const:UART_config)
                  00002090    0000000c     app_cop_pem4f.oem4f (.const:xdc_runtime_Startup_firstFxns__A)
                  0000209c    0000000b     ti_drivers_config.obj (.const)
                  000020a7    00000009     maclib_secure_cc13x2_zstack_subg.a : hmac_global.obj (.const:.string:macCmdLen)
                  000020b0    00000008                                        : mac_rx.obj (.const:$O27$$)
                  000020b8    00000008     driverlib.lib : aux_sysif.obj (.const:$O36$$)
                  000020c0    00000008     main.obj (.const:.string:dummyExtAddr$1)
                  000020c8    00000008     maclib_secure_cc13x2_zstack_subg.a : fh_global.obj (.const:.string:fhSupFrameTypes)
                  000020d0    00000008                                        : hmac_global.obj (.const:.string:macAuthTagLen)
                  000020d8    00000008     ti_drivers_config.obj (.const:AESCCM_config)
                  000020e0    00000008     ti_drivers_config.obj (.const:PINCC26XX_hwAttrs)
                  000020e8    00000008     ti_drivers_config.obj (.const:nvsCC26XXHWAttrs)
                  000020f0    00000008     drivers_cc13x2.a : UARTCC26XX.oem4f (.const:stopBits)
                  000020f8    00000008     app_cop_pem4f.oem4f (.const:ti_sysbios_family_arm_m3_Hwi_excHookFuncs__A)
                  00002100    00000006     drivers_cc13x2.a : UARTCC26XX.oem4f (.const:.string:rxFifoBytes)
                  00002106    00000006                      : UARTCC26XX.oem4f (.const:.string:rxFifoThreshold)
                  0000210c    00000006                      : UARTCC26XX.oem4f (.const:.string:txFifoBytes)
                  00002112    00000006                      : UARTCC26XX.oem4f (.const:.string:txFifoThreshold)
                  00002118    00000004     maclib_secure_cc13x2_zstack_subg.a : hmac_global.obj (.const:.string:macKeySourceLen)
                  0000211c    00000004     drivers_cc13x2.a : NVS.oem4f (.const:NVS_defaultParams)
                  00002120    00000004     app_cop_pem4f.oem4f (.const:ti_sysbios_gates_GateMutexPri_Instance_State_pendQ__O)
                  00002124    00000004     app_cop_pem4f.oem4f (.const:ti_sysbios_heaps_HeapCallback_Object__count__C)
                  00002128    00000004     app_cop_pem4f.oem4f (.const:ti_sysbios_heaps_HeapCallback_allocInstFxn__C)
                  0000212c    00000004     app_cop_pem4f.oem4f (.const:ti_sysbios_heaps_HeapCallback_createInstFxn__C)
                  00002130    00000004     app_cop_pem4f.oem4f (.const:ti_sysbios_heaps_HeapCallback_deleteInstFxn__C)
                  00002134    00000004     app_cop_pem4f.oem4f (.const:ti_sysbios_heaps_HeapCallback_freeInstFxn__C)
                  00002138    00000004     app_cop_pem4f.oem4f (.const:ti_sysbios_heaps_HeapCallback_getStatsInstFxn__C)
                  0000213c    00000004     app_cop_pem4f.oem4f (.const:ti_sysbios_heaps_HeapCallback_initInstFxn__C)
                  00002140    00000004     app_cop_pem4f.oem4f (.const:ti_sysbios_heaps_HeapCallback_isBlockingInstFxn__C)
                  00002144    00000004     app_cop_pem4f.oem4f (.const:ti_sysbios_knl_Clock_tickPeriod__C)
                  00002148    00000004     app_cop_pem4f.oem4f (.const:ti_sysbios_knl_Idle_funcList__A)

.cinit     0    000161d0    00000518     
                  000161d0    000004ae     (.cinit..data.load) [load image, compression = lzss]
                  0001667e    00000002     --HOLE-- [fill = 0]
                  00016680    0000000c     (__TI_handler_table)
                  0001668c    00000004     --HOLE-- [fill = 0]
                  00016690    00000008     (.cinit..bss.load) [load image, compression = zero_init]
                  00016698    00000008     (.cinit..data:RAM_MAC_BASE_ADDR.load) [load image, compression = zero_init]
                  000166a0    00000008     (.cinit..data:xdcRomConstPtr.load) [load image, compression = lzss]
                  000166a8    00000008     (.cinit..data:xdcRomExternFuncPtr.load) [load image, compression = lzss]
                  000166b0    00000008     (.cinit..data:xdcRomStatePtr.load) [load image, compression = lzss]
                  000166b8    00000030     (__TI_cinit_table)

.init_array 
*          0    00000000    00000000     UNINITIALIZED

.TI.bound:flashBuf0 
*          0    0004e000    00008000     UNINITIALIZED
                  0004e000    00008000     ti_drivers_config.obj (.TI.bound:flashBuf0)

.ccfg      0    00057fa8    00000058     
                  00057fa8    00000058     ti_devices_config.obj (.ccfg:retain)

.data:xdcRomConstPtr 
*          0    20000100    00000004     UNINITIALIZED
                  20000100    00000004     app_cop_pem4f.oem4f (.data:xdcRomConstPtr)

.data:xdcRomExternFuncPtr 
*          0    20000104    00000004     UNINITIALIZED
                  20000104    00000004     app_cop_pem4f.oem4f (.data:xdcRomExternFuncPtr)

.data:xdcRomStatePtr 
*          0    20000108    00000004     UNINITIALIZED
                  20000108    00000004     app_cop_pem4f.oem4f (.data:xdcRomStatePtr)

.data      0    20000120    00002a28     UNINITIALIZED
                  20000120    000008c4     macTask.obj (.data:$O16$$)
                  200009e4    00000004     maclib_secure_cc13x2_zstack_subg.a : mac_autopend.obj (.data:$O24$$)
                  200009e8    000004f8     rf_multiMode_cc13x2.aem4f : RFCC26X2_multiMode.c.cc13x2.ccs.o (.data:$O1$$)
                  20000ee0    000003e4     main.obj (.data:$O1$$)
                  200012c4    00000388     npi_task.obj (.data:$O11$$)
                  2000164c    00000234     npi_tl.obj (.data:$O12$$)
                  20001880    000001b0     mac_settings.obj (.data:$O17$$)
                  20001a30    00000198     zstack_subg_cb.obj (.data:$O14$$)
                  20001bc8    0000018c     maclib_osal_tirtos_cc13x2_26x2.a : osal_port.obj (.data:$O32$$)
                  20001d54    00000170     drivers_cc13x2.a : PowerCC26X2.oem4f (.data:PowerCC26X2_module)
                  20001ec4    00000150     ti_radio_config.obj (.data:$O20$$)
                  20002014    00000114     npi_rxbuf.obj (.data:$O10$$)
                  20002128    0000010c     app_cop_pem4f.oem4f (.data:ROM_stateStruct)
                  20002234    00000004     maclib_secure_cc13x2_zstack_subg.a : fh_global.obj (.data:macAddrSize)
                  20002238    000000a8                                        : mac.obj (.data:$O23$$)
                  200022e0    000000a0     mac_cfg.obj (.data:macMRFSKGenPhyTable)
                  20002380    00000078     nvocmp.obj (.data:$O19$$)
                  200023f8    0000006c     maclib_secure_cc13x2_zstack_subg.a : hmac_global.obj (.data:fhObject)
                  20002464    00000054                                        : fh_global.obj (.data:FHIE_channelPlan)
                  200024b8    0000004c     mcp.obj (.data:$O2$$)
                  20002504    0000004c     app_cop_pem4f.oem4f (.data:ti_sysbios_knl_Task_Object__table__V)
                  20002550    00000048     app_cop_pem4f.oem4f (.data:ti_sysbios_family_arm_cc26xx_Timer_Object__table__V)
                  20002598    00000044     board_led.obj (.data:$O8$$)
                  200025dc    00000040     maclib_secure_cc13x2_zstack_subg.a : mac_radio.obj (.data:$O25$$)
                  2000261c    00000038     npi_tl_uart.obj (.data:$O13$$)
                  20002654    00000038     app_cop_pem4f.oem4f (.data:ti_sysbios_gates_GateMutex_Object__table__V)
                  2000268c    00000034     api_mac.obj (.data:$O15$$)
                  200026c0    00000034     maclib_secure_cc13x2_zstack_subg.a : hmac_global.obj (.data:macBeaconPayload)
                  200026f4    00000034     ti_radio_config.obj (.data:pOverrides_slr5kbps2gfsk433mhz)
                  20002728    00000030     mt_util.obj (.data:$O7$$)
                  20002758    00000030     maclib_secure_cc13x2_zstack_subg.a : hmac_global.obj (.data)
                  20002788    00000030     ti_radio_config.obj (.data:pOverrides_2gfsk50kbps154g433mhz)
                  200027b8    00000030     app_cop_pem4f.oem4f (.data:ti_sysbios_knl_Swi_Module_State_0_readyQ__A)
                  200027e8    00000030     app_cop_pem4f.oem4f (.data:ti_sysbios_knl_Swi_Object__table__V)
                  20002818    00000030     app_cop_pem4f.oem4f (.data:ti_sysbios_knl_Task_Module_State_0_readyQ__A)
                  20002848    0000002c     mt.obj (.data:$O3$$)
                  20002874    00000028     maclib_secure_cc13x2_zstack_subg.a : mac_symbol_timer.obj (.data:$O28$$)
                  2000289c    00000024                                        : mac_tx.obj (.data:$O29$$)
                  200028c0    00000024     driverlib.lib : osc.obj (.data:$O34$$)
                  200028e4    00000024     maclib_secure_cc13x2_zstack_subg.a : hmac_global.obj (.data:macActionSet)
                  20002908    00000020     drivers_cc13x2.a : TRNGCC26XX.oem4f (.data:entropyPoolBuffer)
                  20002928    00000020     mac_cfg.obj (.data:macBeaconMargin)
                  20002948    00000020     app_cop_pem4f.oem4f (.data:ti_sysbios_knl_Clock_Object__table__V)
                  20002968    00000020     app_cop_pem4f.oem4f (.data:xdc_runtime_Error_IgnoreBlock)
                  20002988    0000001c     ti_radio_config.obj (.data:pOverrides_ieee154Tx20)
                  200029a4    0000001c     ti_radio_config.obj (.data:pOverrides_ieee154TxStd)
                  200029c0    00000018     app_cop_pem4f.oem4f (.data:ti_sysbios_family_arm_m3_Hwi_Object__table__V)
                  200029d8    00000014     ti_drivers_config.obj (.data:$O1$$)
                  200029ec    00000014     maclib_secure_cc13x2_zstack_subg.a : mac_radio_tx.obj (.data:$O31$$)
                  20002a00    00000014                                        : hmac_global.obj (.data:macStateTbl)
                  20002a14    00000010     maclib_osal_tirtos_cc13x2_26x2.a : osal_port_timers.obj (.data:$O33$$)
                  20002a24    00000010     mac_cfg.obj (.data:macCfg)
                  20002a34    0000000f     maclib_secure_cc13x2_zstack_subg.a : mac.obj (.data)
                  20002a43    00000001     drivers_cc13x2.a : AESCCMCC26XX.oem4f (.data)
                  20002a44    0000000c     maclib_secure_cc13x2_zstack_subg.a : mac_hl_patch.obj (.data:$O22$$)
                  20002a50    0000000c     npi_frame_mt.obj (.data:$O9$$)
                  20002a5c    0000000c     maclib_secure_cc13x2_zstack_subg.a : fh_global.obj (.data:FH_FSM)
                  20002a68    0000000c     ti_radio_config.obj (.data:pOverrides_ieee154)
                  20002a74    0000000c     app_cop_pem4f.oem4f (.data:ti_sysbios_heaps_HeapCallback_Object__table__V)
                  20002a80    00000008     rtsv7M4_T_le_v4SPD16_eabi.lib : _lock.c.obj (.data:$O37$$)
                  20002a88    00000008     mt_sys.obj (.data:$O5$$)
                  20002a90    00000008     maclib_secure_cc13x2_zstack_subg.a : fh_global.obj (.data:FH_txTiming)
                  20002a98    00000008     rf_multiMode_cc13x2.aem4f : RFCC26X2_multiMode.c.cc13x2.ccs.o (.data:RFCC26XX_schedulerPolicy)
                  20002aa0    00000008     drivers_cc13x2.a : PINCC26XX.oem4f (.data)
                  20002aa8    00000008                      : TRNGCC26XX.oem4f (.data:jobList)
                  20002ab0    00000008     app_cop_pem4f.oem4f (.data:ti_sysbios_family_arm_m3_Hwi_Module__root__V)
                  20002ab8    00000008     app_cop_pem4f.oem4f (.data:ti_sysbios_gates_GateHwi_Module__root__V)
                  20002ac0    00000008     app_cop_pem4f.oem4f (.data:ti_sysbios_gates_GateMutexPri_Module__root__V)
                  20002ac8    00000008     app_cop_pem4f.oem4f (.data:ti_sysbios_gates_GateMutex_Module__root__V)
                  20002ad0    00000008     app_cop_pem4f.oem4f (.data:ti_sysbios_hal_Hwi_Module__root__V)
                  20002ad8    00000008     app_cop_pem4f.oem4f (.data:ti_sysbios_heaps_HeapCallback_Module__root__V)
                  20002ae0    00000008     app_cop_pem4f.oem4f (.data:ti_sysbios_heaps_HeapMem_Module__root__V)
                  20002ae8    00000008     app_cop_pem4f.oem4f (.data:ti_sysbios_knl_Clock_Module__root__V)
                  20002af0    00000008     app_cop_pem4f.oem4f (.data:ti_sysbios_knl_Event_Module__root__V)
                  20002af8    00000008     app_cop_pem4f.oem4f (.data:ti_sysbios_knl_Mailbox_Module__root__V)
                  20002b00    00000008     app_cop_pem4f.oem4f (.data:ti_sysbios_knl_Queue_Module__root__V)
                  20002b08    00000008     app_cop_pem4f.oem4f (.data:ti_sysbios_knl_Semaphore_Module__root__V)
                  20002b10    00000008     app_cop_pem4f.oem4f (.data:ti_sysbios_knl_Swi_Module__root__V)
                  20002b18    00000008     app_cop_pem4f.oem4f (.data:ti_sysbios_knl_Task_Module__root__V)
                  20002b20    00000004     maclib_osal_tirtos_cc13x2_26x2.a : osal_port.obj (.data)
                  20002b24    00000004     maclib_secure_cc13x2_zstack_subg.a : lmac_global.obj (.data)
                  20002b28    00000004     mt_mac.obj (.data)
                  20002b2c    00000004     rtsv7M4_T_le_v4SPD16_eabi.lib : stkdepth_vars.c.obj (.data)
                  20002b30    00000004     app_cop_pem4f.oem4f (.data:ti_sysbios_family_arm_m3_Hwi_Module_State_0_excContext__A)
                  20002b34    00000004     app_cop_pem4f.oem4f (.data:ti_sysbios_family_arm_m3_Hwi_Module_State_0_excStack__A)
                  20002b38    00000004     app_cop_pem4f.oem4f (.data:ti_sysbios_knl_Task_Module_State_0_idleTask__A)
                  20002b3c    00000002     drivers_cc13x2.a : CryptoResourceCC26XX.oem4f (.data)
                  20002b3e    00000002                      : TRNGCC26XX.oem4f (.data)
                  20002b40    00000002     app_cop_pem4f.oem4f (.data:ti_sysbios_family_arm_m3_Hwi_Module_State_0_excActive__A)
                  20002b42    00000001     drivers_cc13x2.a : NVS.oem4f (.data)
                  20002b43    00000001                      : UART.oem4f (.data)
                  20002b44    00000001     maclib_secure_cc13x2_zstack_subg.a : mac_sleep.obj (.data)
                  20002b45    00000001     npi_tl.obj (.data)
                  20002b46    00000001     rf_multiMode_cc13x2.aem4f : rf_patch_cpe_ieee_802_15_4.c.cc13x2.ccs.o (.data)
                  20002b47    00000001                               : rf_patch_cpe_prop.c.cc13x2.ccs.o (.data)

.bss       0    20002b48    00000f9a     UNINITIALIZED
                  20002b48    00000200     app_cop_pem4f.oem4f (.bss:taskStackSection)
                  20002d48    000001b4     (.common:uartCC26XXObjects)
                  20002efc    000000fc     (.common:enhancedAckBuf)
                  20002ff8    000000f8     maclib_secure_cc13x2_zstack_subg.a : mac_radio.obj (.bss:RF_object$28)
                  200030f0    000000d8     (.common:ti_sysbios_family_arm_m3_Hwi_dispatchTable)
                  200031c8    0000009c                                        : mac_duty_cycle.obj (.bss:$O30$$)
                  20003264    0000008c     (.common:FHPIB_db)
                  200032f0    00000088     (.common:FH_hnd)
                  20003378    00000088     (.common:macPib)
                  20003400    0000007c     (.common:pinHandleTable)
                  2000347c    0000007a     (.common:FHNT_tableOpt)
                  200034f6    00000001                                        : mac_tx.obj (.bss)
                  200034f7    00000001     rf_multiMode_cc13x2.aem4f : RFCC26X2_multiMode.c.cc13x2.ccs.o (.bss)
                  200034f8    00000054     (.common:macScan)
                  2000354c    00000050     drivers_cc13x2.a : PINCC26XX.oem4f (.bss:pinSemaphore)
                  2000359c    00000050     (.common:CryptoResourceCC26XX_accessSemaphore)
                  200035ec    00000050     (.common:CryptoResourceCC26XX_operationSemaphore)
                  2000363c    00000042     (.common:FHFSM_Dbg)
                  2000367e    00000001     (.common:driverlib_release_0_59146)
                  2000367f    00000001     (.common:macAckTxActive)
                  20003680    00000040     (.common:macSecurityPib)
                  200036c0    0000003c     (.common:macBeaconCoord)
                  200036fc    00000038     (.common:FHNT_hnd)
                  20003734    00000038     (.common:macDeviceAction1)
                  2000376c    00000034                      : PINCC26XX.oem4f (.bss:pinSwi)
                  200037a0    00000034     (.common:macBeaconDevice)
                  200037d4    00000030     (.common:macMgmtAction1)
                  20003804    0000002c     (.common:macCoord)
                  20003830    0000002c     (.common:macDevice)
                  2000385c    00000028     maclib_secure_cc13x2_zstack_subg.a : mac_rx.obj (.bss:$O26$$)
                  20003884    00000028     mt_ext.obj (.bss:$O4$$)
                  200038ac    00000020     drivers_cc13x2.a : PINCC26XX.oem4f (.bss:pinGpioConfigTable)
                  200038cc    00000020     ti_drivers_config.obj (.bss:uartCC26XXRingBuffer0)
                  200038ec    00000020     (.common:macBeacon)
                  2000390c    0000001c     drivers_cc13x2.a : TRNGCC26XX.oem4f (.bss:TRNGCC26XX_hwi)
                  20003928    0000001c                      : TRNGCC26XX.oem4f (.bss:entropyPool)
                  20003944    0000001c                      : PINCC26XX.oem4f (.bss:pinHwi)
                  20003960    0000001c     (.common:CryptoResourceCC26XX_hwi)
                  2000397c    0000001c     (.common:macCoordAction2)
                  20003998    0000001c     (.common:macReset)
                  200039b4    00000018     (.common:aesccmCC26XXObjects)
                  200039cc    00000018     (.common:macScanAction)
                  200039e4    00000014     rf_multiMode_cc13x2.aem4f : RFCC26X2_multiMode.c.cc13x2.ccs.o (.bss:RF_ratSyncCmd)
                  200039f8    00000014     drivers_cc13x2.a : Random.oem4f (.bss:state)
                  20003a0c    00000014     (.common:macDeviceAction2)
                  20003a20    00000014     (.common:macMgmtAction2)
                  20003a34    00000010     (.common:macBeaconDeviceAction)
                  20003a44    00000010     (.common:macCoordAction3)
                  20003a54    00000010     (.common:macData)
                  20003a64    00000010     (.common:macDataTxDelay)
                  20003a74    0000000c                      : NVSCC26XX.oem4f (.bss)
                  20003a80    0000000c     (.common:macMain)
                  20003a8c    00000008     (.common:FHNT_tempTable)
                  20003a94    00000008     (.common:macBeaconCoordAction1)
                  20003a9c    00000008     (.common:macCoordAction1)
                  20003aa4    00000006     (.common:FHNT_Dbg)
                  20003aaa    00000001     (.common:macMgmt)
                  20003aab    00000001     (.common:macPanCoordinator)
                  20003aac    00000004                      : PINCC26XX.oem4f (.bss)
                  20003ab0    00000004     (.common:AESCCM_handle)
                  20003ab4    00000004     (.common:FH_test_var)
                  20003ab8    00000004     (.common:PowerCC26XX_swiKey)
                  20003abc    00000004     (.common:PowerCC26XX_taskKey)
                  20003ac0    00000004     (.common:macCryptoDrvTblPtr)
                  20003ac4    00000004     (.common:macRxSymbol)
                  20003ac8    00000004     (.common:macTimerActive)
                  20003acc    00000004     (.common:nvsCC26XXObjects)
                  20003ad0    00000004     (.common:timerAlignedQ)
                  20003ad4    00000004     (.common:timerUnalignedQ)
                  20003ad8    00000001     (.common:macPhyChannel)
                  20003ad9    00000001     (.common:macPwr)
                  20003ada    00000001     (.common:macRxActive)
                  20003adb    00000001     (.common:macRxEnableFlags)
                  20003adc    00000001     (.common:macRxOutgoingAckFlag)
                  20003add    00000001     (.common:macSymbolTimerImpending)
                  20003ade    00000001     (.common:macTaskId)
                  20003adf    00000001     (.common:macTxActive)
                  20003ae0    00000001     (.common:macUnitBackoffPeriod)
                  20003ae1    00000001     (.common:rxFhRsl)

.vtable    0    20003ae2    00000000     UNINITIALIZED

.vtable_ram 
*          0    20003ae2    00000000     UNINITIALIZED

vtable_ram 
*          0    20003ae2    00000000     UNINITIALIZED

.sysmem    0    20003ae2    00000000     UNINITIALIZED

.nonretenvar 
*          0    20003ae2    00000000     UNINITIALIZED

.stack     0    20013aa0    00000560     UNINITIALIZED
                  20013aa0    00000560     --HOLE--

.bootVecs 
*          0    00000000    00000008     DSECT
                  00000000    00000008     boot.aem4f : boot.oem4f (.bootVecs)

.resetVecs 
*          0    00000000    0000003c     
                  00000000    0000003c     app_cop_pem4f.oem4f (.resetVecs)

.vecs      0    20000000    000000d8     NOLOAD SECTION
                  20000000    000000d8     app_cop_pem4f.oem4f (.vecs)

xdc.meta   0    00000000    00000124     COPY SECTION
                  00000000    00000124     app_cop_pem4f.oem4f (xdc.meta)

xdc.noload 
*          0    00000000    00000000     COPY SECTION

.data:RAM_MAC_BASE_ADDR 
*          0    2000010c    00000010     UNINITIALIZED
                  2000010c    00000010     maclib_secure_cc13x2_zstack_subg.a : rom_init_154.obj (.data:RAM_MAC_BASE_ADDR)

.text.1    0    0000214c    00014084     
                  0000214c    000004b0     rf_multiMode_cc13x2.aem4f : RFCC26X2_multiMode.c.cc13x2.ccs.o (.text:RF_fsmActiveState)
                  000025fc    00000468     maclib_secure_cc13x2_zstack_subg.a : mac_radio_tx.obj (.text:macRadioTxGoSubG$38)
                  00002a64    00000444                                        : mac_hl_patch.obj (.text:macWrapperAddDevice)
                  00002ea8    00000434     nvocmp.obj (.text:NVOCMP_initNv$21)
                  000032dc    000003ac     maclib_secure_cc13x2_zstack_subg.a : mac.obj (.text:macRxCb)
                  00003688    0000037c                                        : mac_rx.obj (.text:rxPayloadIsr$29)
                  00003a04    00000330     api_mac.obj (.text:processIncomingICallMsg$15)
                  00003d34    00000318     maclib_secure_cc13x2_zstack_subg.a : mac_hl_patch.obj (.text:macBuildHeader)
                  0000404c    00000310                                        : mac_radio_tx.obj (.text:macRadioCsmaTxCb)
                  0000435c    000002ec                                        : mac_tx.obj (.text:macTxFrame)
                  00004648    000002e0                                        : mac_hl_patch.obj (.text:macScanNextChan)
                  00004928    000002dc     npi_task.obj (.text:NPITask_Fxn)
                  00004c04    000002c0     nvocmp.obj (.text:NVOCMP_compactPage$21)
                  00004ec4    000002c0     mcp.obj (.text:processMsg$2)
                  00005184    00000280     maclib_secure_cc13x2_zstack_subg.a : mac_pwr.obj (.text:macPwrVote)
                  00005404    00000274     nvocmp.obj (.text:NVOCMP_compact$21)
                  00005678    0000025c     maclib_secure_cc13x2_zstack_subg.a : mac_tx.obj (.text:txCsmaPrep$32)
                  000058d4    00000228     mt_sys.obj (.text:MtSys_commandProcessing)
                  00005afc    00000220     main.obj (.text:taskFxn$1)
                  00005d1c    0000021c     maclib_secure_cc13x2_zstack_subg.a : mac.obj (.text:macSendReceiveCmdIeee)
                  00005f38    00000218                                        : mac_radio.obj (.text:macRadioInitSubG)
                  00006150    00000214                                        : mac.obj (.text:macSendReceiveCmdSubG)
                  00006364    00000210     rf_multiMode_cc13x2.aem4f : RFCC26X2_multiMode.c.cc13x2.ccs.o (.text:RF_scheduleCmd)
                  00006574    00000208     nvocmp.obj (.text:NVOCMP_addItem$21)
                  0000677c    00000200     rf_multiMode_cc13x2.aem4f : RFCC26X2_multiMode.c.cc13x2.ccs.o (.text:RF_open)
                  0000697c    000001f4     maclib_secure_cc13x2_zstack_subg.a : mac_radio_tx.obj (.text:macRadioTxAck$38)
                  00006b70    000001e0     drivers_cc13x2.a : PINCC26XX.oem4f (.text:PIN_init)
                  00006d50    000001e0     maclib_secure_cc13x2_zstack_subg.a : mac_hl_patch.obj (.text:macWrapperAddKeyInitFCtr)
                  00006f30    000001d4     rf_multiMode_cc13x2.aem4f : RFCC26X2_multiMode.c.cc13x2.ccs.o (.text:RF_dispatchNextCmd)
                  00007104    000001ac     maclib_secure_cc13x2_zstack_subg.a : mac_hl_patch.obj (.text:macRxBeaconCritical)
                  000072b0    000001a4                                        : mac_hl_patch.obj (.text:macWrapperDeleteKeyAndAssociatedDevices)
                  00007454    000001a0                                        : mac_radio_tx.obj (.text:macRadioTxGoIeee$38)
                  000075f4    0000019c                                        : mac_hl_patch.obj (.text:macIncomingFrameSecurityMaterialRetrieval)
                  00007790    00000198     drivers_cc13x2.a : PowerCC26X2.oem4f (.text:Power_sleep)
                  00007928    00000198     maclib_secure_cc13x2_zstack_subg.a : mac_hl_patch.obj (.text:macWrapperDeleteDevice)
                  00007ac0    00000190     drivers_cc13x2.a : PowerCC26X2_calibrateRCOSC.oem4f (.text:calibrateRcoscHf1)
                  00007c50    0000018c     maclib_secure_cc13x2_zstack_subg.a : mac_hl_patch.obj (.text:macIncomingFrameSecurity)
                  00007ddc    0000018c     drivers_cc13x2.a : PowerCC26X2_calibrateRCOSC.oem4f (.text:runCalibrateFsm)
                  00007f68    0000017c     mt_mac.obj (.text:MtMac_BeaconNotifyInd)
                  000080e4    00000178     maclib_secure_cc13x2_zstack_subg.a : mac_hl_patch.obj (.text:macSetDefaultsByPhyID)
                  0000825c    00000174     mt_util.obj (.text:MtUtil_commandProcessing)
                  000083d0    00000174     drivers_cc13x2.a : PowerCC26X2.oem4f (.text:Power_init)
                  00008544    0000016c     maclib_secure_cc13x2_zstack_subg.a : mac_radio_tx.obj (.text:macRadioTxPrepCsmaUnslotted)
                  000086b0    00000164     drivers_cc13x2.a : UARTCC26XX.oem4f (.text:UARTCC26XX_open)
                  00008814    00000164     maclib_secure_cc13x2_zstack_subg.a : mac_hl_patch.obj (.text:macWrapperDeleteAllDevices)
                  00008978    00000164                                        : mac_tx.obj (.text:txCsmaDelay)
                  00008adc    00000158     driverlib.lib : sys_ctrl.obj (.text:NOROM_SysCtrlStandby)
                  00008c34    00000154     mt.obj (.text:MT_sendResponse)
                  00008d88    00000154     nvocmp.obj (.text:NVOCMP_findItem$21)
                  00008edc    00000154     rf_multiMode_cc13x2.aem4f : RFCC26X2_multiMode.c.cc13x2.ccs.o (.text:RF_radioOpDoneCb)
                  00009030    00000154     drivers_cc13x2.a : UARTCC26XX.oem4f (.text:UARTCC26XX_hwiIntFxn)
                  00009184    0000014c     maclib_secure_cc13x2_zstack_subg.a : mac_hl_patch.obj (.text:macScanRxBeacon)
                  000092d0    00000148     rf_multiMode_cc13x2.aem4f : RFCC26X2_multiMode.c.cc13x2.ccs.o (.text:RF_fsmSetupState)
                  00009418    00000148     maclib_secure_cc13x2_zstack_subg.a : mac_radio_tx.obj (.text:macRadioLbtTxCb)
                  00009560    00000140     drivers_cc13x2.a : AESCCMCC26XX.oem4f (.text:AESCCM_startOperation)
                  000096a0    0000013c     rf_multiMode_cc13x2.aem4f : RFCC26X2_multiMode.c.cc13x2.ccs.o (.text:RF_ratSetupChannel)
                  000097dc    0000013a     drivers_cc13x2.a : UARTCC26XX.oem4f (.text:UARTCC26XX_read)
                  00009916    00000002     ti_drivers_config.obj (.text:Board_initHook)
                  00009918    00000138     drivers_cc13x2.a : NVSCC26XX.oem4f (.text:NVSCC26XX_write)
                  00009a50    00000138     rf_multiMode_cc13x2.aem4f : RFCC26X2_multiMode.c.cc13x2.ccs.o (.text:RF_abortCmd)
                  00009b88    00000138     maclib_secure_cc13x2_zstack_subg.a : mac_hl_patch.obj (.text:macBuildDataFrame)
                  00009cc0    00000138                                        : mac_low_level.obj (.text:macLowLevelBufferInit)
                  00009df8    00000130                                        : mac_radio.obj (.text:macRadioInitIeee)
                  00009f28    00000120     rf_multiMode_cc13x2.aem4f : RFCC26X2_multiMode.c.cc13x2.ccs.o (.text:RF_close)
                  0000a048    00000120     drivers_cc13x2.a : PowerCC26X2.oem4f (.text:configureXOSCHF)
                  0000a168    00000120     ti_drivers_config.obj (.text:rfDriverCallbackAntennaSwitching)
                  0000a288    00000118     maclib_secure_cc13x2_zstack_subg.a : mac.obj (.text:macSetupRATChanCompare)
                  0000a3a0    00000114     macTask.obj (.text:MAC_CbackEvent)
                  0000a4b4    00000114     drivers_cc13x2.a : PINCC26XX.oem4f (.text:PINCC26XX_setIoCfg)
                  0000a5c8    00000112     rf_multiMode_cc13x2.aem4f : RFCC26X2_multiMode.c.cc13x2.ccs.o (.text:RF_decodeOverridePointers)
                  0000a6da    00000002                               : rfc.c.cc13x2.ccs.o (.text:NOROM_RFCCpePatchReset)
                  0000a6dc    00000110     maclib_secure_cc13x2_zstack_subg.a : mac_hl_patch.obj (.text:macEdScanISR)
                  0000a7ec    0000010c     driverlib.lib : setup.obj (.text:TrimAfterColdResetWakeupFromShutDown$57)
                  0000a8f8    0000010c     mt_mac.obj (.text:macDataReq$5)
                  0000aa04    00000106     app_cop_pem4f.oem4f (.text:xdc_runtime_System_printfExtend__I)
                  0000ab0a    00000002     rf_multiMode_cc13x2.aem4f : RFCC26X2_multiMode.c.cc13x2.ccs.o (.text:RF_defaultCallback)
                  0000ab0c    00000104                               : RFCC26X2_multiMode.c.cc13x2.ccs.o (.text:RF_hwiCpe0Active)
                  0000ac10    000000fc     maclib_secure_cc13x2_zstack_subg.a : mac_hl_patch.obj (.text:macOutgoingFrameKeyDescRetrieval)
                  0000ad0c    000000f0     rf_multiMode_cc13x2.aem4f : RFCC26X2_multiMode.c.cc13x2.ccs.o (.text:RF_fsmPowerUpState)
                  0000adfc    000000f0     maclib_secure_cc13x2_zstack_subg.a : mac_hl_patch.obj (.text:macRxBeacon)
                  0000aeec    000000ec     nvocmp.obj (.text:NVOCMP_cleanPage$21)
                  0000afd8    000000ec     maclib_secure_cc13x2_zstack_subg.a : mac.obj (.text:macGetRFCmdDuration)
                  0000b0c4    000000e8                                        : mac.obj (.text:macSetupReceiveCmd)
                  0000b1ac    000000e4                                        : mac_hl_patch.obj (.text:macOutgoingFrameSecurity)
                  0000b290    000000e4                                        : mac_hl_patch.obj (.text:macScanRxCoordRealign)
                  0000b374    000000e4                                        : mac_tx.obj (.text:macTxChannelBusyCallback)
                  0000b458    000000e4                                        : mac_rx.obj (.text:rxPostRxUpdates$29)
                  0000b53c    000000e0     drivers_cc13x2.a : UARTCC26XX.oem4f (.text:UARTCC26XX_write)
                  0000b61c    000000e0     mt_mac.obj (.text:macStartReq$5)
                  0000b6fc    000000dc     maclib_secure_cc13x2_zstack_subg.a : mac_hl_patch.obj (.text:macBuildHeaderIes)
                  0000b7d8    000000d8     rf_multiMode_cc13x2.aem4f : RFCC26X2_multiMode.c.cc13x2.ccs.o (.text:RF_control)
                  0000b8b0    000000d8                               : RFCC26X2_multiMode.c.cc13x2.ccs.o (.text:RF_pendCmd)
                  0000b988    000000d8     maclib_secure_cc13x2_zstack_subg.a : mac_hl_patch.obj (.text:macCcmStarTransform)
                  0000ba60    000000d8                                        : mac_tx.obj (.text:txComplete)
                  0000bb38    000000d4                                        : mac_hl_patch.obj (.text:MAC_MlmeScanReq)
                  0000bc0c    000000d2     mt_mac.obj (.text:MtMac_ScanCnf)
                  0000bcde    000000d2     rf_multiMode_cc13x2.aem4f : RFCC26X2_multiMode.c.cc13x2.ccs.o (.text:RF_updatePaConfiguration)
                  0000bdb0    000000d0                               : RFCC26X2_multiMode.c.cc13x2.ccs.o (.text:RF_swiHw)
                  0000be80    000000d0     maclib_secure_cc13x2_zstack_subg.a : mac_radio_tx.obj (.text:macRadioTxAckCb$38)
                  0000bf50    000000cc                                        : mac_timer.obj (.text:macSymbolTimerTriggerCallback)
                  0000c01c    000000ca     mt_mac.obj (.text:dataInd$5)
                  0000c0e6    00000002     rtsv7M4_T_le_v4SPD16_eabi.lib : _lock.c.obj (.text:_nop)
                  0000c0e8    000000c8     dpl_cc13x2.a : PowerCC26X2_tirtos.oem4f (.text:PowerCC26XX_standbyPolicy)
                  0000c1b0    000000c4     maclib_secure_cc13x2_zstack_subg.a : mac_hl_patch.obj (.text:macApiStartReq)
                  0000c274    000000c0                                        : mac_pwr.obj (.text:MAC_PwrOffReq)
                  0000c334    000000c0     nvocmp.obj (.text:NVOCMP_erase$21)
                  0000c3f4    000000c0     drivers_cc13x2.a : PowerCC26X2.oem4f (.text:Power_releaseDependency)
                  0000c4b4    000000c0                      : UARTCC26XX.oem4f (.text:UARTCC26XX_initIO)
                  0000c574    000000c0     maclib_secure_cc13x2_zstack_subg.a : mac_hl_patch.obj (.text:macCoordReset)
                  0000c634    000000c0                                        : mac_hl_patch.obj (.text:macMgmtReset)
                  0000c6f4    000000bc     rf_multiMode_cc13x2.aem4f : RFCC26X2_multiMode.c.cc13x2.ccs.o (.text:RF_initRadioSetup)
                  0000c7b0    000000bc     maclib_secure_cc13x2_zstack_subg.a : mac_hl_patch.obj (.text:macAutoPoll)
                  0000c86c    000000b8     drivers_cc13x2.a : PowerCC26X2.oem4f (.text:Power_setDependency)
                  0000c924    000000b8                      : UARTCC26XX.oem4f (.text:UARTCC26XX_initHw)
                  0000c9dc    000000b4                      : TRNGCC26XX.oem4f (.text:TRNG_generateEntropy)
                  0000ca90    000000b0     maclib_secure_cc13x2_zstack_subg.a : mac_autopend.obj (.text:MAC_SrcMatchAddEntry)
                  0000cb40    000000b0                                        : mac_ebeacon.obj (.text:macBuildEBeaconNotifyInd)
                  0000cbf0    000000b0                                        : mac_radio.obj (.text:macRadioUpdateTxPower)
                  0000cca0    000000b0                                        : mac.obj (.text:macStopCmd)
                  0000cd50    000000ae     mt_mac.obj (.text:macScanReq$5)
                  0000cdfe    00000002     main.obj (.text:assertHandler)
                  0000ce00    000000ac     nvocmp.obj (.text:NVOCMP_readContItemApi$21)
                  0000ceac    000000ac     drivers_cc13x2.a : PINCC26XX.oem4f (.text:PIN_open)
                  0000cf58    000000ac     maclib_secure_cc13x2_zstack_subg.a : mac_hl_patch.obj (.text:macApiBeaconStartReq)
                  0000d004    000000ac     macTask.obj (.text:macTaskInit)
                  0000d0b0    000000a8     driverlib.lib : setup.obj (.text:NOROM_SetupTrimDevice)
                  0000d158    000000a8     nvocmp.obj (.text:NVOCMP_initNvApi$21)
                  0000d200    000000a8     maclib_secure_cc13x2_zstack_subg.a : mac_hl_patch.obj (.text:macBeaconCheckTxTime)
                  0000d2a8    000000a8                                        : mac_hl_patch.obj (.text:macTrackTimeoutCallback)
                  0000d350    000000a4     rf_multiMode_cc13x2.aem4f : RFCC26X2_multiMode.c.cc13x2.ccs.o (.text:RF_ratRestartChannels)
                  0000d3f4    000000a4     maclib_secure_cc13x2_zstack_subg.a : mac_hl_patch.obj (.text:macCcmStarInverseTransform)
                  0000d498    000000a4                                        : mac_radio_tx.obj (.text:macRadioTxPrepLbt)
                  0000d53c    000000a0     rf_multiMode_cc13x2.aem4f : RFCC26X2_multiMode.c.cc13x2.ccs.o (.text:RF_requestAccess)
                  0000d5dc    000000a0     auto_init.aem4f : auto_init.oem4f (.text)
                  0000d67c    000000a0     maclib_secure_cc13x2_zstack_subg.a : mac_hl_patch.obj (.text:macBlacklistChecking)
                  0000d71c    000000a0                                        : mac_radio.obj (.text:macRadioStartScan)
                  0000d7bc    000000a0     rom_sysbios.aem4f : rom_sysbios.obj (.text:ti_sysbios_knl_Task_setPri__E)
                  0000d85c    0000009c     nvocmp.obj (.text:NVOCMP_readHeader$21)
                  0000d8f8    0000009c     maclib_secure_cc13x2_zstack_subg.a : mac_duty_cycle.obj (.text:macDutyCycleNotify$33)
                  0000d994    0000009c                                        : mac_radio.obj (.text:macRadioUpdateChannel)
                  0000da30    0000009c                                        : mac_radio.obj (.text:macRadioUpdateChannelRx)
                  0000dacc    0000009c                                        : mac_rx_onoff.obj (.text:macRxOffRequest)
                  0000db68    0000009c                                        : mac_timer.obj (.text:macTimerRealign)
                  0000dc04    0000009c     rtsv7M4_T_le_v4SPD16_eabi.lib : memcpy_t2.asm.obj (.text)
                  0000dca0    0000009c     mt_ext.obj (.text:sendFragment$4)
                  0000dd3c    00000098     npi_tl_uart.obj (.text:NPITLUART_initializeTransport)
                  0000ddd4    00000098     nvocmp.obj (.text:NVOCMP_updateItemApi$21)
                  0000de6c    00000098     rf_multiMode_cc13x2.aem4f : RFCC26X2_multiMode.c.cc13x2.ccs.o (.text:RF_calculateDispatchTime)
                  0000df04    00000098     api_mac.obj (.text:processBeaconNotifyInd$15)
                  0000df9c    00000098     mt_mac.obj (.text:sendCRSP$5)
                  0000e034    00000098     drivers_cc13x2.a : UARTCC26XX.oem4f (.text:writeTxFifoFlush)
                  0000e0cc    00000096     mt_mac.obj (.text:macAddDeviceReq$5)
                  0000e162    00000096     rtsv7M4_T_le_v4SPD16_eabi.lib : ull_div_t2.asm.obj (.text)
                  0000e1f8    00000094     nvocmp.obj (.text:NVOCMP_getDstPage$21)
                  0000e28c    00000094     drivers_cc13x2.a : TRNGCC26XX.oem4f (.text:TRNGCC26XX_hwiFxn)
                  0000e320    00000094     board_led.obj (.text:board_led_blinkTimeoutCB$8)
                  0000e3b4    00000094     maclib_secure_cc13x2_zstack_subg.a : mac_hl_patch.obj (.text:macIncomingSecurityLevelChecking)
                  0000e448    00000094                                        : mac.obj (.text:macRatCb_A)
                  0000e4dc    00000094                                        : mac.obj (.text:macSetupFsCmd)
                  0000e570    00000092     drivers_cc13x2.a : UARTCC26XX.oem4f (.text:UARTCC26XX_writeCancel)
                  0000e602    00000002                      : PowerCC26X2.oem4f (.text:emptyClockFunc)
                  0000e604    00000090     maclib_secure_cc13x2_zstack_subg.a : mac_hl_patch.obj (.text:MAC_ResumeReq)
                  0000e694    00000090     rf_multiMode_cc13x2.aem4f : RFCC26X2_multiMode.c.cc13x2.ccs.o (.text:RF_discardPendCmd)
                  0000e724    00000090                               : RFCC26X2_multiMode.c.cc13x2.ccs.o (.text:RF_getInfo)
                  0000e7b4    00000090     maclib_secure_cc13x2_zstack_subg.a : mac_hl_patch.obj (.text:macCcmDecrypt)
                  0000e844    00000090                                        : mac_hl_patch.obj (.text:macTrackStartCallback)
                  0000e8d4    0000008c     api_mac.obj (.text:ApiMac_mlmeGetReqArrayLen)
                  0000e960    0000008c     npi_task.obj (.text:NPITask_inititializeTask$11)
                  0000e9ec    0000008c     maclib_osal_tirtos_cc13x2_26x2.a : osal_port.obj (.text:OsalPort_heapMalloc$51)
                  0000ea78    0000008c                                      : osal_port.obj (.text:OsalPort_setTimer)
                  0000eb04    0000008c     api_mac.obj (.text:copyDataInd$15)
                  0000eb90    0000008c     maclib_secure_cc13x2_zstack_subg.a : mac_hl_patch.obj (.text:macCcmEncrypt)
                  0000ec1c    0000008c                                        : mac_radio_tx.obj (.text:macRadioTxEnhAckCb)
                  0000eca8    0000008c     rom_sysbios.aem4f : rom_sysbios.obj (.text:ti_sysbios_gates_GateMutexPri_enter__E)
                  0000ed34    00000088     api_mac.obj (.text:ApiMac_mlmeSetReqArray)
                  0000edbc    00000088     maclib_secure_cc13x2_zstack_subg.a : mac_autopend.obj (.text:MAC_SrcMatchEnable)
                  0000ee44    00000088     driverlib.lib : osc.obj (.text:NOROM_OSCHF_AttemptToSwitchToXosc)
                  0000eecc    00000088     nvocmp.obj (.text:NVOCMP_deleteItemApi$21)
                  0000ef54    00000088     rf_multiMode_cc13x2.aem4f : RFCC26X2_multiMode.c.cc13x2.ccs.o (.text:RF_cmdDispatchTime)
                  0000efdc    00000088                               : RFCC26X2_multiMode.c.cc13x2.ccs.o (.text:RF_getTxPower)
                  0000f064    00000088     drivers_cc13x2.a : PowerCC26X2_calibrateRCOSC.oem4f (.text:calibrateRcoscHf2)
                  0000f0ec    00000088                      : PowerCC26X2.oem4f (.text:disableLFClockQualifiers)
                  0000f174    00000088     maclib_secure_cc13x2_zstack_subg.a : mac_hl_patch.obj (.text:macKeyDescriptorLookup)
                  0000f1fc    00000088                                        : mac_mcu.obj (.text:macMcuOverflowSetPeriod)
                  0000f284    00000088                                        : mac_symbol_timer.obj (.text:macSymbolTimerInit)
                  0000f30c    00000088     drivers_cc13x2.a : PowerCC26X2_calibrateRCOSC.oem4f (.text:updateSubSecInc)
                  0000f394    00000084     npi_tl.obj (.text:NPITL_writeTL)
                  0000f418    00000084     nvocmp.obj (.text:NVOCMP_createItemApi$21)
                  0000f49c    00000084     rf_multiMode_cc13x2.aem4f : RFCC26X2_multiMode.c.cc13x2.ccs.o (.text:RF_issueRadioFreeCb)
                  0000f520    00000084                               : RFCC26X2_multiMode.c.cc13x2.ccs.o (.text:RF_verifyGap)
                  0000f5a4    00000084     drivers_cc13x2.a : UARTCC26XX.oem4f (.text:UARTCC26XX_close)
                  0000f628    00000084     maclib_secure_cc13x2_zstack_subg.a : mac_timer.obj (.text:macTimerUpdateSymbolTimer)
                  0000f6ac    00000080     api_mac.obj (.text:ApiMac_init)
                  0000f72c    00000080     npi_tl_uart.obj (.text:NPITLUART_readCallBack$13)
                  0000f7ac    00000080     drivers_cc13x2.a : NVSCC26XX.oem4f (.text:NVSCC26XX_open)
                  0000f82c    00000080     maclib_secure_cc13x2_zstack_subg.a : mac_mcu.obj (.text:macMcuOverflowSetCompare)
                  0000f8ac    00000080                                        : mac_radio.obj (.text:macRadioWakeupCb)
                  0000f92c    00000080                                        : mac_autopend.obj (.text:macSrcMatchCheckSrcAddr$25)
                  0000f9ac    00000080                                        : mac_radio.obj (.text:scheduleNopWakeupCmd)
                  0000fa2c    00000080     rom_sysbios.aem4f : rom_sysbios.obj (.text:ti_sysbios_family_arm_cc26xx_Timer_start__E)
                  0000faac    00000080     maclib_secure_cc13x2_zstack_subg.a : mac_tx.obj (.text:txGo$32)
                  0000fb2c    0000007c     nvocmp.obj (.text:NVOCMP_readItemApi$21)
                  0000fba8    0000007c     rf_multiMode_cc13x2.aem4f : RFCC26X2_multiMode.c.cc13x2.ccs.o (.text:RF_ratFreeChannel)
                  0000fc24    0000007c     maclib_secure_cc13x2_zstack_subg.a : mac_rx_onoff.obj (.text:macRxOn)
                  0000fca0    0000007c     maclib_osal_tirtos_cc13x2_26x2.a : osal_port.obj (.text:osalHeapInitFxn)
                  0000fd1c    0000007a     rtsv7M4_T_le_v4SPD16_eabi.lib : memset_t2.asm.obj (.text)
                  0000fd96    00000002     drivers_cc13x2.a : CryptoResourceCC26XX.oem4f (.text:errorSpin)
                  0000fd98    00000078     board_led.obj (.text:Board_Led_control)
                  0000fe10    00000078     nvocmp.obj (.text:NVOCMP_checkItem$21)
                  0000fe88    00000078     maclib_secure_cc13x2_zstack_subg.a : mac_timer.obj (.text:macTimerSetRollover)
                  0000ff00    00000078     rom_sysbios.aem4f : rom_sysbios.obj (.text:ti_sysbios_heaps_HeapMem_allocUnprotected__E)
                  0000ff78    00000074     npi_task.obj (.text:NPITask_transportRXCallBack$11)
                  0000ffec    00000074     nvocmp.obj (.text:NVOCMP_writeItemApi$21)
                  00010060    00000074     drivers_cc13x2.a : PowerCC26X2_calibrateRCOSC.oem4f (.text:PowerCC26X2_auxISR)
                  000100d4    00000074     rf_multiMode_cc13x2.aem4f : RFCC26X2_multiMode.c.cc13x2.ccs.o (.text:RF_ratDisableChannel)
                  00010148    00000074                               : RFCC26X2_multiMode.c.cc13x2.ccs.o (.text:RF_yield)
                  000101bc    00000074     drivers_cc13x2.a : TRNGCC26XX.oem4f (.text:TRNG_construct)
                  00010230    00000074     maclib_secure_cc13x2_zstack_subg.a : mac_duty_cycle.obj (.text:macDutyCycleByteToUSec)
                  000102a4    00000074     rom_sysbios.aem4f : rom_sysbios.obj (.text:ti_sysbios_gates_GateMutexPri_leave__E)
                  00010318    00000072     rf_multiMode_cc13x2.aem4f : RFCC26X2_multiMode.c.cc13x2.ccs.o (.text:RF_detachOverrides)
                  0001038a    00000002     maclib_secure_cc13x2_zstack_subg.a : mac_pwr.obj (.text:macApiPwrOnReq)
                  0001038c    00000070     drivers_cc13x2.a : AESCCMCC26XX.oem4f (.text:AESCCM_cleanup)
                  000103fc    00000070     rf_multiMode_cc13x2.aem4f : rfc.c.cc13x2.ccs.o (.text:NOROM_RFCAnaDivTxOverride)
                  0001046c    00000070     nvocmp.obj (.text:NVOCMP_eraseNvApi$21)
                  000104dc    00000070     rf_multiMode_cc13x2.aem4f : RFCC26X2_multiMode.c.cc13x2.ccs.o (.text:RF_getCurrentTime)
                  0001054c    00000070     drivers_cc13x2.a : Random.oem4f (.text:Random_seedAutomatic)
                  000105bc    0000006e     rf_multiMode_cc13x2.aem4f : RFCC26X2_multiMode.c.cc13x2.ccs.o (.text:RF_attachOverrides)
                  0001062a    0000006e                               : RFCC26X2_multiMode.c.cc13x2.ccs.o (.text:RF_howToSchedule)
                  00010698    0000006e     mt_mac.obj (.text:macAssociateReq$5)
                  00010706    0000006e     mt_mac.obj (.text:macWriteKeyReq$5)
                  00010774    0000006e     rtsv7M4_T_le_v4SPD16_eabi.lib : ll_div_t2.asm.obj (.text)
                  000107e2    00000002     maclib_secure_cc13x2_zstack_subg.a : mac_mcu.obj (.text:macMcuBitReverse)
                  000107e4    0000006d     rom_sysbios.aem4f : rom_sysbios.obj (.text:xdc_runtime_System_formatNum__I)
                  00010851    00000001     --HOLE-- [fill = 0]
                  00010852    00000002     maclib_secure_cc13x2_zstack_subg.a : mac_radio.obj (.text:macRadioSetRE)
                  00010854    0000006c     driverlib.lib : chipinfo.obj (.text:NOROM_ChipInfo_GetChipType)
                  000108c0    0000006c     rf_multiMode_cc13x2.aem4f : RFCC26X2_multiMode.c.cc13x2.ccs.o (.text:RF_dispatchNextEvent)
                  0001092c    0000006c     maclib_secure_cc13x2_zstack_subg.a : mac_radio_tx.obj (.text:macRadioTxBackoffBoundary)
                  00010998    0000006c                                        : mac_hl_patch.obj (.text:macTrackPeriodCallback)
                  00010a04    0000006c                                        : mac_tx.obj (.text:macTxDoneCallback)
                  00010a70    00000068     driverlib.lib : osc.obj (.text:NOROM_OSCHF_SwitchToRcOscTurnOffXosc)
                  00010ad8    00000068     nvocmp.obj (.text:NVOCMP_getFreeNvApi$21)
                  00010b40    00000068     maclib_osal_tirtos_cc13x2_26x2.a : osal_port.obj (.text:OsalPort_registerTask)
                  00010ba8    00000068     rf_multiMode_cc13x2.aem4f : RFCC26X2_multiMode.c.cc13x2.ccs.o (.text:RF_hwiHw)
                  00010c10    00000068     rtsv7M4_T_le_v4SPD16_eabi.lib : copy_decompress_lzss.c.obj (.text:decompress:lzss:__TI_decompress_lzss)
                  00010c78    00000068     maclib_secure_cc13x2_zstack_subg.a : mac_rx.obj (.text:macRxHaltCleanup)
                  00010ce0    00000066                                        : mac_hl_patch.obj (.text:macMlmeSubIePresent)
                  00010d46    00000002     ti_drivers_config.obj (.text:rfDriverCallback)
                  00010d48    00000064     drivers_cc13x2.a : AESCCMCC26XX.oem4f (.text:AESCCM_waitForResult)
                  00010dac    00000064     nvocmp.obj (.text:NVOCMP_findSignature$21)
                  00010e10    00000064     maclib_osal_tirtos_cc13x2_26x2.a : osal_port.obj (.text:OsalPort_clearEvent)
                  00010e74    00000064                                      : osal_port.obj (.text:OsalPort_pwrmgrTaskState)
                  00010ed8    00000064     drivers_cc13x2.a : UARTCC26XX.oem4f (.text:UARTCC26XX_control)
                  00010f3c    00000064     maclib_secure_cc13x2_zstack_subg.a : mac.obj (.text:macRequestBackoff)
                  00010fa0    00000064                                        : mac_timer.obj (.text:macSymbolTimerRolloverCallback)
                  00011004    00000064                                        : mac_timer.obj (.text:macTimerAddTimer)
                  00011068    00000062     ti_drivers_config.obj (.text:Board_sendExtFlashByte)
                  000110ca    00000062     rf_multiMode_cc13x2.aem4f : RFCC26X2_multiMode.c.cc13x2.ccs.o (.text:RF_syncCb)
                  0001112c    00000062     drivers_cc13x2.a : UARTCC26XX.oem4f (.text:UARTCC26XX_swiIntFxn)
                  0001118e    00000002     rtsv7M4_T_le_v4SPD16_eabi.lib : div0.asm.obj (.text)
                  00011190    00000060     drivers_cc13x2.a : AESCCMCC26XX.oem4f (.text:AESCCM_hwiFxn)
                  000111f0    00000060                      : CryptoResourceCC26XX.oem4f (.text:CryptoResourceCC26XX_constructRTOSObjects)
                  00011250    00000060     rf_multiMode_cc13x2.aem4f : RFCC26X2_multiMode.c.cc13x2.ccs.o (.text:RF_applyRfCorePatch)
                  000112b0    00000060     drivers_cc13x2.a : TRNGCC26XX.oem4f (.text:TRNGCC26XX_startTrng)
                  00011310    00000060     maclib_secure_cc13x2_zstack_subg.a : mac_duty_cycle.obj (.text:macDutyCycleBumpBuffer$33)
                  00011370    00000060                                        : mac_radio.obj (.text:macGetRadioTxPowerReg)
                  000113d0    00000060                                        : mac_timer.obj (.text:macTimerCancel)
                  00011430    00000060                                        : mac_timer.obj (.text:macTimerGetNextTimer)
                  00011490    0000005e     api_mac.obj (.text:convertTxOptions)
                  000114ee    0000005c     npi_frame_mt.obj (.text:NPIFrame_frameMsg)
                  0001154a    00000002     app_cop_pem4f.oem4f (.text:ti_sysbios_BIOS_nullFunc__I)
                  0001154c    0000005c     nvocmp.obj (.text:NVOCMP_readItem$21)
                  000115a8    0000005c     maclib_osal_tirtos_cc13x2_26x2.a : osal_port.obj (.text:OsalPort_msgReceive)
                  00011604    0000005c                                      : osal_port.obj (.text:OsalPort_setEvent)
                  00011660    0000005c     drivers_cc13x2.a : PINCC26XX.oem4f (.text:PIN_remove)
                  000116bc    0000005c     rf_multiMode_cc13x2.aem4f : RFCC26X2_multiMode.c.cc13x2.ccs.o (.text:RF_hwiCpe0PowerFsm)
                  00011718    0000005c     drivers_cc13x2.a : NVSCC26XX.oem4f (.text:doErase)
                  00011774    0000005c     mt_mac.obj (.text:macDisassociateReq$5)
                  000117d0    0000005c     maclib_secure_cc13x2_zstack_subg.a : mac_radio.obj (.text:macRadioSetChannel)
                  0001182c    0000005c                                        : mac_radio.obj (.text:macRadioSetChannelRx)
                  00011888    0000005c                                        : mac_hl_patch.obj (.text:macSetDefaultsByPatch)
                  000118e4    0000005c     drivers_cc13x2.a : UARTCC26XX.oem4f (.text:startTxFifoEmptyClk)
                  00011940    0000005c     app_cop_pem4f.oem4f (.text:xdc_runtime_Startup_getState__I)
                  0001199c    00000058     npi_task.obj (.text:NPITask_incomingFrameCB$11)
                  000119f4    00000058     nvocmp.obj (.text:NVOCMP_getItemLenApi$21)
                  00011a4c    00000058     drivers_cc13x2.a : PowerCC26X2_calibrateRCOSC.oem4f (.text:PowerCC26X2_initiateCalibration)
                  00011aa4    00000058     rf_multiMode_cc13x2.aem4f : RFCC26X2_multiMode.c.cc13x2.ccs.o (.text:RF_TxPowerTable_findValue)
                  00011afc    00000058     drivers_cc13x2.a : TRNGCC26XX.oem4f (.text:TRNG_init)
                  00011b54    00000058     boot.aem4f : boot.oem4f (.text)
                  00011bac    00000058     maclib_secure_cc13x2_zstack_subg.a : mac_sleep.obj (.text:macCanSleep)
                  00011c04    00000058                                        : mac_radio_tx.obj (.text:macRadioTxRequestTxAck)
                  00011c5c    00000058     main.obj (.text:main)
                  00011cb4    00000058     rom_sysbios.aem4f : rom_sysbios.obj (.text:ti_sysbios_heaps_HeapMem_alloc__E)
                  00011d0c    00000056     rf_multiMode_cc13x2.aem4f : RFCC26X2_multiMode.c.cc13x2.ccs.o (.text:RF_defaultSubmitPolicy)
                  00011d62    00000002     rom_sysbios.aem4f : rom_sysbios.obj (.text:ti_sysbios_heaps_HeapCallback_defaultDelete)
                  00011d64    00000054     drivers_cc13x2.a : AESCCMCC26XX.oem4f (.text:AESCCM_construct)
                  00011db8    00000054     driverlib.lib : prcm.obj (.text:NOROM_PRCMPowerDomainsAllOff)
                  00011e0c    00000054     npi_task.obj (.text:NPITask_createTask)
                  00011e60    00000054     nvocmp.obj (.text:NVOCMP_doNVCRC$21)
                  00011eb4    00000054     drivers_cc13x2.a : NVSCC26XX.oem4f (.text:NVSCC26XX_init)
                  00011f08    00000054     rf_multiMode_cc13x2.aem4f : RFCC26X2_multiMode.c.cc13x2.ccs.o (.text:RF_fsmXOSCState)
                  00011f5c    00000054     drivers_cc13x2.a : StructRingBuf.oem4f (.text:StructRingBuf_put)
                  00011fb0    00000054     dpl_cc13x2.a : SwiP_tirtos.oem4f (.text:SwiP_construct)
                  00012004    00000054     mt_ext.obj (.text:abortFragMsg$4)
                  00012058    00000054     maclib_secure_cc13x2_zstack_subg.a : mac_duty_cycle.obj (.text:macDutyCycleUpdateTransmission)
                  000120ac    00000054                                        : mac_hl_patch.obj (.text:macIncomingKeyUsagePolicyChecking)
                  00012100    00000054                                        : mac_tx.obj (.text:macTxAckReceivedCallback)
                  00012154    00000054     api_mac.obj (.text:processScanCnf$15)
                  000121a8    00000050     nvocmp.obj (.text:NVOCMP_compactNvApi$21)
                  000121f8    00000050     drivers_cc13x2.a : TRNGCC26XX.oem4f (.text:TRNGCC26XX_waitForResult)
                  00012248    00000050     maclib_secure_cc13x2_zstack_subg.a : mac_radio.obj (.text:macRadioSetPanCoordinator)
                  00012298    00000050                                        : mac_rx_onoff.obj (.text:macRxDisable)
                  000122e8    00000050                                        : mac_timer.obj (.text:macTimerStart)
                  00012338    0000004e     mt_mac.obj (.text:macOrphanRsp$5)
                  00012386    00000002     rom_sysbios.aem4f : rom_sysbios.obj (.text:xdc_runtime_SysCallback_defaultAbort)
                  00012388    0000004c     ti_drivers_config.obj (.text:Board_wakeUpExtFlash)
                  000123d4    0000004c     mt_mac.obj (.text:MtMac_DataCnf)
                  00012420    0000004c     driverlib.lib : prcm.obj (.text:NOROM_PRCMPowerDomainsAllOn)
                  0001246c    0000004c     nvocmp.obj (.text:NVOCMP_setItemInactive$21)
                  000124b8    0000004c     maclib_osal_tirtos_cc13x2_26x2.a : osal_port.obj (.text:OsalPort_msgSend)
                  00012504    0000004c     rf_multiMode_cc13x2.aem4f : RFCC26X2_multiMode.c.cc13x2.ccs.o (.text:RF_wakeupNotification)
                  00012550    0000004c     drivers_cc13x2.a : StructRingBuf.oem4f (.text:StructRingBuf_get)
                  0001259c    0000004c                      : UARTCC26XX.oem4f (.text:UARTCC26XX_readCancel)
                  000125e8    0000004c     rtsv7M4_T_le_v4SPD16_eabi.lib : cpy_tbl.c.obj (.text:copy_in)
                  00012634    0000004c     mt_util.obj (.text:loopTimerCB$7)
                  00012680    0000004c     mt_mac.obj (.text:macGetFhReq$5)
                  000126cc    0000004c     maclib_secure_cc13x2_zstack_subg.a : mac_low_level.obj (.text:macLowLevelYield)
                  00012718    0000004c                                        : mac_radio_tx.obj (.text:macRadioTxHandleAck)
                  00012764    0000004c                                        : mac.obj (.text:macSendFsCmd)
                  000127b0    0000004c     maclib_osal_tirtos_cc13x2_26x2.a : osal_port.obj (.text:osalHeapGetStatsFxn)
                  000127fc    0000004a     mt_mac.obj (.text:macAsyncReq$5)
                  00012846    00000002     rom_sysbios.aem4f : rom_sysbios.obj (.text:xdc_runtime_SysCallback_defaultExit)
                  00012848    00000048     rf_multiMode_cc13x2.aem4f : rfc.c.cc13x2.ccs.o (.text:NOROM_RFCSynthPowerDown)
                  00012890    00000048     nvocmp.obj (.text:NVOCMP_write$21)
                  000128d8    00000048     drivers_cc13x2.a : NVS.oem4f (.text:NVS_open)
                  00012920    00000048                      : PINCC26XX.oem4f (.text:PIN_setOutputEnable)
                  00012968    00000048                      : PowerCC26X2_calibrateRCOSC.oem4f (.text:PowerCC26X2_RCOSC_clockFunc)
                  000129b0    00000048                      : PowerCC26X2.oem4f (.text:PowerCC26XX_switchXOSC_HF)
                  000129f8    00000048     maclib_osal_tirtos_cc13x2_26x2.a : util_timer.obj (.text:UtilTimer_construct)
                  00012a40    00000048     drivers_cc13x2.a : NVSCC26XX.oem4f (.text:disableFlashCache)
                  00012a88    00000048     mt_mac.obj (.text:macAssociateRsp$5)
                  00012ad0    00000048     maclib_secure_cc13x2_zstack_subg.a : mac_duty_cycle.obj (.text:macDutyCycleCheck)
                  00012b18    00000048     mt_mac.obj (.text:macPollReq$5)
                  00012b60    00000048     maclib_secure_cc13x2_zstack_subg.a : mac_radio.obj (.text:macRadioNeedAdjustPower)
                  00012ba8    00000048                                        : mac_radio.obj (.text:macRadioStopScan)
                  00012bf0    00000048                                        : mac_timer.obj (.text:macTimerUpdActive)
                  00012c38    00000048     drivers_cc13x2.a : PowerCC26X2.oem4f (.text:switchXOSCHF)
                  00012c80    00000048                      : UARTCC26XX.oem4f (.text:writeFinishedDoCallback)
                  00012cc8    00000046                      : RingBuf.oem4f (.text:RingBuf_put)
                  00012d0e    00000046     maclib_secure_cc13x2_zstack_subg.a : mac_hl_patch.obj (.text:macDeviceDescriptorLookup)
                  00012d54    00000044                                        : mac_timer.obj (.text:MAC_PwrNextTimeout)
                  00012d98    00000044     driverlib.lib : chipinfo.obj (.text:NOROM_ChipInfo_GetHwRevision)
                  00012ddc    00000044     drivers_cc13x2.a : NVSCC26XX.oem4f (.text:NVSCC26XX_read)
                  00012e20    00000044                      : PINCC26XX.oem4f (.text:PIN_swi)
                  00012e64    00000044                      : UART.oem4f (.text:UART_init)
                  00012ea8    00000044     maclib_secure_cc13x2_zstack_subg.a : mac_hl_patch.obj (.text:macCheckPhyRate)
                  00012eec    00000044                                        : mac_tx.obj (.text:macTxTimestampCallback)
                  00012f30    00000044     mcp.obj (.text:relayRxMsg$2)
                  00012f74    00000042     mt_mac.obj (.text:MtMac_CommStatusInd)
                  00012fb6    00000042     api_mac.obj (.text:copyMacPanDescToApiMacPanDesc$15)
                  00012ff8    00000040     dpl_cc13x2.a : ClockP_tirtos.oem4f (.text:ClockP_construct)
                  00013038    00000040                  : ClockP_tirtos.oem4f (.text:ClockP_create)
                  00013078    00000040     driverlib.lib : osc.obj (.text:NOROM_OSC_HPOSCRelativeFrequencyOffsetGet)
                  000130b8    00000040     maclib_osal_tirtos_cc13x2_26x2.a : osal_port.obj (.text:OsalPort_heapFree$51)
                  000130f8    00000040     drivers_cc13x2.a : PowerCC26X2.oem4f (.text:PowerCC26XX_isStableXOSC_HF)
                  00013138    00000040                      : Random.oem4f (.text:Random_getNumber)
                  00013178    00000040                      : RingBuf.oem4f (.text:RingBuf_get)
                  000131b8    00000040                      : TRNGCC26XX.oem4f (.text:TRNGCC26XX_copyToClient)
                  000131f8    00000040                      : UART.oem4f (.text:UART_open)
                  00013238    00000040     rf_multiMode_cc13x2.aem4f : rf_patch_cpe_prop.c.cc13x2.ccs.o (.text:configurePropPatch)
                  00013278    00000040     maclib_secure_cc13x2_zstack_subg.a : mac.obj (.text:macRatCb_B)
                  000132b8    00000040                                        : mac_rx.obj (.text:macRxNokIsr)
                  000132f8    00000040                                        : mac_autopend.obj (.text:macSrcMatchSetEnableBit$25)
                  00013338    00000040                                        : mac_symbol_timer.obj (.text:macSymbolTimerSetTrigger)
                  00013378    00000040                                        : mac_tx.obj (.text:macTxUpdateIE)
                  000133b8    00000040     rtsv7M4_T_le_v4SPD16_eabi.lib : u_divt2.asm.obj (.text)
                  000133f8    00000040     rom_sysbios.aem4f : rom_sysbios.obj (.text:ti_sysbios_family_arm_cc26xx_Timer_setThreshold__I)
                  00013438    00000040                       : rom_sysbios.obj (.text:ti_sysbios_heaps_HeapCallback_Module_startup__E)
                  00013478    0000003e     dpl_cc13x2.a : HwiP_tirtos.oem4f (.text:HwiP_construct)
                  000134b6    0000003e     mt_mac.obj (.text:MtMac_SyncLossInd)
                  000134f4    0000003e     maclib_osal_tirtos_cc13x2_26x2.a : osal_port.obj (.text:OsalPort_msgEnqueueMax)
                  00013532    00000002     rom_sysbios.aem4f : rom_sysbios.obj (.text:xdc_runtime_SysCallback_defaultFlush)
                  00013534    0000003c     driverlib.lib : osc.obj (.text:InternCapArrayAdjustWithBaseline7001F$56)
                  00013570    0000003c     maclib_secure_cc13x2_zstack_subg.a : mac_pwr.obj (.text:MAC_PwrOnReq)
                  000135ac    0000003c     mt_sys.obj (.text:MtSys_resetReq)
                  000135e8    0000003c     npi_tl.obj (.text:NPITL_transmissionCallBack$12)
                  00013624    0000003c     nvocmp.obj (.text:NVOCMP_disableCache$21)
                  00013660    0000003c     drivers_cc13x2.a : PINCC26XX.oem4f (.text:PIN_setOutputValue)
                  0001369c    0000003c     rf_multiMode_cc13x2.aem4f : RFCC26X2_multiMode.c.cc13x2.ccs.o (.text:RF_cmdGet)
                  000136d8    0000003c                               : RFCC26X2_multiMode.c.cc13x2.ccs.o (.text:RF_cmdStoreEvents)
                  00013714    0000003c     drivers_cc13x2.a : NVSCC26XX.oem4f (.text:checkEraseRange)
                  00013750    0000003c     maclib_secure_cc13x2_zstack_subg.a : mac_timer.obj (.text:macTimerRecalcUnaligned)
                  0001378c    0000003c                                        : mac_tx.obj (.text:macTxDecrypt)
                  000137c8    0000003c     rom_sysbios.aem4f : rom_sysbios.obj (.text:ti_sysbios_family_arm_m3_Hwi_construct2__E)
                  00013804    0000003a     maclib_osal_tirtos_cc13x2_26x2.a : mac_util.obj (.text:Util_bufferUint32)
                  0001383e    00000038     api_mac.obj (.text:ApiMac_buildMsgCapInfo)
                  00013876    00000002     rom_sysbios.aem4f : rom_sysbios.obj (.text:xdc_runtime_SysCallback_defaultPutch)
                  00013878    00000038     ti_drivers_config.obj (.text:Board_shutDownExtFlash)
                  000138b0    00000038     nvocmp.obj (.text:NVOCMP_findPage$21)
                  000138e8    00000038     drivers_cc13x2.a : PINCC26XX.oem4f (.text:PIN_setConfig)
                  00013920    00000038     rf_multiMode_cc13x2.aem4f : RFCC26X2_multiMode.c.cc13x2.ccs.o (.text:RF_checkCmdFsError)
                  00013958    00000038                               : RFCC26X2_multiMode.c.cc13x2.ccs.o (.text:RF_powerConstraintRelease)
                  00013990    00000038     maclib_secure_cc13x2_zstack_subg.a : mac_timer.obj (.text:macTimerAligned)
                  000139c8    00000038                                        : mac_timer.obj (.text:macTimerInit)
                  00013a00    00000038                                        : mac_tx.obj (.text:macTxAckNotReceivedCallback)
                  00013a38    00000038                                        : mac_tx.obj (.text:macTxFrameIsr)
                  00013a70    00000038     drivers_cc13x2.a : PowerCC26X2.oem4f (.text:notify)
                  00013aa8    00000038                      : UARTCC26XX.oem4f (.text:readData)
                  00013ae0    00000038     rom_sysbios.aem4f : rom_sysbios.obj (.text:ti_sysbios_family_arm_cc26xx_Timer_getCurrentTick__E)
                  00013b18    00000038     drivers_cc13x2.a : UARTCC26XX.oem4f (.text:writeData)
                  00013b50    00000036     api_mac.obj (.text:ApiMac_convertCapabilityInfo)
                  00013b86    00000036     mt_mac.obj (.text:MtMac_AssociateInd)
                  00013bbc    00000036     rom_sysbios.aem4f : rom_sysbios.obj (.text:ti_sysbios_family_arm_cc26xx_Timer_setNextTick__E)
                  00013bf2    00000002     --HOLE-- [fill = 0]
                  00013bf4    00000034     driverlib.lib : sys_ctrl.obj (.text:NOROM_SysCtrlIdle)
                  00013c28    00000034     npi_rxbuf.obj (.text:NPIRxBuf_ReadFromRxBuf)
                  00013c5c    00000034     nvocmp.obj (.text:NVOCMP_verifyCRC$21)
                  00013c90    00000034     rf_multiMode_cc13x2.aem4f : RFCC26X2_multiMode.c.cc13x2.ccs.o (.text:RF_runDirectImmediateCmd)
                  00013cc4    00000034     mt_mac.obj (.text:macAdrToSba$5)
                  00013cf8    00000034     maclib_secure_cc13x2_zstack_subg.a : mac_low_level.obj (.text:macLowLevelDiags)
                  00013d2c    00000034                                        : mac_radio.obj (.text:macRadioSetIEEEAddr)
                  00013d60    00000034                                        : mac.obj (.text:macRatDisableChannelB)
                  00013d94    00000034                                        : mac_symbol_timer.obj (.text:macSymbolTimerCount)
                  00013dc8    00000034     drivers_cc13x2.a : UARTCC26XX.oem4f (.text:readData2RingBuf)
                  00013dfc    00000034     rom_sysbios.aem4f : rom_sysbios.obj (.text:ti_sysbios_knl_Swi_setPri__E)
                  00013e30    00000032     maclib_osal_tirtos_cc13x2_26x2.a : osal_port.obj (.text:OsalPort_msgExtract)
                  00013e62    00000032     rom_sysbios.aem4f : rom_sysbios.obj (.text:ti_sysbios_gates_GateMutexPri_insertPri__I)
                  00013e94    00000030     npi_tl.obj (.text:NPITL_readTL)
                  00013ec4    00000030     nvocmp.obj (.text:NVOCMP_changePageState$21)
                  00013ef4    00000030     drivers_cc13x2.a : NVSCC26XX.oem4f (.text:NVSCC26XX_erase)
                  00013f24    00000030                      : PINCC26XX.oem4f (.text:PINCC26XX_setMux)
                  00013f54    00000030                      : PowerCC26X2.oem4f (.text:Power_releaseConstraint)
                  00013f84    00000030                      : PowerCC26X2.oem4f (.text:Power_setConstraint)
                  00013fb4    00000030                      : TRNGCC26XX.oem4f (.text:TRNGCC26XX_fillEntropyPool)
                  00013fe4    00000030     maclib_secure_cc13x2_zstack_subg.a : mac_ebeacon.obj (.text:macFindVendorSpecificIe)
                  00014014    00000030                                        : mac_rx_onoff.obj (.text:macRxHardDisable)
[...]
200018cc  RF_cmdFsTx                                                      
200018e4  RF_cmdIEEETx                                                    
200018fc  RF_cmdPropCs                                                    
20001918  RF_cmdPropCsSlotted                                             
20001934  RF_cmdRadioSetup                                                
20001954  RF_cmdIEEECsma                                                  
20001974  RF_cmdPropTxAdv                                                 
20001994  RF_cmdPropRadioDivSetup                                         
200019c4  RF_cmdPropRxAdv                                                 
200019f4  RF_cmdIEEERx                                                    
20001a30  joinPolicy                                                      
20001a31  txPwr                                                           
20001a32  ebPieLen                                                        
20001a33  ebPayloadLen                                                    
20001a34  ebrPieLen                                                       
20001a4a  ebPieData                                                       
20001ac9  ebPayloadData                                                   
20001b48  ebrPieData                                                      
20001bc8  taskCnt                                                         
20001bd8  heapmgrMemFreeTotal                                             
20001bdc  heapmgrMemFreeError                                             
20001be8  HEAPMGR_SIZE                                                    
20001bec  taskTbl                                                         
20001d54  PowerCC26X2_module                                              
20001ec4  RF_prop_ieee154                                                 
20001ed4  RF_prop_2gfsk50kbps154g433mhz                                   
20001ee4  RF_prop_slr5kbps2gfsk433mhz                                     
20001ef4  txPowerTable_2gfsk50kbps154g433mhz                              
20001f4e  txPowerTable_slr5kbps2gfsk433mhz                                
20001fa8  txPowerTable_ieee154                                            
20002128  ROM_stateStruct                                                 
20002128  ti_sysbios_knl_Clock_Module__state__V                           
20002154  ti_sysbios_family_arm_cc26xx_TimestampProvider_Module__state__V 
20002158  xdc_runtime_Startup_Module__state__V                            
20002160  xdc_runtime_Registry_Module__state__V                           
20002168  ti_sysbios_BIOS_Module__state__V                                
2000218c  ti_sysbios_knl_Swi_Module__state__V                             
200021a8  ti_sysbios_knl_Task_Module__state__V                            
200021ec  xdc_runtime_Memory_Module__state__V                             
200021f0  xdc_runtime_System_Module__state__V                             
200021f8  ti_sysbios_family_arm_m3_Hwi_Module__state__V                   
2000222c  ti_sysbios_family_arm_cc26xx_Timer_Module__state__V             
20002234  macAddrSize                                                     
20002238  reqAccessAlloc                                                  
2000223a  rxCmdHandle                                                     
20002240  macRfDrvTblPtr                                                  
20002244  lastPostCmd                                                     
20002248  macSfdDetectCback                                               
2000224c  macTxTimestamp                                                  
20002250  pMacRadioConfig                                                 
20002268  macRxOutputSubG                                                 
20002274  macRxOutputIeee                                                 
20002284  macFrmFilter                                                    
20002294  macSrcShortAddrList                                             
200022b0  macSrcExtAddrList                                               
200022e0  macMRFSKGenPhyTable                                             
20002382  gAction                                                         
20002383  NVOCMP_size                                                     
200023b0  NVOCMP_nvHandle                                                 
200023f8  fhObject                                                        
20002464  FHIE_channelPlan                                                
20002504  ti_sysbios_knl_Task_Object__table__V                            
20002550  ti_sysbios_family_arm_cc26xx_Timer_Object__table__V             
200025e4  pRfMode                                                         
200025e8  pRfPowerTable                                                   
200025ec  pMaxPower                                                       
200025f0  RF_handle                                                       
200025f4  macPhyTxPower                                                   
200025fc  RF_params                                                       
20002654  ti_sysbios_gates_GateMutex_Object__table__V                     
2000268c  appTaskId                                                       
20002694  appEvents                                                       
2000269c  ApiMac_extAddr                                                  
200026a4  appSem                                                          
200026c0  macBeaconPayload                                                
200026f4  pOverrides_slr5kbps2gfsk433mhz                                  
20002758  pMacDataTx                                                      
2000275c  macDataTxIndirect                                               
20002760  macDataRequeueIndirect                                          
20002764  macDataRxBeaconCritical                                         
20002768  macDataTxBeaconComplete                                         
2000276c  macDataSetSched                                                 
20002770  macDataCheckSched                                               
20002774  macDataCheckTxTime                                              
20002778  macDataBeaconRequeue                                            
2000277c  csmPhy                                                          
20002780  macTimerRollover                                                
20002784  macTimerNewRollover                                             
20002788  pOverrides_2gfsk50kbps154g433mhz                                
200027b8  ti_sysbios_knl_Swi_Module_State_0_readyQ__A                     
200027e8  ti_sysbios_knl_Swi_Object__table__V                             
20002818  ti_sysbios_knl_Task_Module_State_0_readyQ__A                    
20002848  npiEID                                                          
20002849  npiSID                                                          
2000284c  mtProcessIncoming                                               
20002874  macSpecUsecsPerSymbol                                           
20002878  macPrevPeriodRatCount                                           
2000287c  macSymbolTimerRollover                                          
20002880  macSymbolTimerTrigger                                           
2000289c  macTxSlottedDelayFactor                                         
2000289d  macTxType                                                       
2000289e  macTxBe                                                         
2000289f  macTxGpInterframeDelay                                          
200028a0  txAckReq                                                        
200028a3  txSeqn                                                          
200028a5  numTx                                                           
200028a6  macTxCsmaBackoffDelay                                           
200028a8  macCsmaRtcTimerId                                               
200028ac  macAckDbg                                                       
200028c0  _hposcCoeffs                                                    
200028e4  macActionSet                                                    
20002928  macBeaconMargin                                                 
20002948  ti_sysbios_knl_Clock_Object__table__V                           
20002968  xdc_runtime_Error_IgnoreBlock                                   
20002988  pOverrides_ieee154Tx20                                          
200029a4  pOverrides_ieee154TxStd                                         
200029c0  ti_sysbios_family_arm_m3_Hwi_Object__table__V                   
200029ec  txCmdHandle                                                     
200029ee  macRadioAckIeeeFrame                                            
200029f4  pMacEnhancedAck                                                 
200029f8  macRadioAckFrame                                                
20002a00  macStateTbl                                                     
20002a24  macCfg                                                          
20002a34  lastRatChanA                                                    
20002a35  lastRatChanB                                                    
20002a36  macRxCmdActive                                                  
20002a37  macTxCmdActive                                                  
20002a38  macFsCmdActive                                                  
20002a39  macRxPreempted                                                  
20002a3a  macReqAccessCnt                                                 
20002a3c  macReqAccessTimeCnt                                             
20002a3e  macReqAccErrCnt                                                 
20002a40  numRfCmd                                                        
20002a41  numRxCmd                                                        
20002a42  numRxPostCmd                                                    
20002a4c  pClockHandleEDScan                                              
20002a5c  FH_FSM                                                          
20002a68  pOverrides_ieee154                                              
20002a74  ti_sysbios_heaps_HeapCallback_Object__table__V                  
20002a80  _lock                                                           
20002a84  _unlock                                                         
20002a90  FH_txTiming                                                     
20002a98  RFCC26XX_schedulerPolicy                                        
20002aa0  pinUpperBound                                                   
20002aa4  pinLowerBound                                                   
20002ab0  ti_sysbios_family_arm_m3_Hwi_Module__root__V                    
20002ab8  ti_sysbios_gates_GateHwi_Module__root__V                        
20002ac0  ti_sysbios_gates_GateMutexPri_Module__root__V                   
20002ac8  ti_sysbios_gates_GateMutex_Module__root__V                      
20002ad0  ti_sysbios_hal_Hwi_Module__root__V                              
20002ad8  ti_sysbios_heaps_HeapCallback_Module__root__V                   
20002ae0  ti_sysbios_heaps_HeapMem_Module__root__V                        
20002ae8  ti_sysbios_knl_Clock_Module__root__V                            
20002af0  ti_sysbios_knl_Event_Module__root__V                            
20002af8  ti_sysbios_knl_Mailbox_Module__root__V                          
20002b00  ti_sysbios_knl_Queue_Module__root__V                            
20002b08  ti_sysbios_knl_Semaphore_Module__root__V                        
20002b10  ti_sysbios_knl_Swi_Module__root__V                              
20002b18  ti_sysbios_knl_Task_Module__root__V                             
20002b20  macTasksEvents                                                  
20002b24  macTxSlottedDelay                                               
20002b25  bInSwi                                                          
20002b26  macSrcMatchIsEnabled                                            
20002b27  macRadioYielded                                                 
20002b2c  main_func_sp                                                    
20002b30  ti_sysbios_family_arm_m3_Hwi_Module_State_0_excContext__A       
20002b34  ti_sysbios_family_arm_m3_Hwi_Module_State_0_excStack__A         
20002b38  ti_sysbios_knl_Task_Module_State_0_idleTask__A                  
20002b3c  CryptoResourceCC26XX_pollingFlag                                
20002b40  ti_sysbios_family_arm_m3_Hwi_Module_State_0_excActive__A        
20002b44  macSleepState                                                   
20002b48  ti_sysbios_knl_Task_Instance_State_0_stack__A                   
20002d48  uartCC26XXObjects                                               
20002efc  enhancedAckBuf                                                  
200030f0  ti_sysbios_family_arm_m3_Hwi_dispatchTable                      
200031c8  dcStatus                                                        
200031cc  dcLimited                                                       
200031d0  dcCritical                                                      
200031d4  dcRegulated                                                     
200031d8  dcTimeUsed                                                      
200031dc  dcPtr                                                           
200031fc  dcBucket                                                        
20003264  FHPIB_db                                                        
200032f0  FH_hnd                                                          
20003378  macPib                                                          
20003400  pinHandleTable                                                  
2000347c  FHNT_tableOpt                                                   
200034f8  macScan                                                         
2000359c  CryptoResourceCC26XX_accessSemaphore                            
200035ec  CryptoResourceCC26XX_operationSemaphore                         
2000363c  FHFSM_Dbg                                                       
2000367e  driverlib_release_0_59146                                       
2000367f  macAckTxActive                                                  
20003680  macSecurityPib                                                  
200036c0  macBeaconCoord                                                  
200036fc  FHNT_hnd                                                        
20003734  macDeviceAction1                                                
200037a0  macBeaconDevice                                                 
200037d4  macMgmtAction1                                                  
20003804  macCoord                                                        
20003830  macDevice                                                       
2000385c  macRxFilter                                                     
2000385d  rxPromiscuousMode                                               
20003860  rxSeqNum                                                        
20003868  macRxDataEntryOffset                                            
2000386c  rxRadioBufferPtr                                                
2000387c  macRxDataEntryQueue                                             
200038ec  macBeacon                                                       
20003960  CryptoResourceCC26XX_hwi                                        
2000397c  macCoordAction2                                                 
20003998  macReset                                                        
200039b4  aesccmCC26XXObjects                                             
200039cc  macScanAction                                                   
20003a0c  macDeviceAction2                                                
20003a20  macMgmtAction2                                                  
20003a34  macBeaconDeviceAction                                           
20003a44  macCoordAction3                                                 
20003a54  macData                                                         
20003a64  macDataTxDelay                                                  
20003a80  macMain                                                         
20003a8c  FHNT_tempTable                                                  
20003a94  macBeaconCoordAction1                                           
20003a9c  macCoordAction1                                                 
20003aa4  FHNT_Dbg                                                        
20003aaa  macMgmt                                                         
20003aab  macPanCoordinator                                               
20003ab0  AESCCM_handle                                                   
20003ab4  FH_test_var                                                     
20003ab8  PowerCC26XX_swiKey                                              
20003abc  PowerCC26XX_taskKey                                             
20003ac0  macCryptoDrvTblPtr                                              
20003ac4  macRxSymbol                                                     
20003ac8  macTimerActive                                                  
20003acc  nvsCC26XXObjects                                                
20003ad0  timerAlignedQ                                                   
20003ad4  timerUnalignedQ                                                 
20003ad8  macPhyChannel                                                   
20003ad9  macPwr                                                          
20003ada  macRxActive                                                     
20003adb  macRxEnableFlags                                                
20003adc  macRxOutgoingAckFlag                                            
20003add  macSymbolTimerImpending                                         
20003ade  macTaskId                                                       
20003adf  macTxActive                                                     
20003ae0  macUnitBackoffPeriod                                            
20003ae1  rxFhRsl                                                         
20003ae2  heapStart                                                       
20013aa0  __stack                                                         
20013aa0  heapEnd                                                         
20014000  __STACK_END                                                     
20014000  __STACK_TOP                                                     
e000e000  ti_sysbios_family_arm_m3_Hwi_nvic                               
ffffffff  __TI_pprof_out_hndl                                             
ffffffff  __TI_prof_data_size                                             
ffffffff  __TI_prof_data_start                                            
ffffffff  __binit__                                                       
ffffffff  __c_args__                                                      
ffffffff  binit                                                           
UNDEFED   ITM_flush                                                       
UNDEFED   ITM_restore                                                     
UNDEFED   SHT$$INIT_ARRAY$$Base                                           
UNDEFED   SHT$$INIT_ARRAY$$Limit                                          

[1835 symbols]
