******************************************************************************
                  TI ARM Linker PC v20.2.1                     
******************************************************************************
>> Linked Wed Nov 25 05:31:29 2020

OUTPUT FILE NAME:   <sensor_oad_onchip_persistent_secure_CC1352R1_LAUNCHXL_tirtos_ccs.out>
ENTRY POINT SYMBOL: "ResetISR"  address: 00040109


MEMORY CONFIGURATION

         name            origin    length      used     unused   attr    fill
----------------------  --------  ---------  --------  --------  ----  --------
  FLASH                 0002a000   0002bfc0  0001fd38  0000c288  R  X
  ENTRY                 00055fc0   00000040  0000003c  00000004  R  X
  SRAM                  20000000   00014000  00004686  0000f97a  RW X


SEGMENT ALLOCATION MAP

run origin  load origin   length   init length attrs members
----------  ----------- ---------- ----------- ----- -------
0002a000    0002a000    00004000   00000000    rw-
  0002a000    0002a000    00004000   00000000    rw- .TI.bound:flashBuf0
0002e000    0002e000    0001bd38   0001bd38    r-x
  0002e000    0002e000    0000008d   0000008d    r-- .image_header
  0002e090    0002e090    00016c80   00016c80    r-x .text
  00044d10    00044d10    000020e8   000020e8    r-- .const
  00046df8    00046df8    00002f40   00002f40    r-- .cinit
00055fc0    00055fc0    0000003c   0000003c    r--
  00055fc0    00055fc0    0000003c   0000003c    r-- .resetVecs
20000100    20000100    00004052   00000000    rw-
  20000100    20000100    00000004   00000000    rw- .data:xdcRomConstPtr
  20000104    20000104    00000004   00000000    rw- .data:xdcRomExternFuncPtr
  20000108    20000108    00000004   00000000    rw- .data:xdcRomStatePtr
  2000010c    2000010c    00000010   00000000    rw- .data:RAM_MAC_BASE_ADDR
  20000120    20000120    00002ec8   00000000    rw- .data
  20002fe8    20002fe8    0000116a   00000000    rw- .bss
20013aa0    20013aa0    00000560   00000000    rw-
  20013aa0    20013aa0    00000560   00000000    rw- .stack


SECTION ALLOCATION MAP

 output                                  attributes/
section   page    origin      length       input sections
--------  ----  ----------  ----------   ----------------
.TI.bound:flashBuf0 
*          0    0002a000    00004000     UNINITIALIZED
                  0002a000    00004000     ti_drivers_config.obj (.TI.bound:flashBuf0)

.image_header 
*          0    0002e000    0000008d     
                  0002e000    0000008d     oad_image_header_app.obj (.image_header:retain)

.text      0    0002e090    00016c80     
                  0002e090    00000828     maclib_secure_cc13x2.a : mac_rx.obj (.text:macRxFrameIsr)
                  0002e8b8    00000674     sensor.obj (.text:Sensor_process)
                  0002ef2c    000004b0     rf_multiMode_cc13x2.aem4f : RFCC26X2_multiMode.c.cc13x2.ccs.o (.text:RF_fsmActiveState)
                  0002f3dc    000004a0     ssf.obj (.text:Ssf_init)
                  0002f87c    00000460     maclib_secure_cc13x2.a : mac_radio_tx.obj (.text:macRadioTxGoSubG$32)
                  0002fcdc    00000444                            : mac_hl_patch.obj (.text:macWrapperAddDevice)
                  00030120    0000043c     macTask.obj (.text:macTaskFxn$13)
                  0003055c    000003f4     mac_user_config.obj (.text:rfSelect)
                  00030950    000003a4     maclib_secure_cc13x2.a : mac.obj (.text:macRxCb)
                  00030cf4    0000036e     api_mac.obj (.text:processIncomingICallMsg$12)
                  00031062    00000002     ti_drivers_config.obj (.text:Board_initHook)
                  00031064    00000354     maclib_secure_cc13x2.a : mac_rx.obj (.text:rxPayloadIsr$25)
                  000313b8    0000031c                            : mac_hl_patch.obj (.text:macBuildHeader)
                  000316d4    00000310                            : mac_radio_tx.obj (.text:macRadioCsmaTxCb)
                  000319e4    000002fc     sensor.obj (.text:dataIndCB$10)
                  00031ce0    00000294     maclib_secure_cc13x2.a : mac_tx.obj (.text:macTxFrame)
                  00031f74    00000280                            : mac_pwr.obj (.text:macPwrVote)
                  000321f4    0000025c     oad_client.obj (.text:OADClient_processEvent)
                  00032450    0000025c     maclib_secure_cc13x2.a : mac_tx.obj (.text:txCsmaPrep$28)
                  000326ac    00000230     ssf.obj (.text:setChMaskAction$11)
                  000328dc    0000021c     maclib_secure_cc13x2.a : mac.obj (.text:macSendReceiveCmdIeee)
                  00032af8    00000218     nvocmp.obj (.text:NVOCMP_initNv$18)
                  00032d10    00000218     maclib_secure_cc13x2.a : mac_radio.obj (.text:macRadioInitSubG)
                  00032f28    00000214                            : mac.obj (.text:macSendReceiveCmdSubG)
                  0003313c    00000210     rf_multiMode_cc13x2.aem4f : RFCC26X2_multiMode.c.cc13x2.ccs.o (.text:RF_scheduleCmd)
                  0003334c    00000208     nvocmp.obj (.text:NVOCMP_addItem$18)
                  00033554    00000200     rf_multiMode_cc13x2.aem4f : RFCC26X2_multiMode.c.cc13x2.ccs.o (.text:RF_open)
                  00033754    000001e0     drivers_cc13x2.a : PINCC26XX.oem4f (.text:PIN_init)
                  00033934    000001e0     maclib_secure_cc13x2.a : mac_hl_patch.obj (.text:macWrapperAddKeyInitFCtr)
                  00033b14    000001d4     rf_multiMode_cc13x2.aem4f : RFCC26X2_multiMode.c.cc13x2.ccs.o (.text:RF_dispatchNextCmd)
                  00033ce8    000001c8     maclib_secure_cc13x2.a : mac_radio_tx.obj (.text:macRadioTxAck$32)
                  00033eb0    000001c4     ssf.obj (.text:setNwkKeyAction$11)
                  00034074    000001b4     sensor.obj (.text:jdllcStateChangeCb$10)
                  00034228    000001ac     maclib_secure_cc13x2.a : mac_hl_patch.obj (.text:macRxBeaconCritical)
                  000343d4    000001a4                            : mac_hl_patch.obj (.text:macWrapperDeleteKeyAndAssociatedDevices)
                  00034578    0000019c                            : mac_hl_patch.obj (.text:macIncomingFrameSecurityMaterialRetrieval)
                  00034714    00000198     drivers_cc13x2.a : PowerCC26X2.oem4f (.text:Power_sleep)
                  000348ac    00000198     maclib_secure_cc13x2.a : mac_hl_patch.obj (.text:macWrapperDeleteDevice)
                  00034a44    00000190     ssf.obj (.text:Ssf_networkUpdate)
                  00034bd4    00000190     drivers_cc13x2.a : PowerCC26X2_calibrateRCOSC.oem4f (.text:calibrateRcoscHf1)
                  00034d64    0000018c     maclib_secure_cc13x2.a : mac_hl_patch.obj (.text:macIncomingFrameSecurity)
                  00034ef0    0000018c     drivers_cc13x2.a : PowerCC26X2_calibrateRCOSC.oem4f (.text:runCalibrateFsm)
                  0003507c    00000188     nvocmp.obj (.text:NVOCMP_compact$18)
                  00035204    00000188     maclib_secure_cc13x2.a : mac_radio_tx.obj (.text:macRadioTxGoIeee$32)
                  0003538c    00000186     drivers_cc13x2.a : Button.oem4f (.text:Button_clockTimeoutHandler)
                  00035512    00000002     rf_multiMode_cc13x2.aem4f : rfc.c.cc13x2.ccs.o (.text:NOROM_RFCCpePatchReset)
                  00035514    00000180     ssf.obj (.text:setPanIdAction$11)
                  00035694    00000174     drivers_cc13x2.a : PowerCC26X2.oem4f (.text:Power_init)
                  00035808    0000016c     maclib_secure_cc13x2.a : mac_radio_tx.obj (.text:macRadioTxPrepCsmaUnslotted)
                  00035974    00000168     oad_client.obj (.text:oadBlockRspCb$8)
                  00035adc    00000164     drivers_cc13x2.a : UARTCC26XX.oem4f (.text:UARTCC26XX_open)
                  00035c40    00000164     maclib_secure_cc13x2.a : mac_hl_patch.obj (.text:macWrapperDeleteAllDevices)
                  00035da4    00000164                            : mac_tx.obj (.text:txCsmaDelay)
                  00035f08    00000158     driverlib.lib : sys_ctrl.obj (.text:NOROM_SysCtrlStandby)
                  00036060    00000154     rf_multiMode_cc13x2.aem4f : RFCC26X2_multiMode.c.cc13x2.ccs.o (.text:RF_radioOpDoneCb)
                  000361b4    00000154     drivers_cc13x2.a : UARTCC26XX.oem4f (.text:UARTCC26XX_hwiIntFxn)
                  00036308    00000150     crc32.obj (.text:CRC32_calc)
                  00036458    00000148     rf_multiMode_cc13x2.aem4f : RFCC26X2_multiMode.c.cc13x2.ccs.o (.text:RF_fsmSetupState)
                  000365a0    00000148     maclib_secure_cc13x2.a : mac_radio_tx.obj (.text:macRadioLbtTxCb)
                  000366e8    00000144     oad_storage.obj (.text:OADStorage_imgFinalise)
                  0003682c    00000140     drivers_cc13x2.a : AESCCMCC26XX.oem4f (.text:AESCCM_startOperation)
                  0003696c    0000013c     rf_multiMode_cc13x2.aem4f : RFCC26X2_multiMode.c.cc13x2.ccs.o (.text:RF_ratSetupChannel)
                  00036aa8    0000013c     sensor.obj (.text:Sensor_init)
                  00036be4    0000013a     drivers_cc13x2.a : UARTCC26XX.oem4f (.text:UARTCC26XX_read)
                  00036d1e    00000002     rf_multiMode_cc13x2.aem4f : RFCC26X2_multiMode.c.cc13x2.ccs.o (.text:RF_defaultCallback)
                  00036d20    00000138     cui.obj (.text:CUI_dispMenu$1)
                  00036e58    00000138     drivers_cc13x2.a : NVSCC26XX.oem4f (.text:NVSCC26XX_write)
                  00036f90    00000138     rf_multiMode_cc13x2.aem4f : RFCC26X2_multiMode.c.cc13x2.ccs.o (.text:RF_abortCmd)
                  000370c8    00000138     maclib_secure_cc13x2.a : mac_hl_patch.obj (.text:macBuildDataFrame)
                  00037200    00000138                            : mac_low_level.obj (.text:macLowLevelBufferInit)
                  00037338    00000134                            : mac_hl_patch.obj (.text:macSetDefaultsByPhyID)
                  0003746c    00000130     cui.obj (.text:CUI_init)
                  0003759c    00000130     sensor.obj (.text:dataCnfCB$10)
                  000376cc    00000130     maclib_secure_cc13x2.a : mac_radio.obj (.text:macRadioInitIeee)
                  000377fc    00000130     rtsv7M4_T_le_v4SPD16_eabi.lib : strtol.c.obj (.text:strtol)
                  0003792c    00000124     cui.obj (.text:CUI_statusLinePrintf)
                  00037a50    00000120     nvocmp.obj (.text:NVOCMP_compactPage$18)
                  00037b70    00000120     rf_multiMode_cc13x2.aem4f : RFCC26X2_multiMode.c.cc13x2.ccs.o (.text:RF_close)
                  00037c90    00000120     drivers_cc13x2.a : PowerCC26X2.oem4f (.text:configureXOSCHF)
                  00037db0    0000011c     jdllc.obj (.text:assocCnfCb$4)
                  00037ecc    00000118     maclib_secure_cc13x2.a : mac.obj (.text:macSetupRATChanCompare)
                  00037fe4    00000114     macTask.obj (.text:MAC_CbackEvent)
                  000380f8    00000114     drivers_cc13x2.a : PINCC26XX.oem4f (.text:PINCC26XX_setIoCfg)
                  0003820c    00000112     rf_multiMode_cc13x2.aem4f : RFCC26X2_multiMode.c.cc13x2.ccs.o (.text:RF_decodeOverridePointers)
                  0003831e    00000002     rtsv7M4_T_le_v4SPD16_eabi.lib : _lock.c.obj (.text:_nop)
                  00038320    00000110     cui.obj (.text:CUI_menuActionHelp)
                  00038430    00000110     drivers_cc13x2.a : GPIOCC26XX.oem4f (.text:GPIO_setConfig)
                  00038540    00000110                      : LED.oem4f (.text:LED_open)
                  00038650    00000110     maclib_secure_cc13x2.a : mac_hl_patch.obj (.text:macEdScanISR)
                  00038760    00000110                            : mac_hl_patch.obj (.text:macScanNextChan)
                  00038870    0000010c     driverlib.lib : setup.obj (.text:TrimAfterColdResetWakeupFromShutDown$51)
                  0003897c    00000106     app_oad_onchip_persistent_pem4f.oem4f (.text:xdc_runtime_System_printfExtend__I)
                  00038a82    00000002     drivers_cc13x2.a : PowerCC26X2.oem4f (.text:emptyClockFunc)
                  00038a84    00000104     rf_multiMode_cc13x2.aem4f : RFCC26X2_multiMode.c.cc13x2.ccs.o (.text:RF_hwiCpe0Active)
                  00038b88    00000100     nvocmp.obj (.text:NVOCMP_findItem$18)
                  00038c88    000000fc     maclib_secure_cc13x2.a : mac_hl_patch.obj (.text:macOutgoingFrameKeyDescRetrieval)
                  00038d84    000000fc                            : mac_hl_patch.obj (.text:macScanRxBeacon)
                  00038e80    000000f8     cui.obj (.text:CUI_statusLineResourceRequest)
                  00038f78    000000f0     oad_storage.obj (.text:OADStorage_imgIdentifyWrite)
                  00039068    000000f0     rf_multiMode_cc13x2.aem4f : RFCC26X2_multiMode.c.cc13x2.ccs.o (.text:RF_fsmPowerUpState)
                  00039158    000000f0     sensor.obj (.text:Sensor_sendMsg)
                  00039248    000000ec     maclib_secure_cc13x2.a : mac.obj (.text:macGetRFCmdDuration)
                  00039334    000000e8     drivers_cc13x2.a : Button.oem4f (.text:Button_open)
                  0003941c    000000e8     cui.obj (.text:CUI_writeString$1)
                  00039504    000000e8     maclib_secure_cc13x2.a : mac.obj (.text:macSetupReceiveCmd)
                  000395ec    000000e4     oad_storage.obj (.text:OADStorage_createFactoryImageBackup)
                  000396d0    000000e4     maclib_secure_cc13x2.a : mac_hl_patch.obj (.text:macOutgoingFrameSecurity)
                  000397b4    000000e4                            : mac_hl_patch.obj (.text:macScanRxCoordRealign)
                  00039898    000000e4                            : mac_tx.obj (.text:macTxChannelBusyCallback)
                  0003997c    000000e4                            : mac_rx.obj (.text:rxPostRxUpdates$25)
                  00039a60    000000e0     drivers_cc13x2.a : UARTCC26XX.oem4f (.text:UARTCC26XX_write)
                  00039b40    000000dc     maclib_secure_cc13x2.a : mac_hl_patch.obj (.text:macBuildHeaderIes)
                  00039c1c    000000d8     rf_multiMode_cc13x2.aem4f : RFCC26X2_multiMode.c.cc13x2.ccs.o (.text:RF_control)
                  00039cf4    000000d8                               : RFCC26X2_multiMode.c.cc13x2.ccs.o (.text:RF_pendCmd)
                  00039dcc    000000d8     main.obj (.text:appTaskFxn)
                  00039ea4    000000d8     maclib_secure_cc13x2.a : mac_hl_patch.obj (.text:macCcmStarTransform)
                  00039f7c    000000d4                            : mac_hl_patch.obj (.text:MAC_MlmeScanReq)
                  0003a050    000000d2     rf_multiMode_cc13x2.aem4f : RFCC26X2_multiMode.c.cc13x2.ccs.o (.text:RF_updatePaConfiguration)
                  0003a122    00000002     drivers_cc13x2.a : CryptoResourceCC26XX.oem4f (.text:errorSpin)
                  0003a124    000000d0     rf_multiMode_cc13x2.aem4f : RFCC26X2_multiMode.c.cc13x2.ccs.o (.text:RF_swiHw)
                  0003a1f4    000000cc     maclib_secure_cc13x2.a : mac_timer.obj (.text:macSymbolTimerTriggerCallback)
                  0003a2c0    000000c8     dpl_cc13x2.a : PowerCC26X2_tirtos.oem4f (.text:PowerCC26XX_standbyPolicy)
                  0003a388    000000c4     drivers_cc13x2.a : GPIOCC26XX.oem4f (.text:GPIO_init)
                  0003a44c    000000c4     jdllc.obj (.text:Jdllc_init)
                  0003a510    000000c4     maclib_secure_cc13x2.a : mac_hl_patch.obj (.text:macApiStartReq)
                  0003a5d4    000000c0                            : mac_pwr.obj (.text:MAC_PwrOffReq)
                  0003a694    000000c0     nvocmp.obj (.text:NVOCMP_erase$18)
                  0003a754    000000c0     drivers_cc13x2.a : PowerCC26X2.oem4f (.text:Power_releaseDependency)
                  0003a814    000000c0                      : UARTCC26XX.oem4f (.text:UARTCC26XX_initIO)
                  0003a8d4    000000c0     maclib_secure_cc13x2.a : mac_hl_patch.obj (.text:macMgmtReset)
                  0003a994    000000bc     rf_multiMode_cc13x2.aem4f : RFCC26X2_multiMode.c.cc13x2.ccs.o (.text:RF_initRadioSetup)
                  0003aa50    000000bc     maclib_secure_cc13x2.a : mac_hl_patch.obj (.text:macAutoPoll)
                  0003ab0c    000000bc     jdllc.obj (.text:pollCnfCb$4)
                  0003abc8    000000bc     jdllc.obj (.text:processCoordRealign$4)
                  0003ac84    000000b8     drivers_cc13x2.a : PowerCC26X2.oem4f (.text:Power_setDependency)
                  0003ad3c    000000b8                      : UARTCC26XX.oem4f (.text:UARTCC26XX_initHw)
                  0003adf4    000000b8     maclib_secure_cc13x2.a : mac_hl_patch.obj (.text:macCoordReset)
                  0003aeac    000000b4     drivers_cc13x2.a : TRNGCC26XX.oem4f (.text:TRNG_generateEntropy)
                  0003af60    000000b0     maclib_secure_cc13x2.a : mac_autopend.obj (.text:MAC_SrcMatchAddEntry)
                  0003b010    000000b0                            : mac_radio_tx.obj (.text:macRadioTxAckCb$32)
                  0003b0c0    000000b0                            : mac_radio.obj (.text:macRadioUpdateTxPower)
                  0003b170    000000b0                            : mac_hl_patch.obj (.text:macRxBeacon)
                  0003b220    000000b0                            : mac.obj (.text:macStopCmd)
                  0003b2d0    000000ac     nvocmp.obj (.text:NVOCMP_readContItemApi$18)
                  0003b37c    000000ac     drivers_cc13x2.a : PINCC26XX.oem4f (.text:PIN_open)
                  0003b428    000000ac     maclib_secure_cc13x2.a : mac_hl_patch.obj (.text:macApiBeaconStartReq)
                  0003b4d4    000000ac     macTask.obj (.text:macTaskInit)
                  0003b580    000000a8     driverlib.lib : setup.obj (.text:NOROM_SetupTrimDevice)
                  0003b628    000000a8     nvocmp.obj (.text:NVOCMP_initNvApi$18)
                  0003b6d0    000000a8     maclib_secure_cc13x2.a : mac_hl_patch.obj (.text:macBeaconCheckTxTime)
                  0003b778    000000a8                            : mac_hl_patch.obj (.text:macTrackTimeoutCallback)
                  0003b820    000000a4     rf_multiMode_cc13x2.aem4f : RFCC26X2_multiMode.c.cc13x2.ccs.o (.text:RF_ratRestartChannels)
                  0003b8c4    000000a4     jdllc.obj (.text:beaconNotifyIndCb$4)
                  0003b968    000000a4     sensor.obj (.text:jdllcJoinedCb$10)
                  0003ba0c    000000a4     maclib_secure_cc13x2.a : mac_hl_patch.obj (.text:macCcmStarInverseTransform)
                  0003bab0    000000a4                            : mac_radio_tx.obj (.text:macRadioTxPrepLbt)
                  0003bb54    000000a0     rf_multiMode_cc13x2.aem4f : RFCC26X2_multiMode.c.cc13x2.ccs.o (.text:RF_requestAccess)
                  0003bbf4    000000a0     auto_init.aem4f : auto_init.oem4f (.text)
                  0003bc94    000000a0     maclib_secure_cc13x2.a : mac_hl_patch.obj (.text:macBlacklistChecking)
                  0003bd34    000000a0                            : mac_radio.obj (.text:macRadioStartScan)
                  0003bdd4    000000a0     oad_client.obj (.text:oadImgIdentifyReqCb$8)
                  0003be74    000000a0     rom_sysbios.aem4f : rom_sysbios.obj (.text:ti_sysbios_knl_Task_setPri__E)
                  0003bf14    0000009c     nvocmp.obj (.text:NVOCMP_readHeader$18)
                  0003bfb0    0000009c     maclib_secure_cc13x2.a : mac_radio.obj (.text:macRadioUpdateChannel)
                  0003c04c    0000009c                            : mac_radio.obj (.text:macRadioUpdateChannelRx)
                  0003c0e8    0000009c                            : mac_rx_onoff.obj (.text:macRxOffRequest)
                  0003c184    0000009c                            : mac_timer.obj (.text:macTimerRealign)
                  0003c220    0000009c     rtsv7M4_T_le_v4SPD16_eabi.lib : memcpy_t2.asm.obj (.text)
                  0003c2bc    0000009c     jdllc.obj (.text:scanCnfCb$4)
                  0003c358    0000009c     maclib_secure_cc13x2.a : mac_tx.obj (.text:txComplete)
                  0003c3f4    00000098     nvocmp.obj (.text:NVOCMP_updateItemApi$18)
                  0003c48c    00000098     rf_multiMode_cc13x2.aem4f : RFCC26X2_multiMode.c.cc13x2.ccs.o (.text:RF_calculateDispatchTime)
                  0003c524    00000098     api_mac.obj (.text:processBeaconNotifyInd$12)
                  0003c5bc    00000098     drivers_cc13x2.a : UARTCC26XX.oem4f (.text:writeTxFifoFlush)
                  0003c654    00000096     rtsv7M4_T_le_v4SPD16_eabi.lib : ull_div_t2.asm.obj (.text)
                  0003c6ea    00000002     maclib_secure_cc13x2.a : mac_pwr.obj (.text:macApiPwrOnReq)
                  0003c6ec    00000094     drivers_cc13x2.a : TRNGCC26XX.oem4f (.text:TRNGCC26XX_hwiFxn)
                  0003c780    00000094     maclib_secure_cc13x2.a : mac_hl_patch.obj (.text:macIncomingSecurityLevelChecking)
                  0003c814    00000094                            : mac.obj (.text:macRatCb_A)
                  0003c8a8    00000094                            : mac.obj (.text:macSetupFsCmd)
                  0003c93c    00000092     drivers_cc13x2.a : UARTCC26XX.oem4f (.text:UARTCC26XX_writeCancel)
                  0003c9ce    00000002     maclib_secure_cc13x2.a : mac_mcu.obj (.text:macMcuBitReverse)
                  0003c9d0    00000090                            : mac_hl_patch.obj (.text:MAC_ResumeReq)
                  0003ca60    00000090     rf_multiMode_cc13x2.aem4f : RFCC26X2_multiMode.c.cc13x2.ccs.o (.text:RF_discardPendCmd)
                  0003caf0    00000090                               : RFCC26X2_multiMode.c.cc13x2.ccs.o (.text:RF_getInfo)
                  0003cb80    00000090     jdllc.obj (.text:disassoCnfCb$4)
                  0003cc10    00000090     maclib_secure_cc13x2.a : mac_hl_patch.obj (.text:macCcmDecrypt)
                  0003cca0    00000090                            : mac_hl_patch.obj (.text:macTrackStartCallback)
                  0003cd30    0000008c     maclib_osal_tirtos_cc13x2_26x2.a : osal_port.obj (.text:OsalPort_heapMalloc$45)
                  0003cdbc    0000008c                                      : osal_port.obj (.text:OsalPort_setTimer)
                  0003ce48    0000008c     api_mac.obj (.text:copyDataInd$12)
                  0003ced4    0000008c     maclib_secure_cc13x2.a : mac_hl_patch.obj (.text:macCcmEncrypt)
                  0003cf60    0000008c                            : mac_radio_tx.obj (.text:macRadioTxEnhAckCb)
                  0003cfec    0000008c     oad_client.obj (.text:oadFwVersionReqCb$8)
                  0003d078    0000008c     rom_sysbios.aem4f : rom_sysbios.obj (.text:ti_sysbios_gates_GateMutexPri_enter__E)
                  0003d104    00000088     maclib_secure_cc13x2.a : mac_autopend.obj (.text:MAC_SrcMatchEnable)
                  0003d18c    00000088     driverlib.lib : osc.obj (.text:NOROM_OSCHF_AttemptToSwitchToXosc)
                  0003d214    00000088     nvocmp.obj (.text:NVOCMP_deleteItemApi$18)
                  0003d29c    00000088     rf_multiMode_cc13x2.aem4f : RFCC26X2_multiMode.c.cc13x2.ccs.o (.text:RF_cmdDispatchTime)
                  0003d324    00000088                               : RFCC26X2_multiMode.c.cc13x2.ccs.o (.text:RF_getTxPower)
                  0003d3ac    00000088     drivers_cc13x2.a : PowerCC26X2_calibrateRCOSC.oem4f (.text:calibrateRcoscHf2)
                  0003d434    00000088                      : PowerCC26X2.oem4f (.text:disableLFClockQualifiers)
                  0003d4bc    00000088     maclib_secure_cc13x2.a : mac_hl_patch.obj (.text:macKeyDescriptorLookup)
                  0003d544    00000088                            : mac_mcu.obj (.text:macMcuOverflowSetPeriod)
                  0003d5cc    00000088                            : mac_symbol_timer.obj (.text:macSymbolTimerInit)
                  0003d654    00000088     drivers_cc13x2.a : PowerCC26X2_calibrateRCOSC.oem4f (.text:updateSubSecInc)
                  0003d6dc    00000084     api_mac.obj (.text:ApiMac_init)
                  0003d760    00000084     jdllc.obj (.text:Jdllc_securityInit)
                  0003d7e4    00000084     nvocmp.obj (.text:NVOCMP_createItemApi$18)
                  0003d868    00000084     rf_multiMode_cc13x2.aem4f : RFCC26X2_multiMode.c.cc13x2.ccs.o (.text:RF_issueRadioFreeCb)
                  0003d8ec    00000084                               : RFCC26X2_multiMode.c.cc13x2.ccs.o (.text:RF_verifyGap)
                  0003d970    00000084     drivers_cc13x2.a : UARTCC26XX.oem4f (.text:UARTCC26XX_close)
                  0003d9f4    00000084     maclib_secure_cc13x2.a : mac_timer.obj (.text:macTimerUpdateSymbolTimer)
                  0003da78    00000084     oad_storage.obj (.text:oadFindCurrentImageHdr$7)
                  0003dafc    00000084     jdllc.obj (.text:syncLossCb$4)
                  0003db80    00000080     drivers_cc13x2.a : NVSCC26XX.oem4f (.text:NVSCC26XX_open)
                  0003dc00    00000080     jdllc.obj (.text:disassocIndCb$4)
                  0003dc80    00000080     maclib_secure_cc13x2.a : mac_mcu.obj (.text:macMcuOverflowSetCompare)
                  0003dd00    00000080                            : mac_radio.obj (.text:macRadioWakeupCb)
                  0003dd80    00000080                            : mac_autopend.obj (.text:macSrcMatchCheckSrcAddr$21)
                  0003de00    00000080                            : mac_radio.obj (.text:scheduleNopWakeupCmd)
                  0003de80    00000080     rom_sysbios.aem4f : rom_sysbios.obj (.text:ti_sysbios_family_arm_cc26xx_Timer_start__E)
                  0003df00    00000080     maclib_secure_cc13x2.a : mac_tx.obj (.text:txGo$28)
                  0003df80    0000007c     nvocmp.obj (.text:NVOCMP_readItemApi$18)
                  0003dffc    0000007c     rf_multiMode_cc13x2.aem4f : RFCC26X2_multiMode.c.cc13x2.ccs.o (.text:RF_ratFreeChannel)
                  0003e078    0000007c     maclib_secure_cc13x2.a : mac_rx_onoff.obj (.text:macRxOn)
                  0003e0f4    0000007c     maclib_osal_tirtos_cc13x2_26x2.a : osal_port.obj (.text:osalHeapInitFxn)
                  0003e170    0000007a     rtsv7M4_T_le_v4SPD16_eabi.lib : memset_t2.asm.obj (.text)
                  0003e1ea    00000002     maclib_secure_cc13x2.a : mac_radio.obj (.text:macRadioSetRE)
                  0003e1ec    00000078     nvocmp.obj (.text:NVOCMP_checkItem$18)
                  0003e264    00000078     ssf.obj (.text:Ssf_oadInfoUpdate)
                  0003e2dc    00000078     jdllc.obj (.text:dataCnfCb$4)
                  0003e354    00000078     maclib_secure_cc13x2.a : mac_timer.obj (.text:macTimerSetRollover)
                  0003e3cc    00000078     oad_storage.obj (.text:oadFindExtFlMetaPage$7)
                  0003e444    00000078     rom_sysbios.aem4f : rom_sysbios.obj (.text:ti_sysbios_heaps_HeapMem_allocUnprotected__E)
                  0003e4bc    00000074     nvocmp.obj (.text:NVOCMP_writeItemApi$18)
                  0003e530    00000074     drivers_cc13x2.a : PowerCC26X2_calibrateRCOSC.oem4f (.text:PowerCC26X2_auxISR)
                  0003e5a4    00000074     rf_multiMode_cc13x2.aem4f : RFCC26X2_multiMode.c.cc13x2.ccs.o (.text:RF_ratDisableChannel)
                  0003e618    00000074                               : RFCC26X2_multiMode.c.cc13x2.ccs.o (.text:RF_yield)
                  0003e68c    00000074     drivers_cc13x2.a : TRNGCC26XX.oem4f (.text:TRNG_construct)
                  0003e700    00000074     rom_sysbios.aem4f : rom_sysbios.obj (.text:ti_sysbios_gates_GateMutexPri_leave__E)
                  0003e774    00000072     rf_multiMode_cc13x2.aem4f : RFCC26X2_multiMode.c.cc13x2.ccs.o (.text:RF_detachOverrides)
                  0003e7e6    00000002     rtsv7M4_T_le_v4SPD16_eabi.lib : div0.asm.obj (.text)
                  0003e7e8    00000070     drivers_cc13x2.a : AESCCMCC26XX.oem4f (.text:AESCCM_cleanup)
                  0003e858    00000070     rf_multiMode_cc13x2.aem4f : rfc.c.cc13x2.ccs.o (.text:NOROM_RFCAnaDivTxOverride)
                  0003e8c8    00000070     nvocmp.obj (.text:NVOCMP_eraseNvApi$18)
                  0003e938    00000070     drivers_cc13x2.a : PINCC26XX.oem4f (.text:PIN_add)
                  0003e9a8    00000070     rf_multiMode_cc13x2.aem4f : RFCC26X2_multiMode.c.cc13x2.ccs.o (.text:RF_getCurrentTime)
                  0003ea18    00000070     drivers_cc13x2.a : Random.oem4f (.text:Random_seedAutomatic)
                  0003ea88    00000070     oad_client.obj (.text:displayOadStatusUpdate$8)
                  0003eaf8    00000070     jdllc.obj (.text:sendAssocReq$4)
                  0003eb68    0000006e     rf_multiMode_cc13x2.aem4f : RFCC26X2_multiMode.c.cc13x2.ccs.o (.text:RF_attachOverrides)
                  0003ebd6    0000006e                               : RFCC26X2_multiMode.c.cc13x2.ccs.o (.text:RF_howToSchedule)
                  0003ec44    0000006e     rtsv7M4_T_le_v4SPD16_eabi.lib : ll_div_t2.asm.obj (.text)
                  0003ecb2    00000002     app_oad_onchip_persistent_pem4f.oem4f (.text:ti_sysbios_BIOS_nullFunc__I)
                  0003ecb4    0000006d     rom_sysbios.aem4f : rom_sysbios.obj (.text:xdc_runtime_System_formatNum__I)
                  0003ed21    00000001     --HOLE-- [fill = 0]
                  0003ed22    00000002                       : rom_sysbios.obj (.text:ti_sysbios_heaps_HeapCallback_defaultDelete)
                  0003ed24    0000006c     driverlib.lib : chipinfo.obj (.text:NOROM_ChipInfo_GetChipType)
                  0003ed90    0000006c     nvocmp.obj (.text:NVOCMP_getDstPage$18)
                  0003edfc    0000006c     rf_multiMode_cc13x2.aem4f : RFCC26X2_multiMode.c.cc13x2.ccs.o (.text:RF_dispatchNextEvent)
                  0003ee68    0000006c     maclib_secure_cc13x2.a : mac_radio_tx.obj (.text:macRadioTxBackoffBoundary)
                  0003eed4    0000006c                            : mac_hl_patch.obj (.text:macTrackPeriodCallback)
                  0003ef40    0000006c                            : mac_tx.obj (.text:macTxDoneCallback)
                  0003efac    00000068     driverlib.lib : osc.obj (.text:NOROM_OSCHF_SwitchToRcOscTurnOffXosc)
                  0003f014    00000068     maclib_osal_tirtos_cc13x2_26x2.a : osal_port.obj (.text:OsalPort_registerTask)
                  0003f07c    00000068     rf_multiMode_cc13x2.aem4f : RFCC26X2_multiMode.c.cc13x2.ccs.o (.text:RF_hwiHw)
                  0003f0e4    00000068     rtsv7M4_T_le_v4SPD16_eabi.lib : copy_decompress_lzss.c.obj (.text:decompress:lzss:__TI_decompress_lzss)
                  0003f14c    00000068     maclib_secure_cc13x2.a : mac_rx.obj (.text:macRxHaltCleanup)
                  0003f1b4    00000068     jdllc.obj (.text:updateState$4)
                  0003f21c    00000066     maclib_secure_cc13x2.a : mac_hl_patch.obj (.text:macMlmeSubIePresent)
                  0003f282    00000002     rom_sysbios.aem4f : rom_sysbios.obj (.text:xdc_runtime_SysCallback_defaultAbort)
                  0003f284    00000064     drivers_cc13x2.a : AESCCMCC26XX.oem4f (.text:AESCCM_waitForResult)
                  0003f2e8    00000064                      : Button.oem4f (.text:Button_gpioCallbackFxn)
                  0003f34c    00000064     nvocmp.obj (.text:NVOCMP_findSignature$18)
                  0003f3b0    00000064     maclib_osal_tirtos_cc13x2_26x2.a : osal_port.obj (.text:OsalPort_clearEvent)
                  0003f414    00000064                                      : osal_port.obj (.text:OsalPort_pwrmgrTaskState)
                  0003f478    00000064     drivers_cc13x2.a : UARTCC26XX.oem4f (.text:UARTCC26XX_control)
                  0003f4dc    00000064     maclib_secure_cc13x2.a : mac.obj (.text:macRequestBackoff)
                  0003f540    00000064                            : mac_timer.obj (.text:macSymbolTimerRolloverCallback)
                  0003f5a4    00000064                            : mac_timer.obj (.text:macTimerAddTimer)
                  0003f608    00000064     main.obj (.text:main)
                  0003f66c    00000064     jdllc.obj (.text:sendScanReq$4)
                  0003f6d0    00000062     ti_drivers_config.obj (.text:Board_sendExtFlashByte)
                  0003f732    00000062     rf_multiMode_cc13x2.aem4f : RFCC26X2_multiMode.c.cc13x2.ccs.o (.text:RF_syncCb)
                  0003f794    00000062     drivers_cc13x2.a : UARTCC26XX.oem4f (.text:UARTCC26XX_swiIntFxn)
                  0003f7f6    00000002     rom_sysbios.aem4f : rom_sysbios.obj (.text:xdc_runtime_SysCallback_defaultExit)
                  0003f7f8    00000060     drivers_cc13x2.a : AESCCMCC26XX.oem4f (.text:AESCCM_hwiFxn)
                  0003f858    00000060                      : CryptoResourceCC26XX.oem4f (.text:CryptoResourceCC26XX_constructRTOSObjects)
                  0003f8b8    00000060                      : GPIOCC26XX.oem4f (.text:GPIO_write)
                  0003f918    00000060     rf_multiMode_cc13x2.aem4f : RFCC26X2_multiMode.c.cc13x2.ccs.o (.text:RF_applyRfCorePatch)
                  0003f978    00000060     drivers_cc13x2.a : TRNGCC26XX.oem4f (.text:TRNGCC26XX_startTrng)
                  0003f9d8    00000060     maclib_secure_cc13x2.a : mac_radio.obj (.text:macGetRadioTxPowerReg)
                  0003fa38    00000060                            : mac_timer.obj (.text:macTimerCancel)
                  0003fa98    00000060                            : mac_timer.obj (.text:macTimerGetNextTimer)
                  0003faf8    0000005e     api_mac.obj (.text:convertTxOptions)
                  0003fb56    00000002     rom_sysbios.aem4f : rom_sysbios.obj (.text:xdc_runtime_SysCallback_defaultFlush)
                  0003fb58    0000005c     nvocmp.obj (.text:NVOCMP_readItem$18)
                  0003fbb4    0000005c     maclib_osal_tirtos_cc13x2_26x2.a : osal_port.obj (.text:OsalPort_msgReceive)
                  0003fc10    0000005c                                      : osal_port.obj (.text:OsalPort_setEvent)
                  0003fc6c    0000005c     drivers_cc13x2.a : PINCC26XX.oem4f (.text:PIN_remove)
                  0003fcc8    0000005c     rf_multiMode_cc13x2.aem4f : RFCC26X2_multiMode.c.cc13x2.ccs.o (.text:RF_hwiCpe0PowerFsm)
                  0003fd24    0000005c     ssf.obj (.text:Ssf_getNetworkInfo)
                  0003fd80    0000005c     drivers_cc13x2.a : NVSCC26XX.oem4f (.text:doErase)
                  0003fddc    0000005c     maclib_secure_cc13x2.a : mac_radio.obj (.text:macRadioSetChannel)
                  0003fe38    0000005c                            : mac_radio.obj (.text:macRadioSetChannelRx)
                  0003fe94    0000005c                            : mac_hl_patch.obj (.text:macSetDefaultsByPatch)
                  0003fef0    0000005c     drivers_cc13x2.a : UARTCC26XX.oem4f (.text:startTxFifoEmptyClk)
                  0003ff4c    0000005c     app_oad_onchip_persistent_pem4f.oem4f (.text:xdc_runtime_Startup_getState__I)
                  0003ffa8    00000058     nvocmp.obj (.text:NVOCMP_getItemLenApi$18)
                  00040000    00000058     drivers_cc13x2.a : PowerCC26X2_calibrateRCOSC.oem4f (.text:PowerCC26X2_initiateCalibration)
                  00040058    00000058     rf_multiMode_cc13x2.aem4f : RFCC26X2_multiMode.c.cc13x2.ccs.o (.text:RF_TxPowerTable_findValue)
                  000400b0    00000058     drivers_cc13x2.a : TRNGCC26XX.oem4f (.text:TRNG_init)
                  00040108    00000058     boot.aem4f : boot.oem4f (.text)
                  00040160    00000058     maclib_secure_cc13x2.a : mac_sleep.obj (.text:macCanSleep)
                  000401b8    00000058                            : mac_radio_tx.obj (.text:macRadioTxRequestTxAck)
                  00040210    00000058     rom_sysbios.aem4f : rom_sysbios.obj (.text:ti_sysbios_heaps_HeapMem_alloc__E)
                  00040268    00000056     drivers_cc13x2.a : LED.oem4f (.text:LED_startBlinking)
                  000402be    00000056     rf_multiMode_cc13x2.aem4f : RFCC26X2_multiMode.c.cc13x2.ccs.o (.text:RF_defaultSubmitPolicy)
                  00040314    00000054     drivers_cc13x2.a : AESCCMCC26XX.oem4f (.text:AESCCM_construct)
                  00040368    00000054     jdllc.obj (.text:Jdllc_addSecDevice)
                  000403bc    00000054     driverlib.lib : prcm.obj (.text:NOROM_PRCMPowerDomainsAllOff)
                  00040410    00000054     nvocmp.obj (.text:NVOCMP_doNVCRC$18)
                  00040464    00000054     drivers_cc13x2.a : NVSCC26XX.oem4f (.text:NVSCC26XX_init)
                  000404b8    00000054     rf_multiMode_cc13x2.aem4f : RFCC26X2_multiMode.c.cc13x2.ccs.o (.text:RF_fsmXOSCState)
                  0004050c    00000054     drivers_cc13x2.a : StructRingBuf.oem4f (.text:StructRingBuf_put)
                  00040560    00000054     dpl_cc13x2.a : SwiP_tirtos.oem4f (.text:SwiP_construct)
                  000405b4    00000054     maclib_secure_cc13x2.a : mac_hl_patch.obj (.text:macIncomingKeyUsagePolicyChecking)
                  00040608    00000054                            : mac_tx.obj (.text:macTxAckReceivedCallback)
                  0004065c    00000054     api_mac.obj (.text:processScanCnf$12)
                  000406b0    00000050     drivers_cc13x2.a : GPIOCC26XX.oem4f (.text:GPIO_enableInt)
                  00040700    00000050     nvocmp.obj (.text:NVOCMP_compactNvApi$18)
                  00040750    00000050     oad_client.obj (.text:OADClient_abort)
                  000407a0    00000050     drivers_cc13x2.a : TRNGCC26XX.oem4f (.text:TRNGCC26XX_waitForResult)
                  000407f0    00000050     maclib_secure_cc13x2.a : mac_radio.obj (.text:macRadioSetPanCoordinator)
                  00040840    00000050                            : mac_rx_onoff.obj (.text:macRxDisable)
                  00040890    00000050                            : mac_timer.obj (.text:macTimerStart)
                  000408e0    0000004c     cui.obj (.text:CUI_updateCursor$1)
                  0004092c    0000004c     driverlib.lib : prcm.obj (.text:NOROM_PRCMPowerDomainsAllOn)
                  00040978    0000004c     nvocmp.obj (.text:NVOCMP_setItemInactive$18)
                  000409c4    0000004c     maclib_osal_tirtos_cc13x2_26x2.a : osal_port.obj (.text:OsalPort_msgSend)
                  00040a10    0000004c     rf_multiMode_cc13x2.aem4f : RFCC26X2_multiMode.c.cc13x2.ccs.o (.text:RF_wakeupNotification)
                  00040a5c    0000004c     drivers_cc13x2.a : StructRingBuf.oem4f (.text:StructRingBuf_get)
                  00040aa8    0000004c                      : UARTCC26XX.oem4f (.text:UARTCC26XX_readCancel)
                  00040af4    0000004c     rtsv7M4_T_le_v4SPD16_eabi.lib : cpy_tbl.c.obj (.text:copy_in)
                  00040b40    0000004c     maclib_secure_cc13x2.a : mac_low_level.obj (.text:macLowLevelYield)
                  00040b8c    0000004c                            : mac_radio_tx.obj (.text:macRadioTxHandleAck)
                  00040bd8    0000004c                            : mac.obj (.text:macSendFsCmd)
                  00040c24    0000004c     maclib_osal_tirtos_cc13x2_26x2.a : osal_port.obj (.text:osalHeapGetStatsFxn)
                  00040c70    00000048     ti_drivers_config.obj (.text:Board_wakeUpExtFlash)
                  00040cb8    00000048     rf_multiMode_cc13x2.aem4f : rfc.c.cc13x2.ccs.o (.text:NOROM_RFCSynthPowerDown)
                  00040d00    00000048     nvocmp.obj (.text:NVOCMP_write$18)
                  00040d48    00000048     drivers_cc13x2.a : NVS.oem4f (.text:NVS_open)
                  00040d90    00000048                      : PINCC26XX.oem4f (.text:PIN_setOutputEnable)
                  00040dd8    00000048                      : PowerCC26X2_calibrateRCOSC.oem4f (.text:PowerCC26X2_RCOSC_clockFunc)
                  00040e20    00000048                      : PowerCC26X2.oem4f (.text:PowerCC26XX_switchXOSC_HF)
                  00040e68    00000048     ssf.obj (.text:Ssf_configurationUpdate)
                  00040eb0    00000048     cui.obj (.text:UartReadCallback$1)
                  00040ef8    00000048     maclib_osal_tirtos_cc13x2_26x2.a : util_timer.obj (.text:UtilTimer_construct)
                  00040f40    00000048     drivers_cc13x2.a : NVSCC26XX.oem4f (.text:disableFlashCache)
                  00040f88    00000048     maclib_secure_cc13x2.a : mac_radio.obj (.text:macRadioNeedAdjustPower)
                  00040fd0    00000048                            : mac_radio.obj (.text:macRadioStopScan)
                  00041018    00000048                            : mac_timer.obj (.text:macTimerUpdActive)
                  00041060    00000048     drivers_cc13x2.a : PowerCC26X2.oem4f (.text:switchXOSCHF)
                  000410a8    00000048     ssf.obj (.text:uintToString$11)
                  000410f0    00000048     drivers_cc13x2.a : UARTCC26XX.oem4f (.text:writeFinishedDoCallback)
                  00041138    00000046                      : RingBuf.oem4f (.text:RingBuf_put)
                  0004117e    00000046     maclib_secure_cc13x2.a : mac_hl_patch.obj (.text:macDeviceDescriptorLookup)
                  000411c4    00000044     drivers_cc13x2.a : GPIOCC26XX.oem4f (.text:GPIO_disableInt)
                  00041208    00000044     maclib_secure_cc13x2.a : mac_timer.obj (.text:MAC_PwrNextTimeout)
                  0004124c    00000044     driverlib.lib : chipinfo.obj (.text:NOROM_ChipInfo_GetHwRevision)
                  00041290    00000044     nvocmp.obj (.text:NVOCMP_getFreeNvApi$18)
                  000412d4    00000044     drivers_cc13x2.a : NVSCC26XX.oem4f (.text:NVSCC26XX_read)
                  00041318    00000044                      : PINCC26XX.oem4f (.text:PIN_swi)
                  0004135c    00000044                      : PWM.oem4f (.text:PWM_init)
                  000413a0    00000044                      : UART.oem4f (.text:UART_init)
                  000413e4    00000044     maclib_secure_cc13x2.a : mac_tx.obj (.text:macTxTimestampCallback)
                  00041428    00000044     jdllc.obj (.text:populateInfo$4)
                  0004146c    00000042     api_mac.obj (.text:copyMacPanDescToApiMacPanDesc$12)
                  000414ae    00000040     dpl_cc13x2.a : ClockP_tirtos.oem4f (.text:ClockP_construct)
                  000414ee    00000002     rom_sysbios.aem4f : rom_sysbios.obj (.text:xdc_runtime_SysCallback_defaultPutch)
                  000414f0    00000040     dpl_cc13x2.a : ClockP_tirtos.oem4f (.text:ClockP_create)
                  00041530    00000040     jdllc.obj (.text:Jdllc_sendDisassociationRequest)
                  00041570    00000040     driverlib.lib : osc.obj (.text:NOROM_OSC_HPOSCRelativeFrequencyOffsetGet)
                  000415b0    00000040     oad_storage.obj (.text:OADStorage_checkFactoryImage)
                  000415f0    00000040     oad_storage.obj (.text:OADStorage_init)
                  00041630    00000040     maclib_osal_tirtos_cc13x2_26x2.a : osal_port.obj (.text:OsalPort_heapFree$45)
                  00041670    00000040     drivers_cc13x2.a : PWM.oem4f (.text:PWM_open)
                  000416b0    00000040                      : PowerCC26X2.oem4f (.text:PowerCC26XX_isStableXOSC_HF)
                  000416f0    00000040                      : Random.oem4f (.text:Random_getNumber)
                  00041730    00000040                      : RingBuf.oem4f (.text:RingBuf_get)
                  00041770    00000040                      : TRNGCC26XX.oem4f (.text:TRNGCC26XX_copyToClient)
                  000417b0    00000040                      : UART.oem4f (.text:UART_open)
                  000417f0    00000040     rf_multiMode_cc13x2.aem4f : rf_patch_cpe_prop.c.cc13x2.ccs.o (.text:configurePropPatch)
                  00041830    00000040     maclib_secure_cc13x2.a : mac.obj (.text:macRatCb_B)
                  00041870    00000040                            : mac_rx.obj (.text:macRxNokIsr)
                  000418b0    00000040                            : mac_autopend.obj (.text:macSrcMatchSetEnableBit$21)
                  000418f0    00000040                            : mac_symbol_timer.obj (.text:macSymbolTimerSetTrigger)
                  00041930    00000040                            : mac_tx.obj (.text:macTxUpdateIE)
                  00041970    00000040     rtsv7M4_T_le_v4SPD16_eabi.lib : u_divt2.asm.obj (.text)
                  000419b0    00000040     rom_sysbios.aem4f : rom_sysbios.obj (.text:ti_sysbios_family_arm_cc26xx_Timer_setThreshold__I)
                  000419f0    00000040                       : rom_sysbios.obj (.text:ti_sysbios_heaps_HeapCallback_Module_startup__E)
                  00041a30    0000003e     dpl_cc13x2.a : HwiP_tirtos.oem4f (.text:HwiP_construct)
                  00041a6e    0000003e     drivers_cc13x2.a : LED.oem4f (.text:LED_setBrightnessLevel)
                  00041aac    0000003e     maclib_osal_tirtos_cc13x2_26x2.a : osal_port.obj (.text:OsalPort_msgEnqueueMax)
                  00041aea    0000003e     drivers_cc13x2.a : LED.oem4f (.text:clockTimeoutHandler)
                  00041b28    0000003c     driverlib.lib : osc.obj (.text:InternCapArrayAdjustWithBaseline7001F$50)
                  00041b64    0000003c     jdllc.obj (.text:Jdllc_getJoiningPanId)
                  00041ba0    0000003c     drivers_cc13x2.a : LED.oem4f (.text:LED_setOff)
                  00041bdc    0000003c     maclib_secure_cc13x2.a : mac_pwr.obj (.text:MAC_PwrOnReq)
                  00041c18    0000003c     nvocmp.obj (.text:NVOCMP_disableCache$18)
                  00041c54    0000003c     drivers_cc13x2.a : PINCC26XX.oem4f (.text:PIN_setInterrupt)
                  00041c90    0000003c                      : PINCC26XX.oem4f (.text:PIN_setOutputValue)
                  00041ccc    0000003c     rf_multiMode_cc13x2.aem4f : RFCC26X2_multiMode.c.cc13x2.ccs.o (.text:RF_cmdGet)
                  00041d08    0000003c                               : RFCC26X2_multiMode.c.cc13x2.ccs.o (.text:RF_cmdStoreEvents)
                  00041d44    0000003c     cui.obj (.text:UartWriteCallback$1)
                  00041d80    0000003c     drivers_cc13x2.a : NVSCC26XX.oem4f (.text:checkEraseRange)
                  00041dbc    0000003c     jdllc.obj (.text:handleMaxDataFail$4)
                  00041df8    0000003c     maclib_secure_cc13x2.a : mac_timer.obj (.text:macTimerRecalcUnaligned)
                  00041e34    0000003c                            : mac_tx.obj (.text:macTxDecrypt)
                  00041e70    0000003c     rom_sysbios.aem4f : rom_sysbios.obj (.text:ti_sysbios_family_arm_m3_Hwi_construct2__E)
                  00041eac    0000003a     maclib_osal_tirtos_cc13x2_26x2.a : mac_util.obj (.text:Util_bufferUint32)
                  00041ee6    00000002     --HOLE-- [fill = 0]
                  00041ee8    00000038     ti_drivers_config.obj (.text:Board_shutDownExtFlash)
                  00041f20    00000038     drivers_cc13x2.a : PINCC26XX.oem4f (.text:PIN_setConfig)
                  00041f58    00000038     rf_multiMode_cc13x2.aem4f : RFCC26X2_multiMode.c.cc13x2.ccs.o (.text:RF_checkCmdFsError)
                  00041f90    00000038                               : RFCC26X2_multiMode.c.cc13x2.ccs.o (.text:RF_powerConstraintRelease)
                  00041fc8    00000038     maclib_secure_cc13x2.a : mac_timer.obj (.text:macTimerAligned)
                  00042000    00000038                            : mac_timer.obj (.text:macTimerInit)
                  00042038    00000038                            : mac_tx.obj (.text:macTxAckNotReceivedCallback)
                  00042070    00000038                            : mac_tx.obj (.text:macTxFrameIsr)
                  000420a8    00000038     drivers_cc13x2.a : PowerCC26X2.oem4f (.text:notify)
                  000420e0    00000038                      : UARTCC26XX.oem4f (.text:readData)
                  00042118    00000038     jdllc.obj (.text:sendPollReq$4)
                  00042150    00000038     rom_sysbios.aem4f : rom_sysbios.obj (.text:ti_sysbios_family_arm_cc26xx_Timer_getCurrentTick__E)
                  00042188    00000038     drivers_cc13x2.a : UARTCC26XX.oem4f (.text:writeData)
                  000421c0    00000036     api_mac.obj (.text:ApiMac_convertCapabilityInfo)
                  000421f6    00000036     drivers_cc13x2.a : LED.oem4f (.text:LED_setOn)
                  0004222c    00000036     rom_sysbios.aem4f : rom_sysbios.obj (.text:ti_sysbios_family_arm_cc26xx_Timer_setNextTick__E)
                  00042262    00000002     --HOLE-- [fill = 0]
                  00042264    00000034     driverlib.lib : sys_ctrl.obj (.text:NOROM_SysCtrlIdle)
                  00042298    00000034     nvocmp.obj (.text:NVOCMP_verifyCRC$18)
                  000422cc    00000034     rf_multiMode_cc13x2.aem4f : RFCC26X2_multiMode.c.cc13x2.ccs.o (.text:RF_runDirectImmediateCmd)
                  00042300    00000034     ssf.obj (.text:Ssf_setPollClock)
                  00042334    00000034     ssf.obj (.text:Ssf_setReadingClock)
                  00042368    00000034     ssf.obj (.text:Ssf_setScanBackoffClock)
                  0004239c    00000034     ssf.obj (.text:assocAction$11)
                  000423d0    00000034     maclib_secure_cc13x2.a : mac_hl_patch.obj (.text:macCheckPhyRate)
                  00042404    00000034                            : mac_low_level.obj (.text:macLowLevelDiags)
                  00042438    00000034                            : mac_radio.obj (.text:macRadioSetIEEEAddr)
                  0004246c    00000034                            : mac.obj (.text:macRatDisableChannelB)
                  000424a0    00000034                            : mac_symbol_timer.obj (.text:macSymbolTimerCount)
                  000424d4    00000034     drivers_cc13x2.a : UARTCC26XX.oem4f (.text:readData2RingBuf)
                  00042508    00000034     rtsv7M4_T_le_v4SPD16_eabi.lib : strncpy.c.obj (.text:strncpy)
                  0004253c    00000034     rom_sysbios.aem4f : rom_sysbios.obj (.text:ti_sysbios_knl_Swi_setPri__E)
                  00042570    00000032     maclib_osal_tirtos_cc13x2_26x2.a : osal_port.obj (.text:OsalPort_msgExtract)
                  000425a2    00000032     rom_sysbios.aem4f : rom_sysbios.obj (.text:ti_sysbios_gates_GateMutexPri_insertPri__I)
                  000425d4    00000030     drivers_cc13x2.a : GPIOCC26XX.oem4f (.text:GPIO_hwiIntFxn)
                  00042604    00000030                      : GPIOCC26XX.oem4f (.text:GPIO_setCallback)
                  00042634    00000030     nvocmp.obj (.text:NVOCMP_changePageState$18)
                  00042664    00000030     drivers_cc13x2.a : NVSCC26XX.oem4f (.text:NVSCC26XX_erase)
                  00042694    00000030     oad_protocol.obj (.text:OADProtocol_sendOadIdentifyImgRsp)
                  000426c4    00000030     drivers_cc13x2.a : PINCC26XX.oem4f (.text:PINCC26XX_setMux)
                  000426f4    00000030                      : PowerCC26X2.oem4f (.text:Power_releaseConstraint)
                  00042724    00000030                      : PowerCC26X2.oem4f (.text:Power_setConstraint)
                  00042754    00000030                      : TRNGCC26XX.oem4f (.text:TRNGCC26XX_fillEntropyPool)
                  00042784    00000030     ssf.obj (.text:disassocAction$11)
                  000427b4    00000030     maclib_secure_cc13x2.a : mac_rx_onoff.obj (.text:macRxHardDisable)
                  000427e4    00000030                            : mac_rx_onoff.obj (.text:macRxSoftDisable)
                  00042814    00000030                            : mac_symbol_timer.obj (.text:macSymbolTimerBCWakeUp)
                  00042844    00000030                            : mac_symbol_timer.obj (.text:macSymbolTimerICallTimerCback)
                  00042874    00000030                            : mac_timer.obj (.text:macTimerCheckUnAlignedQ)
                  000428a4    00000030     oad_client.obj (.text:oadClockSet$8)
                  000428d4    00000030     app_oad_onchip_persistent_pem4f.oem4f (.text:ti_sysbios_BIOS_atExitFunc__I)
                  00042904    00000030     app_oad_onchip_persistent_pem4f.oem4f (.text:ti_sysbios_BIOS_startFunc__I)
                  00042934    00000030     rom_sysbios.aem4f : rom_sysbios.obj (.text:ti_sysbios_family_arm_cc26xx_Timer_initDevice__I)
                  00042964    00000030     app_oad_onchip_persistent_pem4f.oem4f (.text:ti_sysbios_gates_GateMutexPri_Object__create__S)
                  00042994    00000030     app_oad_onchip_persistent_pem4f.oem4f (.text:ti_sysbios_gates_GateMutexPri_create)
                  000429c4    00000030     app_oad_onchip_persistent_pem4f.oem4f (.text:ti_sysbios_heaps_HeapCallback_Object__create__S)
                  000429f4    00000030     rom_sysbios.aem4f : rom_sysbios.obj (.text:ti_sysbios_knl_Clock_getTimeout__E)
                  00042a24    00000030     app_oad_onchip_persistent_pem4f.oem4f (.text:ti_sysbios_rts_MemAlloc_alloc)
                  00042a54    0000002e     maclib_osal_tirtos_cc13x2_26x2.a : osal_port.obj (.text:OsalPort_msgDequeue)
                  00042a82    0000002e                                      : osal_port.obj (.text:OsalPort_msgEnqueue)
                  00042ab0    0000002e     rf_multiMode_cc13x2.aem4f : RFCC26X2_multiMode.c.cc13x2.ccs.o (.text:RF_queueEnd)
                  00042ade    0000002e     drivers_cc13x2.a : TRNGCC26XX.oem4f (.text:TRNGCC26XX_serviceJob)
                  00042b0c    0000002c                      : NVS.oem4f (.text:NVS_init)
                  00042b38    0000002c     rf_multiMode_cc13x2.aem4f : RFCC26X2_multiMode.c.cc13x2.ccs.o (.text:RF_executeDirectImmediateCmd)
                  00042b64    0000002c     dpl_cc13x2.a : SemaphoreP_tirtos.oem4f (.text:SemaphoreP_constructBinary)
                  00042b90    0000002c                  : SemaphoreP_tirtos.oem4f (.text:SemaphoreP_createBinary)
                  00042bbc    0000002c     ssf.obj (.text:Ssf_clearNetworkInfo)
                  00042be8    0000002c     drivers_cc13x2.a : TRNGCC26XX.oem4f (.text:TRNGCC26XX_stopTrng)
                  00042c14    0000002c     rf_multiMode_cc13x2.aem4f : rf_patch_cpe_prop.c.cc13x2.ccs.o (.text:applyPropPatch)
                  00042c40    0000002c     flash_interface_int_rtos_NVS.obj (.text:flash_open)
                  00042c6c    0000002c     maclib_secure_cc13x2.a : mac_radio.obj (.text:macRadioSetPanID)
                  00042c98    0000002c                            : mac_radio.obj (.text:macRadioSetShortAddr)
                  00042cc4    0000002c                            : mac_rx_onoff.obj (.text:macRxSoftEnable)
                  00042cf0    0000002c                            : mac_symbol_timer.obj (.text:macSymbolTimerSetRollover)
                  00042d1c    0000002c                            : mac_tx.obj (.text:macTxRequestCsmaRtcDelay)
                  00042d48    0000002c                            : saddr.obj (.text:sAddrCmp)
                  00042d74    0000002c     app_oad_onchip_persistent_pem4f.oem4f (.text:ti_sysbios_gates_GateMutexPri_Handle__label__S)
                  00042da0    0000002c     app_oad_onchip_persistent_pem4f.oem4f (.text:ti_sysbios_heaps_HeapCallback_Handle__label__S)
                  00042dcc    0000002c     rom_sysbios.aem4f : rom_sysbios.obj (.text:ti_sysbios_knl_Clock_getTicksUntilInterrupt__E)
                  00042df8    0000002a     drivers_cc13x2.a : List.oem4f (.text:List_insert)
                  00042e22    0000002a     maclib_secure_cc13x2.a : mac_autopend.obj (.text:MAC_SrcMatchDeleteEntry)
                  00042e4c    0000002a     rf_multiMode_cc13x2.aem4f : RFCC26X2_multiMode.c.cc13x2.ccs.o (.text:RF_searchAndReplacePAOverride)
                  00042e76    0000002a     oad_client.obj (.text:oadRadioAccessPacketSend$8)
                  00042ea0    00000028     cui.obj (.text:CUI_publicAPIChecks$1)
                  00042ec8    00000028     drivers_cc13x2.a : GPIOCC26XX.oem4f (.text:GPIO_read)
                  00042ef0    00000028     rf_multiMode_cc13x2.aem4f : rfc.c.cc13x2.ccs.o (.text:NOROM_RFCOverrideSearch)
                  00042f18    00000028     nvocmp.obj (.text:NVOCMP_setCompactHdr$18)
                  00042f40    00000028     drivers_cc13x2.a : PowerCC26X2.oem4f (.text:Power_registerNotify)
                  00042f68    00000028     rf_multiMode_cc13x2.aem4f : RFCC26X2_multiMode.c.cc13x2.ccs.o (.text:RF_calculateDeltaTimeUs)
                  00042f90    00000028     ssf.obj (.text:Ssf_displayError)
                  00042fb8    00000028     maclib_secure_cc13x2.a : mac_mcu.obj (.text:macMcuInit)
                  00042fe0    00000028                            : mac_rx_onoff.obj (.text:macRxEnable)
                  00043008    00000028                            : mac_tx.obj (.text:macTxAbortIsr)
                  00043030    00000028     drivers_cc13x2.a : PowerCC26X2.oem4f (.text:oscillatorISR)
                  00043058    00000028     oad_protocol.obj (.text:processOadImgBlockReq$6)
                  00043080    00000028     drivers_cc13x2.a : NVSCC26XX.oem4f (.text:restoreFlashCache)
                  000430a8    00000028     flash_interface_int_rtos_NVS.obj (.text:writeFlash)
                  000430d0    00000028     flash_interface_int_rtos_NVS.obj (.text:writeFlashPg)
                  000430f8    00000026     drivers_cc13x2.a : List.oem4f (.text:List_put)
                  0004311e    00000026                      : List.oem4f (.text:List_putHead)
                  00043144    00000026                      : List.oem4f (.text:List_remove)
                  0004316a    00000026     rtsv7M4_T_le_v4SPD16_eabi.lib : strncat.c.obj (.text:strncat)
                  00043190    00000024     driverlib.lib : osc.obj (.text:NOROM_OSCHF_TurnOnXosc)
                  000431b4    00000024     rf_multiMode_cc13x2.aem4f : rfc.c.cc13x2.ccs.o (.text:NOROM_RFCDoorbellSendTo)
                  000431d8    00000024                               : RFCC26X2_multiMode.c.cc13x2.ccs.o (.text:RF_cmdAlloc)
                  000431fc    00000024                               : RFCC26X2_multiMode.c.cc13x2.ccs.o (.text:RF_invokeGlobalCallback)
                  00043220    00000024     flash_interface_int_rtos_NVS.obj (.text:eraseFlashPg)
                  00043244    00000024     drivers_cc13x2.a : PowerCC26X2_calibrateRCOSC.oem4f (.text:getTdcSemaphore)
                  00043268    00000024     maclib_secure_cc13x2.a : mac_radio.obj (.text:macRadioSelectConfig$24)
                  0004328c    00000024                            : mac_radio.obj (.text:macRadioSwInit)
                  000432b0    00000024                            : mac.obj (.text:macSetCurrChan$20)
                  000432d4    00000024                            : mac_symbol_timer.obj (.text:macSymbolTimerPowerDown)
                  000432f8    00000024                            : mac_timer.obj (.text:macTimer)
                  0004331c    00000024     rtsv7M4_T_le_v4SPD16_eabi.lib : memcmp.c.obj (.text:memcmp)
                  00043340    00000024     oad_protocol.obj (.text:processOadImgBlockRsp$6)
                  00043364    00000024     flash_interface_int_rtos_NVS.obj (.text:readFlashPg)
                  00043388    00000024     app_oad_onchip_persistent_pem4f.oem4f (.text:ti_sysbios_BIOS_registerRTSLock__I)
                  000433ac    00000024     app_oad_onchip_persistent_pem4f.oem4f (.text:ti_sysbios_BIOS_removeRTSLock__I)
                  000433d0    00000024     rom_sysbios.aem4f : rom_sysbios.obj (.text:ti_sysbios_family_arm_cc26xx_Timer_getMaxTicks__E)
                  000433f4    00000024                       : rom_sysbios.obj (.text:ti_sysbios_family_arm_m3_Hwi_romInitNVIC__I)
                  00043418    00000024     app_oad_onchip_persistent_pem4f.oem4f (.text:ti_sysbios_gates_GateMutexPri_Object__delete__S)
                  0004343c    00000024     app_oad_onchip_persistent_pem4f.oem4f (.text:ti_sysbios_heaps_HeapCallback_Object__delete__S)
                  00043460    00000022     drivers_cc13x2.a : CryptoUtils.oem4f (.text:CryptoUtils_buffersMatch)
                  00043482    00000022                      : LED.oem4f (.text:LED_stopBlinking)
                  000434a4    00000022                      : List.oem4f (.text:List_get)
                  000434c6    00000022     maclib_osal_tirtos_cc13x2_26x2.a : osal_port.obj (.text:OsalPort_msgAllocate)
                  000434e8    00000022     maclib_secure_cc13x2.a : mac_radio.obj (.text:radioComputeED)
                  0004350a    00000002     --HOLE-- [fill = 0]
                  0004350c    00000020     ti_drivers_config.obj (.text:Board_init)
                  0004352c    00000020     cui.obj (.text:CUI_getClientIndex$1)
                  0004354c    00000020     cui.obj (.text:CUI_updateRemLen$1)
                  0004356c    00000020     dpl_cc13x2.a : HwiP_tirtos.oem4f (.text:HwiP_setFunc)
                  0004358c    00000020     maclib_secure_cc13x2.a : mac_autopend.obj (.text:MAC_SrcMatchAckAllPending)
                  000435ac    00000020     nvocmp.obj (.text:NVOCMP_readByte$18)
                  000435cc    00000020     maclib_osal_tirtos_cc13x2_26x2.a : osal_port.obj (.text:OsalPort_memcmp)
                  000435ec    00000020                                      : osal_port.obj (.text:OsalPort_msgDeallocate)
                  0004360c    00000020     drivers_cc13x2.a : PINCC26XX.oem4f (.text:PINCC26XX_setIoCfgMux)
                  0004362c    00000020                      : PowerCC26X2.oem4f (.text:Power_unregisterNotify)
                  0004364c    00000020     rf_multiMode_cc13x2.aem4f : RFCC26X2_multiMode.c.cc13x2.ccs.o (.text:RF_clkPowerUp)
                  0004366c    00000020                               : RFCC26X2_multiMode.c.cc13x2.ccs.o (.text:RF_hwiCpe0ChangePhy)
                  0004368c    00000020                               : RFCC26X2_multiMode.c.cc13x2.ccs.o (.text:RF_isStateTransitionAllowed)
                  000436ac    00000020                               : RFCC26X2_multiMode.c.cc13x2.ccs.o (.text:RF_ratIsRunning)
                  000436cc    00000020                               : RFCC26X2_multiMode.c.cc13x2.ccs.o (.text:RF_setTxPower)
                  000436ec    00000020     sensor.obj (.text:Sensor_sendIdentifyLedRequest)
                  0004370c    00000020     crc.obj (.text:crc_update)
                  0004372c    00000020     maclib_secure_cc13x2.a : mac_radio.obj (.text:macGetRadioState)
                  0004374c    00000020                            : mac_rx_onoff.obj (.text:macRxOff)
                  0004376c    00000020                            : mac_tx.obj (.text:macTxFrameRetransmit)
                  0004378c    00000020     ssf.obj (.text:processKeyChangeCallback$11)
                  000437ac    00000020     ssf.obj (.text:processScanBackoffTimeoutCallback$11)
                  000437cc    00000020     drivers_cc13x2.a : UARTCC26XX.oem4f (.text:threadSafeStdbyDisRelease)
                  000437ec    00000020                      : UARTCC26XX.oem4f (.text:threadSafeStdbyDisSet)
                  0004380c    00000020     app_oad_onchip_persistent_pem4f.oem4f (.text:ti_sysbios_BIOS_rtsLock__I)
                  0004382c    00000020     rom_sysbios.aem4f : rom_sysbios.obj (.text:ti_sysbios_family_arm_cc26xx_Timer_dynamicStub__E)
                  0004384c    0000001e     maclib_osal_tirtos_cc13x2_26x2.a : osal_port.obj (.text:OsalPort_buildUint32)
                  0004386a    0000001e     drivers_cc13x2.a : PINCC26XX.oem4f (.text:PIN_close)
                  00043888    0000001e                      : PowerCC26X2.oem4f (.text:Power_getTransitionLatency)
                  000438a6    0000001e     maclib_secure_cc13x2.a : mac_hl_patch.obj (.text:macPibIndex)
                  000438c4    0000001e     ssf.obj (.text:moveCursorLeft$11)
                  000438e2    0000001e     ssf.obj (.text:moveCursorRight$11)
                  00043900    0000001e     drivers_cc13x2.a : Button.oem4f (.text:msToTicks)
                  0004391e    0000001e                      : LED.oem4f (.text:msToTicks)
                  0004393c    0000001c     crc32.obj (.text:CRC32_memCpy)
                  00043958    0000001c     jdllc.obj (.text:Jdllc_setChanMask)
                  00043974    0000001c     driverlib.lib : chipinfo.obj (.text:NOROM_ChipInfo_GetChipFamily)
                  00043990    0000001c                   : flash.obj (.text:NOROM_FlashProgram)
                  000439ac    0000001c                   : flash.obj (.text:NOROM_FlashSectorErase)
                  000439c8    0000001c     nvocmp.obj (.text:NVOCMP_writeByte$18)
                  000439e4    0000001c     drivers_cc13x2.a : NVSCC26XX.oem4f (.text:NVSCC26XX_getAttrs)
                  00043a00    0000001c                      : NVSCC26XX.oem4f (.text:NVSCC26XX_lock)
                  00043a1c    0000001c                      : PINCC26XX.oem4f (.text:PIN_hwi)
                  00043a38    0000001c     dpl_cc13x2.a : PowerCC26X2_tirtos.oem4f (.text:PowerCC26XX_schedulerDisable)
                  00043a54    0000001c                  : PowerCC26X2_tirtos.oem4f (.text:PowerCC26XX_schedulerRestore)
                  00043a70    0000001c     rf_multiMode_cc13x2.aem4f : RFCC26X2_multiMode.c.cc13x2.ccs.o (.text:RF_ScheduleCmdParams_init)
                  00043a8c    0000001c                               : RFCC26X2_multiMode.c.cc13x2.ccs.o (.text:RF_clkInactivityCallback)
                  00043aa8    0000001c                               : RFCC26X2_multiMode.c.cc13x2.ccs.o (.text:RF_getPAOverrideOffsetAndValue)
                  00043ac4    0000001c                               : RFCC26X2_multiMode.c.cc13x2.ccs.o (.text:RF_getRssi)
                  00043ae0    0000001c                               : RFCC26X2_multiMode.c.cc13x2.ccs.o (.text:RF_powerConstraintSet)
                  00043afc    0000001c     ssf.obj (.text:Ssf_initializeReadingClock)
                  00043b18    0000001c     sensor.obj (.text:jdllcDisassocCnfCb$10)
                  00043b34    0000001c     sensor.obj (.text:jdllcDisassocIndCb$10)
                  00043b50    0000001c     maclib_secure_cc13x2.a : mac_mcu.obj (.text:macMcuTimerCapture)
                  00043b6c    0000001c                            : mac.obj (.text:macNopBackoffTimerExpiry)
                  00043b88    0000001c                            : mac_radio.obj (.text:macRadioEnergyDetectStop)
                  00043ba4    0000001c                            : mac_radio.obj (.text:macRadioInit)
                  00043bc0    0000001c                            : mac_radio_tx.obj (.text:macRadioTxGo)
                  00043bdc    0000001c                            : mac_rx.obj (.text:macRxAckTxDoneCallback)
                  00043bf8    0000001c                            : mac_timer.obj (.text:macTimerRemoveTimer)
                  00043c14    0000001c     oad_storage.obj (.text:oadFindExtFlImgAddr$7)
                  00043c30    0000001c     oad_protocol.obj (.text:processOadImgIdentifyReq$6)
                  00043c4c    0000001c     ssf.obj (.text:processPollTimeoutCallback$11)
                  00043c68    0000001c     ssf.obj (.text:processReadingTimeoutCallback$11)
                  00043c84    0000001c     maclib_secure_cc13x2.a : mac_rx.obj (.text:rxDone$25)
                  00043ca0    0000001c                            : saddr.obj (.text:sAddrExtCmp)
                  00043cbc    0000001c     rom_sysbios.aem4f : rom_sysbios.obj (.text:ti_sysbios_knl_Swi_construct2__E)
                  00043cd8    0000001a     drivers_cc13x2.a : LED.oem4f (.text:LED_toggle)
                  00043cf2    0000001a     maclib_osal_tirtos_cc13x2_26x2.a : osal_port.obj (.text:OsalPort_enterCS)
                  00043d0c    0000001a     drivers_cc13x2.a : PowerCC26X2.oem4f (.text:PowerCC26XX_calibrate)
                  00043d26    0000001a     api_mac.obj (.text:copyApiMacAddrToMacAddr)
                  00043d40    0000001a     maclib_secure_cc13x2.a : mac_hl_patch.obj (.text:macCheckPhyMode)
                  00043d5a    0000001a                            : mac_mcu.obj (.text:macMcuLongDiv)
                  00043d74    00000004     api_mac.obj (.text:ApiMac_mlmeGetReqArray)
                  00043d78    0000001a     rom_sysbios.aem4f : rom_sysbios_config.obj (.text:xdc_runtime_System_snprintf__E)
                  00043d92    00000002     --HOLE-- [fill = 0]
                  00043d94    00000018     driverlib.lib : chipinfo.obj (.text:NOROM_ChipInfo_GetPackageType)
                  00043dac    00000018     nvocmp.obj (.text:NVOCMP_expectCompApi$18)
                  00043dc4    00000018     nvocmp.obj (.text:NVOCMP_restoreCache$18)
                  00043ddc    00000018     maclib_osal_tirtos_cc13x2_26x2.a : osal_port.obj (.text:OsalPort_msgPush)
                  00043df4    00000018     drivers_cc13x2.a : PowerCC26X2.oem4f (.text:Power_idleFunc)
                  00043e0c    00000018     rf_multiMode_cc13x2.aem4f : RFCC26X2_multiMode.c.cc13x2.ccs.o (.text:RF_cancelCmd)
                  00043e24    00000018                               : RFCC26X2_multiMode.c.cc13x2.ccs.o (.text:RF_swiFsm)
                  00043e3c    00000018     dpl_cc13x2.a : SwiP_tirtos.oem4f (.text:SwiP_setPriority)
                  00043e54    00000018     drivers_cc13x2.a : TRNGCC26XX.oem4f (.text:TRNGCC26XX_startJob)
                  00043e6c    00000018                      : UART.oem4f (.text:UART_Params_init)
                  00043e84    00000018     rtsv7M4_T_le_v4SPD16_eabi.lib : args_main.c.obj (.text:_args_main)
                  00043e9c    00000018     ssf.obj (.text:collectorLedIndentifyAction$11)
                  00043eb4    00000018     api_mac.obj (.text:copyMacAddrToApiMacAddr$12)
                  00043ecc    00000018     flash_interface_int_rtos_NVS.obj (.text:flash_close)
                  00043ee4    00000018     maclib_secure_cc13x2.a : mac_symbol_timer.obj (.text:macCsmaTimerExpiry)
                  00043efc    00000018                            : mac_radio.obj (.text:macRadioSetTxPower)
                  00043f14    00000018                            : mac.obj (.text:macRxBackoffTimerExpiry)
                  00043f2c    00000018                            : mac_rx_onoff.obj (.text:macRxOnRequest)
                  00043f44    00000018                            : mac_autopend.obj (.text:macSrcMatchGetEnableBit$21)
                  00043f5c    00000018                            : mac_symbol_timer.obj (.text:macSymbolBCTimerPowerUp)
                  00043f74    00000018                            : mac_symbol_timer.obj (.text:macSymbolTimerRestore)
                  00043f8c    00000018                            : mac_symbol_timer.obj (.text:macSymbolTimerSetTriggerRollover)
                  00043fa4    00000018                            : mac_timer.obj (.text:macTimerSyncRollover)
                  00043fbc    00000018                            : mac.obj (.text:macTxBackoffTimerExpiry)
                  00043fd4    00000018                            : mac_hl_patch.obj (.text:macWrapper8ByteUnused)
                  00043fec    00000018     oad_client.obj (.text:oadClockCallback$8)
                  00044004    00000018     oad_client.obj (.text:oadRadioAccessAllocMsg)
                  0004401c    00000018     oad_protocol.obj (.text:processFwVersioRsp$6)
                  00044034    00000018     ssf.obj (.text:processMenuUpdate$11)
                  0004404c    00000018     oad_protocol.obj (.text:processOadImgIdentifyRsp$6)
                  00044064    00000018     rtsv7M4_T_le_v4SPD16_eabi.lib : ll_mul_t2.asm.obj (.text)
                  0004407c    00000018     maclib_secure_cc13x2.a : mac_rx.obj (.text:rxDiscardFrame$25)
                  00044094    00000018     jdllc.obj (.text:switchState$4)
                  000440ac    00000018     drivers_cc13x2.a : PowerCC26X2.oem4f (.text:switchToTCXO)
                  000440c4    00000018     app_oad_onchip_persistent_pem4f.oem4f (.text:ti_sysbios_BIOS_rtsUnlock__I)
                  000440dc    00000018     rom_sysbios.aem4f : rom_sysbios.obj (.text:ti_sysbios_gates_GateMutexPri_Instance_init__E)
                  000440f4    00000018                       : rom_sysbios.obj (.text:ti_sysbios_heaps_HeapCallback_Instance_init__E)
                  0004410c    00000018                       : rom_sysbios.obj (.text:ti_sysbios_knl_Swi_or__E)
                  00044124    00000018     maclib_secure_cc13x2.a : mac_tx.obj (.text:txCsmaGo$28)
                  0004413c    00000018     rom_sysbios.aem4f : rom_sysbios.obj (.text:xdc_runtime_Error_init__E)
                  00044154    00000018     app_oad_onchip_persistent_pem4f.oem4f (.text:xdc_runtime_Startup_exec__I)
                  0004416c    00000016     maclib_osal_tirtos_cc13x2_26x2.a : osal_port.obj (.text:OsalPort_leaveCS)
                  00044182    00000016     rf_multiMode_cc13x2.aem4f : RFCC26X2_multiMode.c.cc13x2.ccs.o (.text:RF_restartClockTimeout)
                  00044198    00000016     maclib_osal_tirtos_cc13x2_26x2.a : mac_util.obj (.text:Util_clearEvent)
                  000441ae    00000016                                      : mac_util.obj (.text:Util_parseUint32)
                  000441c4    00000016                                      : mac_util.obj (.text:Util_setEvent)
                  000441da    00000016     app_oad_onchip_persistent_pem4f.oem4f (.text:ti_sysbios_BIOS_exitFunc__I)
                  000441f0    00000016     rom_sysbios.aem4f : rom_sysbios.obj (.text:ti_sysbios_knl_Task_block__E)
                  00044206    00000002     --HOLE-- [fill = 0]
                  00044208    00000014     drivers_cc13x2.a : AESCCMCC26XX.oem4f (.text:AESCCM_init)
                  0004421c    00000014     cui.obj (.text:CUI_menuActionBack)
                  00044230    00000014     drivers_cc13x2.a : List.oem4f (.text:List_clearList)
                  00044244    00000014     macTask.obj (.text:MAC_CbackCheckPending)
                  00044258    00000014     macTask.obj (.text:MAC_CbackQueryRetransmit)
                  0004426c    00000014     maclib_secure_cc13x2.a : mac_autopend.obj (.text:MAC_SrcMatchCheckAllPending)
                  00044280    00000014     rf_multiMode_cc13x2.aem4f : rfc.c.cc13x2.ccs.o (.text:NOROM_RFCCpeIntGetAndClear)
                  00044294    00000014     drivers_cc13x2.a : PWM.oem4f (.text:PWM_Params_init)
                  000442a8    00000014                      : PowerCC26X2_calibrateRCOSC.oem4f (.text:PowerCC26X2_calibrate)
                  000442bc    00000014     rf_multiMode_cc13x2.aem4f : RFCC26X2_multiMode.c.cc13x2.ccs.o (.text:RF_Params_init)
                  000442d0    00000014                               : RFCC26X2_multiMode.c.cc13x2.ccs.o (.text:RF_RatConfigCompare_init)
                  000442e4    00000014                               : RFCC26X2_multiMode.c.cc13x2.ccs.o (.text:RF_dbellSyncOnAck)
                  000442f8    00000014                               : RFCC26X2_multiMode.c.cc13x2.ccs.o (.text:RF_flushCmd)
                  0004430c    00000014                               : RFCC26X2_multiMode.c.cc13x2.ccs.o (.text:RF_ratCompare)
                  00044320    00000014                               : RFCC26X2_multiMode.c.cc13x2.ccs.o (.text:RF_ratGetChannel)
                  00044334    00000014     drivers_cc13x2.a : StructRingBuf.oem4f (.text:StructRingBuf_construct)
                  00044348    00000014                      : TRNGCC26XX.oem4f (.text:TRNG_close)
                  0004435c    00000014     maclib_secure_cc13x2.a : mac_mcu.obj (.text:macMcuOverflowCapture)
                  00044370    00000014     oad_protocol.obj (.text:processFwVersioReq$6)
                  00044384    00000014     oad_protocol.obj (.text:processOadResetReq$6)
                  00044398    00000014     oad_protocol.obj (.text:processOadResetRsp$6)
                  000443ac    00000014     maclib_secure_cc13x2.a : saddr.obj (.text:sAddrCpy)
                  000443c0    00000014                            : saddr.obj (.text:sAddrExtCpy)
                  000443d4    00000014     rom_sysbios.aem4f : rom_sysbios.obj (.text:ti_sysbios_family_arm_cc26xx_Timer_getCount64__E)
                  000443e8    00000014     app_oad_onchip_persistent_pem4f.oem4f (.text:ti_sysbios_heaps_HeapCallback_Object__get__S)
                  000443fc    00000014     app_oad_onchip_persistent_pem4f.oem4f (.text:ti_sysbios_knl_Clock_doTick__I)
                  00044410    00000014     drivers_cc13x2.a : Button.oem4f (.text:timediff)
                  00044424    00000012                      : LED.oem4f (.text:LED_Params_init)
                  00044436    00000012     rf_multiMode_cc13x2.aem4f : RFCC26X2_multiMode.c.cc13x2.ccs.o (.text:RF_getCmdOp)
                  00044448    00000012     drivers_cc13x2.a : RingBuf.oem4f (.text:RingBuf_construct)
                  0004445a    00000012     dpl_cc13x2.a : SemaphoreP_tirtos.oem4f (.text:SemaphoreP_pend)
                  0004446c    00000010     drivers_cc13x2.a : AESCCM.oem4f (.text:AESCCM_Params_init)
                  0004447c    00000010                      : AESCCM.oem4f (.text:AESCCM_open)
                  0004448c    00000010                      : Button.oem4f (.text:Button_Params_init)
                  0004449c    00000010     dpl_cc13x2.a : ClockP_tirtos.oem4f (.text:ClockP_isActive)
                  000444ac    00000010     drivers_cc13x2.a : GPIOCC26XX.oem4f (.text:GPIO_getConfig)
                  000444bc    00000010     dpl_cc13x2.a : HwiP_tirtos.oem4f (.text:HwiP_Params_init)
                  000444cc    00000010     jdllc.obj (.text:Jdllc_getDefaultKey)
                  000444dc    00000010     main.obj (.text:Main_assertHandler)
                  000444ec    00000010     rf_multiMode_cc13x2.aem4f : rfc.c.cc13x2.ccs.o (.text:NOROM_RFCHwIntGetAndClear)
                  000444fc    00000010     drivers_cc13x2.a : PINCC26XX.oem4f (.text:PINCC26XX_getPinCount)
                  0004450c    00000010     rf_multiMode_cc13x2.aem4f : RFCC26X2_multiMode.c.cc13x2.ccs.o (.text:RF_dbellSubmitCmdAsync)
                  0004451c    00000010                               : RFCC26X2_multiMode.c.cc13x2.ccs.o (.text:RF_isClientOwner)
                  0004452c    00000010     dpl_cc13x2.a : SwiP_tirtos.oem4f (.text:SwiP_Params_init)
                  0004453c    00000010     maclib_osal_tirtos_cc13x2_26x2.a : util_timer.obj (.text:UtilTimer_isActive)
                  0004454c    00000010     oad_client.obj (.text:oadResetReqCb$8)
                  0004455c    00000010     rom_sysbios.aem4f : rom_sysbios.obj (.text:ti_sysbios_family_arm_m3_Hwi_post__E)
                  0004456c    00000010                       : rom_sysbios.obj (.text:ti_sysbios_gates_GateMutexPri_Instance_finalize__E)
[...]
20001d40  RF_cmdPropCsSlotted                                             
20001d5c  RF_cmdRadioSetup                                                
20001d7c  RF_cmdIEEECsma                                                  
20001d9c  RF_cmdPropTxAdv                                                 
20001dbc  RF_cmdPropRadioDivSetup                                         
20001dec  RF_cmdPropRxAdv                                                 
20001e1c  RF_cmdIEEERx                                                    
20001e58  taskCnt                                                         
20001e68  heapmgrMemFreeTotal                                             
20001e6c  heapmgrMemFreeError                                             
20001e78  HEAPMGR_SIZE                                                    
20001e7c  taskTbl                                                         
20001fe4  PowerCC26X2_module                                              
20002154  Ssf_resetReseason                                               
2000215a  Ssf_resetCount                                                  
20002188  ssfCuiHndl                                                      
2000219c  sensorStatusLine                                                
200022a8  ROM_stateStruct                                                 
200022a8  ti_sysbios_knl_Clock_Module__state__V                           
200022d4  ti_sysbios_family_arm_cc26xx_TimestampProvider_Module__state__V 
200022d8  xdc_runtime_Startup_Module__state__V                            
200022e0  xdc_runtime_Registry_Module__state__V                           
200022e8  ti_sysbios_BIOS_Module__state__V                                
2000230c  ti_sysbios_knl_Swi_Module__state__V                             
20002328  ti_sysbios_knl_Task_Module__state__V                            
2000236c  xdc_runtime_Memory_Module__state__V                             
20002370  xdc_runtime_System_Module__state__V                             
20002378  ti_sysbios_family_arm_m3_Hwi_Module__state__V                   
200023ac  ti_sysbios_family_arm_cc26xx_Timer_Module__state__V             
200023b4  initBroadcastMsg                                                
200023b6  parentFound                                                     
200023be  Jdllc_events                                                    
20002400  Jdllc_statistics                                                
200024ae  Sensor_events                                                   
200024b4  totalE2EDelaySum                                                
200024b8  endToEndDelay                                                   
20002500  Sensor_msgStats                                                 
2000257a  metaPage                                                        
2000266c  oadClientParams                                                 
20002698  oadImgIdPld                                                     
200026e0  reqAccessAlloc                                                  
200026e2  rxCmdHandle                                                     
200026e8  macRfDrvTblPtr                                                  
200026ec  lastPostCmd                                                     
200026f0  macSfdDetectCback                                               
200026f4  macTxTimestamp                                                  
200026f8  pMacRadioConfig                                                 
20002710  macRxOutputSubG                                                 
2000271c  macRxOutputIeee                                                 
2000272c  macFrmFilter                                                    
2000273c  macSrcShortAddrList                                             
20002758  macSrcExtAddrList                                               
20002788  macMRFSKGenPhyTable                                             
20002828  RF_prop_2gfsk50kbps154g                                         
20002838  txPowerTable_868_pa13                                           
2000289c  fhObject                                                        
2000290a  gAction                                                         
2000290b  NVOCMP_size                                                     
20002938  NVOCMP_nvHandle                                                 
20002968  FHIE_channelPlan                                                
200029bc  ti_sysbios_knl_Task_Object__table__V                            
20002a50  ti_sysbios_family_arm_cc26xx_Timer_Object__table__V             
20002aa0  pRfMode                                                         
20002aa4  pRfPowerTable                                                   
20002aa8  pMaxPower                                                       
20002aac  RF_handle                                                       
20002ab0  macPhyTxPower                                                   
20002ab8  RF_params                                                       
20002ad8  configureSubMenu                                                
20002b18  ssfMainMenu                                                     
20002b58  ti_sysbios_gates_GateMutex_Object__table__V                     
20002b90  appTaskId                                                       
20002b98  appEvents                                                       
20002ba0  ApiMac_extAddr                                                  
20002ba8  appSem                                                          
20002bc4  commissionSubMenu                                               
20002bf8  macBeaconPayload                                                
20002c2c  pMacDataTx                                                      
20002c30  macDataTxIndirect                                               
20002c34  macDataRequeueIndirect                                          
20002c38  macDataRxBeaconCritical                                         
20002c3c  macDataTxBeaconComplete                                         
20002c40  macDataSetSched                                                 
20002c44  macDataCheckSched                                               
20002c48  macDataCheckTxTime                                              
20002c4c  macDataBeaconRequeue                                            
20002c50  csmPhy                                                          
20002c54  macTimerRollover                                                
20002c58  macTimerNewRollover                                             
20002c5c  ti_sysbios_knl_Swi_Module_State_0_readyQ__A                     
20002c8c  ti_sysbios_knl_Swi_Object__table__V                             
20002cbc  ti_sysbios_knl_Task_Module_State_0_readyQ__A                    
20002cec  macSpecUsecsPerSymbol                                           
20002cf0  macPrevPeriodRatCount                                           
20002cf4  macSymbolTimerRollover                                          
20002cf8  macSymbolTimerTrigger                                           
20002d14  appSubMenu                                                      
20002d3c  pOverrides_2gfsk50kbps154g                                      
20002d64  macTxSlottedDelayFactor                                         
20002d65  macTxType                                                       
20002d66  macTxBe                                                         
20002d67  macTxGpInterframeDelay                                          
20002d68  txAckReq                                                        
20002d6b  txSeqn                                                          
20002d6d  numTx                                                           
20002d6e  macTxCsmaBackoffDelay                                           
20002d70  macCsmaRtcTimerId                                               
20002d74  macAckDbg                                                       
20002d88  _hposcCoeffs                                                    
20002dac  macActionSet                                                    
20002df0  macBeaconMargin                                                 
20002e10  ti_sysbios_knl_Clock_Object__table__V                           
20002e30  xdc_runtime_Error_IgnoreBlock                                   
20002e68  ti_sysbios_family_arm_m3_Hwi_Object__table__V                   
20002e80  txCmdHandle                                                     
20002e82  macRadioAckIeeeFrame                                            
20002e88  pMacEnhancedAck                                                 
20002e8c  macRadioAckFrame                                                
20002e94  macStateTbl                                                     
20002eb8  gpioCallbackFunctions                                           
20002ec8  gpioPinConfigs                                                  
20002ed8  macCfg                                                          
20002ee8  lastRatChanA                                                    
20002ee9  lastRatChanB                                                    
20002eea  macRxCmdActive                                                  
20002eeb  macTxCmdActive                                                  
20002eec  macFsCmdActive                                                  
20002eed  macRxPreempted                                                  
20002eee  macReqAccessCnt                                                 
20002ef0  macReqAccessTimeCnt                                             
20002ef2  macReqAccErrCnt                                                 
20002ef4  numRfCmd                                                        
20002ef5  numRxCmd                                                        
20002ef6  numRxPostCmd                                                    
20002f00  pClockHandleEDScan                                              
20002f04  FH_FSM                                                          
20002f10  ti_sysbios_heaps_HeapCallback_Object__table__V                  
20002f1c  _lock                                                           
20002f20  _unlock                                                         
20002f24  FH_txTiming                                                     
20002f2c  RFCC26XX_schedulerPolicy                                        
20002f34  pinUpperBound                                                   
20002f38  pinLowerBound                                                   
20002f44  ti_sysbios_family_arm_m3_Hwi_Module__root__V                    
20002f4c  ti_sysbios_gates_GateHwi_Module__root__V                        
20002f54  ti_sysbios_gates_GateMutexPri_Module__root__V                   
20002f5c  ti_sysbios_gates_GateMutex_Module__root__V                      
20002f64  ti_sysbios_hal_Hwi_Module__root__V                              
20002f6c  ti_sysbios_heaps_HeapCallback_Module__root__V                   
20002f74  ti_sysbios_heaps_HeapMem_Module__root__V                        
20002f7c  ti_sysbios_knl_Clock_Module__root__V                            
20002f84  ti_sysbios_knl_Event_Module__root__V                            
20002f8c  ti_sysbios_knl_Mailbox_Module__root__V                          
20002f94  ti_sysbios_knl_Queue_Module__root__V                            
20002f9c  ti_sysbios_knl_Semaphore_Module__root__V                        
20002fa4  ti_sysbios_knl_Swi_Module__root__V                              
20002fac  ti_sysbios_knl_Task_Module__root__V                             
20002fb9  CryptoResourceCC26XX_pollingFlag                                
20002fc0  macAddrSize                                                     
20002fc4  macTasksEvents                                                  
20002fc8  macTxSlottedDelay                                               
20002fc9  bInSwi                                                          
20002fca  macSrcMatchIsEnabled                                            
20002fcb  macRadioYielded                                                 
20002fcc  errno                                                           
20002fd0  main_func_sp                                                    
20002fd4  ti_sysbios_family_arm_m3_Hwi_Module_State_0_excContext__A       
20002fd8  ti_sysbios_family_arm_m3_Hwi_Module_State_0_excStack__A         
20002fdc  ti_sysbios_knl_Task_Module_State_0_idleTask__A                  
20002fe2  ti_sysbios_family_arm_m3_Hwi_Module_State_0_excActive__A        
20002fe6  macSleepState                                                   
20002fe8  ti_sysbios_knl_Task_Instance_State_0_stack__A                   
200031e8  uartCC26XXObjects                                               
2000339c  crcBuf                                                          
2000349c  enhancedAckBuf                                                  
20003690  ti_sysbios_family_arm_m3_Hwi_dispatchTable                      
20003768  LEDObjects                                                      
20003820  FHPIB_db                                                        
200038ac  FH_hnd                                                          
20003934  macPib                                                          
200039bc  pinHandleTable                                                  
20003a38  FHNT_tableOpt                                                   
20003ab4  macScan                                                         
20003b58  ButtonObjects                                                   
20003ba8  CryptoResourceCC26XX_accessSemaphore                            
20003bf8  CryptoResourceCC26XX_operationSemaphore                         
20003c48  cuiMultiMenuData                                                
20003c94  FHFSM_Dbg                                                       
20003cd6  driverlib_release_0_59146                                       
20003cd7  macAckTxActive                                                  
20003cd8  macSecurityPib                                                  
20003d18  macBeaconCoord                                                  
20003d54  FHNT_hnd                                                        
20003d8c  macDeviceAction1                                                
20003df8  macBeaconDevice                                                 
20003e2c  macMgmtAction1                                                  
20003e5c  macCoord                                                        
20003e88  macDevice                                                       
20003eb4  macRxFilter                                                     
20003eb5  rxPromiscuousMode                                               
20003eb8  rxSeqNum                                                        
20003ec0  macRxDataEntryOffset                                            
20003ec4  rxRadioBufferPtr                                                
20003ed4  macRxDataEntryQueue                                             
20003f3c  macBeacon                                                       
20003fb0  CryptoResourceCC26XX_hwi                                        
20003fcc  macCoordAction2                                                 
20003fe8  macReset                                                        
20004004  aesccmCC26XXObjects                                             
2000401c  macScanAction                                                   
2000405c  macDeviceAction2                                                
20004070  macMgmtAction2                                                  
20004084  macBeaconDeviceAction                                           
20004094  macCoordAction3                                                 
200040a4  macData                                                         
200040b4  macDataTxDelay                                                  
200040dc  FH_PibTbl                                                       
200040e8  macMain                                                         
200040fc  FHNT_tempTable                                                  
20004104  macBeaconCoordAction1                                           
2000410c  macCoordAction1                                                 
20004114  FHNT_Dbg                                                        
2000411a  macMgmt                                                         
2000411b  macPanCoordinator                                               
20004120  AESCCM_handle                                                   
20004124  FH_test_var                                                     
20004128  PowerCC26XX_swiKey                                              
2000412c  PowerCC26XX_taskKey                                             
20004130  macCryptoDrvTblPtr                                              
20004134  macRxSymbol                                                     
20004138  macTimerActive                                                  
2000413c  nvsCC26XXObjects                                                
20004140  timerAlignedQ                                                   
20004144  timerUnalignedQ                                                 
20004148  macPhyChannel                                                   
20004149  macPwr                                                          
2000414a  macRxActive                                                     
2000414b  macRxEnableFlags                                                
2000414c  macRxOutgoingAckFlag                                            
2000414d  macSymbolTimerImpending                                         
2000414e  macTaskId                                                       
2000414f  macTxActive                                                     
20004150  macUnitBackoffPeriod                                            
20004151  rxFhRsl                                                         
20004152  heapStart                                                       
20013aa0  __stack                                                         
20013aa0  heapEnd                                                         
20014000  __STACK_END                                                     
20014000  __STACK_TOP                                                     
e000e000  ti_sysbios_family_arm_m3_Hwi_nvic                               
ffffffff  __TI_pprof_out_hndl                                             
ffffffff  __TI_prof_data_size                                             
ffffffff  __TI_prof_data_start                                            
ffffffff  __binit__                                                       
ffffffff  __c_args__                                                      
ffffffff  binit                                                           
UNDEFED   ITM_flush                                                       
UNDEFED   ITM_restore                                                     
UNDEFED   PWM_config                                                      
UNDEFED   PWM_count                                                       
UNDEFED   SHT$$INIT_ARRAY$$Base                                           
UNDEFED   SHT$$INIT_ARRAY$$Limit                                          

[1903 symbols]
